   668: 80003270     0 FUNC    GLOBAL DEFAULT    1 __init
   926: 800046e0    72 FUNC    GLOBAL HIDDEN     2 __eabi
    47: 80004728     0 FUNC    LOCAL  DEFAULT    2 deregister_tm_clones
    48: 80004758     0 FUNC    LOCAL  DEFAULT    2 register_tm_clones
    49: 80004794     0 FUNC    LOCAL  DEFAULT    2 __do_global_dtors_aux
    52: 80004864     0 FUNC    LOCAL  DEFAULT    2 frame_dummy
   877: 800048ac    64 FUNC    GLOBAL DEFAULT    2 __crtmain
   821: 800048ec   344 FUNC    GLOBAL DEFAULT    2 _ZN6Engine10readSFloatEv
   628: 80004a44   304 FUNC    GLOBAL DEFAULT    2 _ZN6Engine8readSIntEv
   539: 80004b74   296 FUNC    GLOBAL DEFAULT    2 _ZN6Engine9readStackEv
  1023: 80004c9c   332 FUNC    GLOBAL DEFAULT    2 _ZN6Engine10readUFloatEv
   913: 80004de8   328 FUNC    GLOBAL DEFAULT    2 _ZN6Engine8readUIntEv
   653: 80004f30   356 FUNC    GLOBAL DEFAULT    2 _ZN6Engine15prepareStackArgEv
   647: 80005094   176 FUNC    GLOBAL DEFAULT    2 _ZN6Engine11syntaxErrorEPKcz
   619: 80005144   236 FUNC    GLOBAL DEFAULT    2 _ZN6Engine10runCommandEPKcS1_
   773: 80005230   488 FUNC    GLOBAL DEFAULT    2 _ZN6Engine3runEPKc
   671: 80005418   844 FUNC    GLOBAL DEFAULT    2 _ZN6Engine14prepareNextArgEv
   852: 80005764    48 FUNC    GLOBAL DEFAULT    2 _ZN6Engine8getStackEv
   855: 80005794    48 FUNC    GLOBAL DEFAULT    2 _ZN6Engine7getSIntEv
   581: 800057c4    48 FUNC    GLOBAL DEFAULT    2 _ZN6Engine7getUIntEv
  1035: 800057f4    48 FUNC    GLOBAL DEFAULT    2 _ZN6Engine9getSFloatEv
   698: 80005824   176 FUNC    GLOBAL DEFAULT    2 _ZN6Engine12runtimeErrorEPKcz
  1011: 800058d4   104 FUNC    GLOBAL DEFAULT    2 _ZN6Engine8putStackE10StackValue
   829: 8000593c    48 FUNC    GLOBAL DEFAULT    2 _ZN6Engine6putIntEi
  1027: 8000596c    56 FUNC    GLOBAL DEFAULT    2 _ZN6Engine8putFloatEf
   567: 800059a4   496 FUNC    GLOBAL DEFAULT    2 _ZN6Engine9dumpStackEPci
  1036: 80005b94   272 FUNC    GLOBAL DEFAULT    2 _Z14processRequestPKc
   967: 80005ca4     8 FUNC    GLOBAL DEFAULT    2 _Z9makeIdentPKc
   584: 80005cac    52 FUNC    GLOBAL DEFAULT    2 _ZN6Engine7cmd_intEv
   798: 80005ce0    72 FUNC    GLOBAL DEFAULT    2 _ZN6Engine8cmd_addiEv
   907: 80005d28    72 FUNC    GLOBAL DEFAULT    2 _ZN6Engine8cmd_muliEv
   606: 80005d70    48 FUNC    GLOBAL DEFAULT    2 _ZN6Engine9cmd_floatEv
   461: 80005da0    72 FUNC    GLOBAL DEFAULT    2 _ZN6Engine8cmd_addfEv
   686: 80005de8    72 FUNC    GLOBAL DEFAULT    2 _ZN6Engine8cmd_mulfEv
   901: 80005e30     4 FUNC    GLOBAL DEFAULT    2 _ZN6Engine7cmd_delEv
   726: 80005e34   108 FUNC    GLOBAL DEFAULT    2 _ZN6Engine7cmd_dupEv
   697: 80005ea0    64 FUNC    GLOBAL DEFAULT    2 _ZN6Engine9cmd_stackEv
   662: 80005ee0   140 FUNC    GLOBAL DEFAULT    2 _ZN6Engine7cmd_rptEv
   782: 80005f6c    92 FUNC    GLOBAL DEFAULT    2 _ZN6Engine8cmd_dropEv
   727: 80005fc8   208 FUNC    GLOBAL DEFAULT    2 _ZN6Engine8cmd_polyEv
   987: 80006098   308 FUNC    GLOBAL DEFAULT    2 _ZN6Engine10cmd_weightEv
  1001: 800061cc   296 FUNC    GLOBAL DEFAULT    2 _ZN6Engine11cmd_inspectEv
   840: 800062f4   188 FUNC    GLOBAL DEFAULT    2 _ZN6Engine9cmd_locknEv
   791: 800063b0   204 FUNC    GLOBAL DEFAULT    2 _ZN6Engine8cmd_setnEv
   817: 8000647c   496 FUNC    GLOBAL DEFAULT    2 _ZN6Engine8cmd_getnEv
   182: 8000666c   456 FUNC    LOCAL  DEFAULT    2 _ZZN6Engine8cmd_userEvENKUliiiE_clEiii.isra.0
   900: 80006834   532 FUNC    GLOBAL DEFAULT    2 _ZN6Engine12cmd_otp_syncEv
   528: 80006a48   608 FUNC    GLOBAL DEFAULT    2 _ZN6Engine12cmd_otp_initEv
   692: 80006ca8   592 FUNC    GLOBAL DEFAULT    2 _ZN6Engine12cmd_otp_authEv
   684: 80006ef8   492 FUNC    GLOBAL DEFAULT    2 _ZN6Engine8cmd_userEv
   184: 800070e4    12 FUNC    LOCAL  DEFAULT    2 _ZL12oc_if_func11v
   185: 800070f0    40 FUNC    LOCAL  DEFAULT    2 _GLOBAL__sub_I__Z7sleepNsy
   467: 80007118   164 FUNC    GLOBAL DEFAULT    2 _ZN15CustomArgParser7setTextEPKcS1_
   788: 800071bc   104 FUNC    GLOBAL DEFAULT    2 _ZN15CustomArgParser8getQuantEv
   609: 80007224   212 FUNC    GLOBAL DEFAULT    2 _ZN15CustomArgParser16decompressBase64Ev
   190: 800072f8   284 FUNC    LOCAL  DEFAULT    2 _ZL14ugTransferBulkiPvib
   191: 80007414   100 FUNC    LOCAL  DEFAULT    2 _ZL12oc_if_func98v
   504: 80007478   224 FUNC    GLOBAL DEFAULT    2 _Z7ugFlushi
   861: 80007558     8 FUNC    GLOBAL DEFAULT    2 _Z14ugSendBlockingiPKvi
   575: 80007560     8 FUNC    GLOBAL DEFAULT    2 _Z14ugRecvBlockingiPvi
   192: 80007568    40 FUNC    LOCAL  DEFAULT    2 _GLOBAL__sub_I__Z7ugProbei
   810: 80007590   500 FUNC    GLOBAL DEFAULT    2 main
  1009: 80007784   476 FUNC    GLOBAL DEFAULT    2 _Z12base64DecodePKcPPvPi
   198: 80007960    88 FUNC    LOCAL  DEFAULT    2 __exi_irq_handler
   199: 800079b8   200 FUNC    LOCAL  DEFAULT    2 __ext_irq_handler
   200: 80007a80   320 FUNC    LOCAL  DEFAULT    2 __tc_irq_handler
   201: 80007bc0   508 FUNC    LOCAL  DEFAULT    2 __exi_probe
   202: 80007dbc   248 FUNC    LOCAL  DEFAULT    2 __exi_attach
   746: 80007eb4   536 FUNC    GLOBAL DEFAULT    2 EXI_Lock
   859: 800080cc   552 FUNC    GLOBAL DEFAULT    2 EXI_Unlock
   497: 800082f4   584 FUNC    GLOBAL DEFAULT    2 EXI_Select
   709: 8000853c   372 FUNC    GLOBAL DEFAULT    2 EXI_Deselect
   802: 800086b0   216 FUNC    GLOBAL DEFAULT    2 EXI_Sync
   927: 80008788   452 FUNC    GLOBAL DEFAULT    2 EXI_Imm
   509: 8000894c   212 FUNC    GLOBAL DEFAULT    2 EXI_ImmEx
   978: 80008a20   364 FUNC    GLOBAL DEFAULT    2 EXI_Dma
   772: 80008b8c   216 FUNC    GLOBAL DEFAULT    2 EXI_Detach
   896: 80008c64   824 FUNC    GLOBAL DEFAULT    2 EXI_GetID
   203: 80008f9c    40 FUNC    LOCAL  DEFAULT    2 __unlocked_handler
   976: 80008fc4   112 FUNC    GLOBAL DEFAULT    2 EXI_ProbeReset
   598: 80009034   396 FUNC    GLOBAL DEFAULT    2 __exi_init
   944: 800091c0    20 FUNC    GLOBAL DEFAULT    2 __reload
   210: 800091d4   188 FUNC    LOCAL  DEFAULT    2 __call_resetfuncs
   211: 80009290    20 FUNC    LOCAL  DEFAULT    2 __MEMInterruptHandler
   212: 800092a4     4 FUNC    LOCAL  DEFAULT    2 __RSWDefaultHandler
   213: 800092a8   244 FUNC    LOCAL  DEFAULT    2 __RSWHandler
   216: 8000939c   296 FUNC    LOCAL  DEFAULT    2 __sram_write
   218: 800094c4   380 FUNC    LOCAL  DEFAULT    2 __unlocksram
   217: 80009640    84 FUNC    LOCAL  DEFAULT    2 __sram_writecallback
   219: 80009694    72 FUNC    LOCAL  DEFAULT    2 __mem_onreset
   220: 800096dc   240 FUNC    LOCAL  DEFAULT    2 __sys_alarmhandler
   221: 800097cc   320 FUNC    LOCAL  DEFAULT    2 __sram_read.constprop.11
   617: 8000990c     4 FUNC    WEAK   DEFAULT    2 __SYS_PreInit
   850: 80009910     4 FUNC    GLOBAL DEFAULT    2 SYS_PreMain
   838: 80009914    24 FUNC    GLOBAL DEFAULT    2 SYS_ResetButtonDown
   940: 8000992c   772 FUNC    GLOBAL DEFAULT    2 SYS_ResetSystem
   540: 80009c30    52 FUNC    GLOBAL DEFAULT    2 __libogc_exit
  1022: 80009c64   120 FUNC    GLOBAL DEFAULT    2 SYS_RegisterResetFunc
   812: 80009cdc  1808 FUNC    GLOBAL DEFAULT    2 SYS_Init
   803: 8000a3ec    56 FUNC    GLOBAL DEFAULT    2 SYS_SetArena1Lo
   639: 8000a424    56 FUNC    GLOBAL DEFAULT    2 SYS_GetArena1Lo
   690: 8000a45c    56 FUNC    GLOBAL DEFAULT    2 SYS_GetArena1Hi
   849: 8000a494   288 FUNC    GLOBAL DEFAULT    2 SYS_CreateAlarm
   736: 8000a5b4   496 FUNC    GLOBAL DEFAULT    2 SYS_SetAlarm
   881: 8000a7a4   208 FUNC    GLOBAL DEFAULT    2 SYS_CancelAlarm
   708: 8000a874   148 FUNC    GLOBAL DEFAULT    2 SYS_SetWirelessID
   538: 8000a908   160 FUNC    GLOBAL DEFAULT    2 SYS_GetWirelessID
   492: 8000a9a8    20 FUNC    GLOBAL DEFAULT    2 __lwp_cond_init
   586: 8000a9bc     4 FUNC    GLOBAL DEFAULT    2 __decrementer_init
   842: 8000a9c0    12 FUNC    GLOBAL DEFAULT    2 c_decrementer_handler
   590: 8000a9cc    20 FUNC    GLOBAL DEFAULT    2 __lwp_mqbox_init
   234: 8000a9e0   352 FUNC    LOCAL  DEFAULT    2 __si_transfer
   235: 8000ab40   224 FUNC    LOCAL  DEFAULT    2 __si_alarmhandler
   236: 8000ac20   468 FUNC    LOCAL  DEFAULT    2 __si_completetransfer
   237: 8000adf4   232 FUNC    LOCAL  DEFAULT    2 __si_transfernext
   612: 8000aedc    24 FUNC    GLOBAL DEFAULT    2 SI_Busy
   935: 8000aef4    56 FUNC    GLOBAL DEFAULT    2 SI_IsChanBusy
   597: 8000af2c   100 FUNC    GLOBAL DEFAULT    2 SI_SetXY
   722: 8000af90   132 FUNC    GLOBAL DEFAULT    2 SI_EnablePolling
   827: 8000b014    88 FUNC    GLOBAL DEFAULT    2 SI_DisablePolling
   895: 8000b06c   228 FUNC    GLOBAL DEFAULT    2 SI_SetSamplingRate
   525: 8000b150     8 FUNC    GLOBAL DEFAULT    2 SI_RefreshSamplingRate
   491: 8000b158   120 FUNC    GLOBAL DEFAULT    2 SI_GetStatus
   551: 8000b1d0   128 FUNC    GLOBAL DEFAULT    2 SI_GetResponseRaw
  1004: 8000b250   184 FUNC    GLOBAL DEFAULT    2 SI_GetResponse
   645: 8000b308    16 FUNC    GLOBAL DEFAULT    2 SI_SetCommand
   807: 8000b318   664 FUNC    GLOBAL DEFAULT    2 SI_Transfer
   239: 8000b5b0   724 FUNC    LOCAL  DEFAULT    2 __si_gettypecallback
   240: 8000b884   624 FUNC    LOCAL  DEFAULT    2 __si_interrupthandler
   675: 8000baf4   472 FUNC    GLOBAL DEFAULT    2 SI_GetType
   580: 8000bccc   312 FUNC    GLOBAL DEFAULT    2 SI_GetTypeAsync
   923: 8000be04   172 FUNC    GLOBAL DEFAULT    2 SI_EnablePollingInterrupt
   670: 8000beb0   220 FUNC    GLOBAL DEFAULT    2 SI_UnregisterPollingHandler
   875: 8000bf8c   248 FUNC    GLOBAL DEFAULT    2 __si_init
   990: 8000c084     8 FUNC    GLOBAL DEFAULT    2 gettick
   924: 8000c08c    24 FUNC    GLOBAL DEFAULT    2 gettime
   985: 8000c0a4   136 FUNC    GLOBAL DEFAULT    2 diff_usec
   929: 8000c12c    28 FUNC    GLOBAL DEFAULT    2 __timesystem_init
   757: 8000c148   172 FUNC    GLOBAL DEFAULT    2 udelay
   822: 8000c1f4   368 FUNC    GLOBAL DEFAULT    2 __libogc_nanosleep
   963: 8000c364   212 FUNC    GLOBAL DEFAULT    2 __libogc_gettod_r
   498: 8000c438   120 FUNC    GLOBAL DEFAULT    2 __libogc_lock_init
   533: 8000c4b0   100 FUNC    GLOBAL DEFAULT    2 __libogc_lock_close
   962: 8000c514    32 FUNC    GLOBAL DEFAULT    2 __libogc_lock_acquire
   568: 8000c534    32 FUNC    GLOBAL DEFAULT    2 __libogc_lock_release
   596: 8000c554    16 FUNC    GLOBAL DEFAULT    2 __libc_create_hook
   610: 8000c564   156 FUNC    GLOBAL DEFAULT    2 __libc_start_hook
   751: 8000c600   252 FUNC    GLOBAL DEFAULT    2 __libc_delete_hook
   652: 8000c6fc   176 FUNC    GLOBAL DEFAULT    2 __libc_init
   507: 8000c7ac   224 FUNC    GLOBAL DEFAULT    2 __libogc_sbrk_r
   687: 8000c88c   124 FUNC    GLOBAL DEFAULT    2 __memlock_init
   657: 8000c908   504 FUNC    GLOBAL DEFAULT    2 __libogc_malloc_lock
   627: 8000cb00   100 FUNC    GLOBAL DEFAULT    2 __libogc_malloc_unlock
   892: 8000cb64   128 FUNC    GLOBAL DEFAULT    2 __CheckARGV
   894: 8000cbe4    36 FUNC    GLOBAL DEFAULT    2 __lwp_priority_init
   480: 8000cc08    96 FUNC    GLOBAL DEFAULT    2 __lwp_queue_initialize
   922: 8000cc68   116 FUNC    GLOBAL DEFAULT    2 __lwp_queue_get
   950: 8000ccdc    76 FUNC    GLOBAL DEFAULT    2 __lwp_queue_append
   958: 8000cd28   324 FUNC    GLOBAL DEFAULT    2 __lwp_threadqueue_enqueuefifo
   719: 8000ce6c   332 FUNC    GLOBAL DEFAULT    2 __lwp_threadqueue_dequeuefifo
   558: 8000cfb8   992 FUNC    GLOBAL DEFAULT    2 __lwp_threadqueue_enqueuepriority
   488: 8000d398   472 FUNC    GLOBAL DEFAULT    2 __lwp_threadqueue_dequeuepriority
   489: 8000d570   100 FUNC    GLOBAL DEFAULT    2 __lwp_threadqueue_init
   689: 8000d5d4   312 FUNC    GLOBAL DEFAULT    2 __lwp_threadqueue_enqueue
   642: 8000d70c    36 FUNC    GLOBAL DEFAULT    2 __lwp_threadqueue_dequeue
   843: 8000d730    76 FUNC    GLOBAL DEFAULT    2 __lwp_threadqueue_flush
   615: 8000d77c   232 FUNC    GLOBAL DEFAULT    2 __lwp_threadqueue_extractfifo
   648: 8000d864   320 FUNC    GLOBAL DEFAULT    2 __lwp_threadqueue_extractpriority
   659: 8000d9a4    28 FUNC    GLOBAL DEFAULT    2 __lwp_threadqueue_extract
   269: 8000d9c0   136 FUNC    LOCAL  DEFAULT    2 __lwp_threadqueue_timeout
   543: 8000da48    68 FUNC    GLOBAL DEFAULT    2 __lwp_threadqueue_extractproxy
   811: 8000da8c     8 FUNC    GLOBAL DEFAULT    2 __lwp_isr_in_progress
   477: 8000da94   136 FUNC    GLOBAL DEFAULT    2 __thread_dispatch_fp
   611: 8000db1c   272 FUNC    GLOBAL DEFAULT    2 __thread_dispatch
   556: 8000dc2c   236 FUNC    GLOBAL DEFAULT    2 __lwp_thread_resettimeslice
   984: 8000dd18   204 FUNC    GLOBAL DEFAULT    2 __lwp_thread_tickle_timeslice
   954: 8000dde4   376 FUNC    GLOBAL DEFAULT    2 __lwp_thread_setstate
   578: 8000df5c   228 FUNC    GLOBAL DEFAULT    2 __lwp_thread_clearstate
   982: 8000e040    72 FUNC    GLOBAL DEFAULT    2 __lwp_thread_delayended
   702: 8000e088   180 FUNC    GLOBAL DEFAULT    2 __lwp_thread_settransient
  1012: 8000e13c   504 FUNC    GLOBAL DEFAULT    2 __lwp_thread_changepriority
   676: 8000e334   244 FUNC    GLOBAL DEFAULT    2 __lwp_thread_ready
  1019: 8000e428   384 FUNC    GLOBAL DEFAULT    2 __lwp_thread_init
   880: 8000e5a8   304 FUNC    GLOBAL DEFAULT    2 __lwp_thread_close
   574: 8000e6d8   184 FUNC    GLOBAL DEFAULT    2 __lwp_thread_closeall
   650: 8000e790    92 FUNC    GLOBAL DEFAULT    2 __lwp_thread_exit
   271: 8000e7ec   180 FUNC    LOCAL  DEFAULT    2 __lwp_thread_handler
   582: 8000e8a0   212 FUNC    GLOBAL DEFAULT    2 __lwp_thread_start
   908: 8000e974   176 FUNC    GLOBAL DEFAULT    2 __lwp_thread_startmultitasking
   957: 8000ea24    88 FUNC    GLOBAL DEFAULT    2 __lwp_thread_stopmultitasking
   563: 8000ea7c   176 FUNC    GLOBAL DEFAULT    2 __lwp_thread_coreinit
   274: 8000eb2c     4 FUNC    LOCAL  DEFAULT    2 idle_func
   866: 8000eb30   280 FUNC    GLOBAL DEFAULT    2 __lwp_sysinit
  1033: 8000ec48   336 FUNC    GLOBAL DEFAULT    2 LWP_InitQueue
   905: 8000ed98   272 FUNC    GLOBAL DEFAULT    2 LWP_ThreadSleep
   493: 8000eea8   136 FUNC    GLOBAL DEFAULT    2 LWP_ThreadBroadcast
   936: 8000ef30    96 FUNC    GLOBAL DEFAULT    2 __lwp_stack_allocate
   729: 8000ef90    28 FUNC    GLOBAL DEFAULT    2 __lwp_stack_free
   767: 8000efac   164 FUNC    GLOBAL DEFAULT    2 __lwp_mutex_initialize
   683: 8000f050   372 FUNC    GLOBAL DEFAULT    2 __lwp_mutex_surrender
   898: 8000f1c4   260 FUNC    GLOBAL DEFAULT    2 __lwp_mutex_seize_irq_blocking
   530: 8000f2c8     4 FUNC    GLOBAL DEFAULT    2 __lwp_mutex_flush
   278: 8000f2cc   216 FUNC    LOCAL  DEFAULT    2 __lwp_wd_settimer.isra.4
   775: 8000f3a4    44 FUNC    GLOBAL DEFAULT    2 __lwp_watchdog_init
   591: 8000f3d0   484 FUNC    GLOBAL DEFAULT    2 __lwp_wd_insert
   848: 8000f5b4   324 FUNC    GLOBAL DEFAULT    2 __lwp_wd_remove
   707: 8000f6f8   288 FUNC    GLOBAL DEFAULT    2 __lwp_wd_tickle
   703: 8000f818   196 FUNC    GLOBAL DEFAULT    2 __lwp_wkspace_init
   535: 8000f8dc   420 FUNC    GLOBAL DEFAULT    2 __lwp_objmgr_initinfo
   994: 8000fa80    96 FUNC    GLOBAL DEFAULT    2 __lwp_objmgr_getisrdisable
   933: 8000fae0    36 FUNC    GLOBAL DEFAULT    2 __lwp_objmgr_getnoprotection
   837: 8000fb04   112 FUNC    GLOBAL DEFAULT    2 __lwp_objmgr_get
   830: 8000fb74   136 FUNC    GLOBAL DEFAULT    2 __lwp_objmgr_allocate
   494: 8000fbfc    96 FUNC    GLOBAL DEFAULT    2 __lwp_objmgr_free
   474: 8000fc5c   164 FUNC    GLOBAL DEFAULT    2 __lwp_heap_init
   858: 8000fd00   364 FUNC    GLOBAL DEFAULT    2 __lwp_heap_allocate
   754: 8000fe6c   392 FUNC    GLOBAL DEFAULT    2 __lwp_heap_free
   514: 8000fff4   164 FUNC    GLOBAL DEFAULT    2 __exception_load
   956: 80010098    32 FUNC    GLOBAL DEFAULT    2 __systemcall_init
   691: 800100b8   216 FUNC    GLOBAL DEFAULT    2 __exception_init
   560: 80010190   172 FUNC    GLOBAL DEFAULT    2 __exception_close
   735: 8001023c    84 FUNC    GLOBAL DEFAULT    2 __exception_closeall
  1025: 80010290  1108 FUNC    GLOBAL DEFAULT    2 c_default_exceptionhandler
   290: 800106e4   652 FUNC    LOCAL  DEFAULT    2 __SetInterrupts
   739: 80010970   624 FUNC    GLOBAL DEFAULT    2 c_irqdispatcher
   741: 80010be0   132 FUNC    GLOBAL DEFAULT    2 __UnmaskIrq
   725: 80010c64   132 FUNC    GLOBAL DEFAULT    2 __MaskIrq
  1010: 80010ce8   156 FUNC    GLOBAL DEFAULT    2 __irq_init
   937: 80010d84    80 FUNC    GLOBAL DEFAULT    2 IRQ_Request
   753: 80010dd4    68 FUNC    GLOBAL DEFAULT    2 IRQ_GetHandler
   816: 80010e18    20 FUNC    GLOBAL DEFAULT    2 __lwp_sema_init
   851: 80010e2c   572 FUNC    GLOBAL DEFAULT    2 VIDEO_SetFramebuffer
   643: 80011068   120 FUNC    GLOBAL DEFAULT    2 VIDEO_GetCurrentTvMode
   710: 800110e0   156 FUNC    GLOBAL DEFAULT    2 VIDEO_GetCurrentLine
   305: 8001117c   260 FUNC    LOCAL  DEFAULT    2 SPEC0_MakeStatus
   306: 80011280   260 FUNC    LOCAL  DEFAULT    2 SPEC1_MakeStatus
   307: 80011384   596 FUNC    LOCAL  DEFAULT    2 SPEC2_MakeStatus
   308: 800115d8     4 FUNC    LOCAL  DEFAULT    2 __pad_samplinghandler
   309: 800115dc    80 FUNC    LOCAL  DEFAULT    2 __pad_doreset
   313: 8001162c   160 FUNC    LOCAL  DEFAULT    2 __pad_updateorigin
   314: 800116cc   192 FUNC    LOCAL  DEFAULT    2 __pad_disable
   319: 8001178c    92 FUNC    LOCAL  DEFAULT    2 __pad_enable
   312: 800117e8   356 FUNC    LOCAL  DEFAULT    2 __pad_typeandstatuscallback
   325: 8001194c    72 FUNC    LOCAL  DEFAULT    2 __pad_probecallback
   322: 80011994    56 FUNC    LOCAL  DEFAULT    2 __pad_origincallback
   326: 800119cc   120 FUNC    LOCAL  DEFAULT    2 __pad_originupdatecallback
   327: 80011a44   136 FUNC    LOCAL  DEFAULT    2 __pad_receivecheckcallback
   328: 80011acc    84 FUNC    LOCAL  DEFAULT    2 PAD_SetSpec.part.3
   330: 80011b20   264 FUNC    LOCAL  DEFAULT    2 __pad_onreset
   534: 80011c28    88 FUNC    GLOBAL DEFAULT    2 __PADDisableRecalibration
   721: 80011c80   240 FUNC    GLOBAL DEFAULT    2 PAD_Reset
   520: 80011d70   764 FUNC    GLOBAL DEFAULT    2 PAD_Read
   912: 8001206c   208 FUNC    GLOBAL DEFAULT    2 PAD_Init
   742: 8001213c   340 FUNC    GLOBAL DEFAULT    2 PAD_ScanPads
   713: 80012290    56 FUNC    GLOBAL DEFAULT    2 PAD_ButtonsDown
   339: 800122c8   660 FUNC    LOCAL  DEFAULT    2 __lwp_mutex_locksupp.constprop.8
   730: 8001255c    20 FUNC    GLOBAL DEFAULT    2 __lwp_mutex_init
   826: 80012570   228 FUNC    GLOBAL DEFAULT    2 LWP_MutexInit
   531: 80012654   240 FUNC    GLOBAL DEFAULT    2 LWP_MutexDestroy
   969: 80012744     8 FUNC    GLOBAL DEFAULT    2 LWP_MutexLock
   774: 8001274c   156 FUNC    GLOBAL DEFAULT    2 LWP_MutexUnlock
   344: 800127e8   160 FUNC    LOCAL  DEFAULT    2 __GX_WaitAbort
   918: 80012888   512 FUNC    GLOBAL DEFAULT    2 GX_AbortFrame
   348: 80012a88   828 FUNC    LOCAL  DEFAULT    2 number
   637: 80012dc4  1888 FUNC    GLOBAL DEFAULT    2 kvsprintf
   925: 80013524   172 FUNC    GLOBAL DEFAULT    2 kprintf
   350: 800135d0   132 FUNC    LOCAL  DEFAULT    2 __console_clear_line
   352: 80013654    84 FUNC    LOCAL  DEFAULT    2 __console_clear
   761: 800136a8  1800 FUNC    GLOBAL DEFAULT    2 __console_write
   547: 80013db0   264 FUNC    GLOBAL DEFAULT    2 __console_init
   483: 80013eb8   256 FUNC    GLOBAL DEFAULT    2 CON_EnableGecko
   359: 80013fb8    48 FUNC    LOCAL  DEFAULT    2 __usbgecko_exi_unlock
   361: 80013fe8   200 FUNC    LOCAL  DEFAULT    2 __usb_sendbyte
   873: 800140b0   192 FUNC    GLOBAL DEFAULT    2 __usb_checksend
   468: 80014170   440 FUNC    GLOBAL DEFAULT    2 usb_isgeckoalive
  1028: 80014328   400 FUNC    GLOBAL DEFAULT    2 usb_sendbuffer_ex
   682: 800144b8     8 FUNC    GLOBAL DEFAULT    2 usb_sendbuffer
   640: 800144c0   416 FUNC    GLOBAL DEFAULT    2 usb_sendbuffer_safe_ex
   862: 80014660     8 FUNC    GLOBAL DEFAULT    2 usb_sendbuffer_safe
   364: 80014668   152 FUNC    LOCAL  DEFAULT    2 _ZL16get_adjusted_ptrPKSt9type_infoS1_PPv
   365: 80014700   324 FUNC    LOCAL  DEFAULT    2 _ZL28read_encoded_value_with_basehjPKhPj
   366: 80014844   260 FUNC    LOCAL  DEFAULT    2 _ZL15get_ttype_entryP16lsda_header_infom
   367: 80014948   184 FUNC    LOCAL  DEFAULT    2 _ZL20check_exception_specP16lsda_header_infoPKSt9type_infoPvl
   368: 80014a00   112 FUNC    LOCAL  DEFAULT    2 _ZL21base_of_encoded_valuehP15_Unwind_Context
   369: 80014a70   308 FUNC    LOCAL  DEFAULT    2 _ZL17parse_lsda_headerP15_Unwind_ContextPKhP16lsda_header_info
   666: 80014ba4  1720 FUNC    GLOBAL DEFAULT    2 __gxx_personality_v0
   532: 8001525c   248 FUNC    GLOBAL DEFAULT    2 __cxa_call_unexpected
   502: 80015354     4 FUNC    GLOBAL DEFAULT    2 _ZNSt9exceptionD2Ev
   938: 80015354     4 FUNC    GLOBAL DEFAULT    2 _ZNSt9exceptionD1Ev
   638: 80015358     4 FUNC    GLOBAL DEFAULT    2 _ZNSt13bad_exceptionD2Ev
   841: 80015358     4 FUNC    GLOBAL DEFAULT    2 _ZNSt13bad_exceptionD1Ev
   748: 8001535c    12 FUNC    GLOBAL DEFAULT    2 _ZGTtNKSt13bad_exception4whatEv
   828: 8001535c    12 FUNC    GLOBAL DEFAULT    2 _ZNKSt13bad_exception4whatEv
   915: 80015368     8 FUNC    GLOBAL DEFAULT    2 _ZNSt13bad_exceptionD0Ev
   680: 80015370     4 FUNC    GLOBAL DEFAULT    2 _ZdlPvj
   371: 80015374   140 FUNC    LOCAL  DEFAULT    2 _ZL23__gxx_exception_cleanup19_Unwind_Reason_CodeP17_Unwind_Exception
   797: 80015400   156 FUNC    GLOBAL DEFAULT    2 __cxa_throw
   479: 8001549c   140 FUNC    GLOBAL DEFAULT    2 __cxa_rethrow
   909: 80015528   196 FUNC    GLOBAL DEFAULT    2 __cxa_begin_catch
   636: 800155ec   188 FUNC    GLOBAL DEFAULT    2 __cxa_end_catch
   888: 800156a8    12 FUNC    WEAK   DEFAULT    2 _ZNK9__gnu_cxx24__concurrence_lock_error4whatEv
   577: 800156b4    12 FUNC    WEAK   DEFAULT    2 _ZNK9__gnu_cxx26__concurrence_unlock_error4whatEv
   743: 800156c0    16 FUNC    WEAK   DEFAULT    2 _ZN9__gnu_cxx24__concurrence_lock_errorD2Ev
   974: 800156c0    16 FUNC    WEAK   DEFAULT    2 _ZN9__gnu_cxx24__concurrence_lock_errorD1Ev
   622: 800156d0    16 FUNC    WEAK   DEFAULT    2 _ZN9__gnu_cxx26__concurrence_unlock_errorD1Ev
   889: 800156d0    16 FUNC    WEAK   DEFAULT    2 _ZN9__gnu_cxx26__concurrence_unlock_errorD2Ev
   536: 800156e0    64 FUNC    WEAK   DEFAULT    2 _ZN9__gnu_cxx24__concurrence_lock_errorD0Ev
   599: 80015720    64 FUNC    WEAK   DEFAULT    2 _ZN9__gnu_cxx26__concurrence_unlock_errorD0Ev
   515: 80015760    52 FUNC    WEAK   DEFAULT    2 _ZN9__gnu_cxx30__throw_concurrence_lock_errorEv
   541: 80015794    52 FUNC    WEAK   DEFAULT    2 _ZN9__gnu_cxx32__throw_concurrence_unlock_errorEv
   373: 800157c8   376 FUNC    LOCAL  DEFAULT    2 _ZN12_GLOBAL__N_14pool4freeEPv.constprop.3
   374: 80015940   308 FUNC    LOCAL  DEFAULT    2 _ZN12_GLOBAL__N_14pool8allocateEj.constprop.4
   917: 80015a74   100 FUNC    GLOBAL DEFAULT    2 __cxa_allocate_exception
   462: 80015ad8    48 FUNC    GLOBAL DEFAULT    2 __cxa_free_exception
   375: 80015b08   132 FUNC    LOCAL  DEFAULT    2 _GLOBAL__sub_I__ZN9__gnu_cxx9__freeresEv
   376: 80015b8c    64 FUNC    LOCAL  DEFAULT    2 _GLOBAL__sub_D__ZN9__gnu_cxx9__freeresEv
   621: 80015bcc     4 FUNC    GLOBAL DEFAULT    2 _ZdlPv
   486: 80015bd0    16 FUNC    GLOBAL DEFAULT    2 _ZN10__cxxabiv120__si_class_type_infoD2Ev
   776: 80015bd0    16 FUNC    GLOBAL DEFAULT    2 _ZN10__cxxabiv120__si_class_type_infoD1Ev
   863: 80015be0    64 FUNC    GLOBAL DEFAULT    2 _ZN10__cxxabiv120__si_class_type_infoD0Ev
   949: 80015c20   164 FUNC    GLOBAL DEFAULT    2 _ZNK10__cxxabiv120__si_class_type_info20__do_find_public_srcEiPKvPKNS_17__class_type_infoES2_
   750: 80015cc4   400 FUNC    GLOBAL DEFAULT    2 _ZNK10__cxxabiv120__si_class_type_info12__do_dyncastEiNS_17__class_type_info10__sub_kindEPKS1_PKvS4_S6_RNS1_16__dyncast_resultE
   762: 80015e54   148 FUNC    GLOBAL DEFAULT    2 _ZNK10__cxxabiv120__si_class_type_info11__do_upcastEPKNS_17__class_type_infoEPKvRNS1_15__upcast_resultE
   879: 80015ee8    88 FUNC    GLOBAL DEFAULT    2 __cxa_call_terminate
   379: 80015f40   104 FUNC    LOCAL  DEFAULT    2 _ZL15eh_globals_dtorPv
   815: 80015fa8    76 FUNC    GLOBAL DEFAULT    2 __cxa_get_globals_fast
   979: 80015ff4   188 FUNC    GLOBAL DEFAULT    2 __cxa_get_globals
   380: 800160b0    96 FUNC    LOCAL  DEFAULT    2 _GLOBAL__sub_I___cxa_get_globals_fast
   381: 80016110    64 FUNC    LOCAL  DEFAULT    2 _GLOBAL__sub_D___cxa_get_globals_fast
   952: 80016150    68 FUNC    GLOBAL DEFAULT    2 _ZN10__cxxabiv111__terminateEPFvvE
   646: 80016194    36 FUNC    GLOBAL DEFAULT    2 _ZSt9terminatev
   911: 800161b8    24 FUNC    GLOBAL DEFAULT    2 _ZN10__cxxabiv112__unexpectedEPFvvE
   464: 800161d0    36 FUNC    GLOBAL DEFAULT    2 _ZSt10unexpectedv
   694: 800161f4    24 FUNC    GLOBAL DEFAULT    2 _ZSt13get_terminatev
   893: 8001620c    24 FUNC    GLOBAL DEFAULT    2 _ZSt14get_unexpectedv
   674: 80016224     4 FUNC    GLOBAL DEFAULT    2 _ZNSt9type_infoD1Ev
   760: 80016224     4 FUNC    GLOBAL DEFAULT    2 _ZNSt9type_infoD2Ev
   463: 80016228     8 FUNC    GLOBAL DEFAULT    2 _ZNKSt9type_info15__is_function_pEv
   785: 80016228     8 FUNC    GLOBAL DEFAULT    2 _ZNKSt9type_info14__is_pointer_pEv
   711: 80016230   120 FUNC    GLOBAL DEFAULT    2 _ZNK10__cxxabiv117__class_type_info11__do_upcastEPKS0_PPv
   553: 800162a8    20 FUNC    GLOBAL DEFAULT    2 _ZNK10__cxxabiv117__class_type_info20__do_find_public_srcEiPKvPKS0_S2_
   557: 800162bc    16 FUNC    GLOBAL DEFAULT    2 _ZN10__cxxabiv117__class_type_infoD1Ev
   910: 800162bc    16 FUNC    GLOBAL DEFAULT    2 _ZN10__cxxabiv117__class_type_infoD2Ev
  1032: 800162cc    64 FUNC    GLOBAL DEFAULT    2 _ZN10__cxxabiv117__class_type_infoD0Ev
   705: 8001630c   280 FUNC    GLOBAL DEFAULT    2 _ZNK10__cxxabiv117__class_type_info12__do_dyncastEiNS0_10__sub_kindEPKS0_PKvS3_S5_RNS0_16__dyncast_resultE
   620: 80016424   124 FUNC    GLOBAL DEFAULT    2 _ZNK10__cxxabiv117__class_type_info11__do_upcastEPKS0_PKvRNS0_15__upcast_resultE
   594: 800164a0   228 FUNC    GLOBAL DEFAULT    2 _ZNK10__cxxabiv117__class_type_info10__do_catchEPKSt9type_infoPPvj
   630: 80016584   956 FUNC    GLOBAL HIDDEN     2 __udivdi3
   618: 80016940   880 FUNC    GLOBAL HIDDEN     2 __umoddi3
   571: 80016cb0    32 FUNC    GLOBAL HIDDEN     2 __gthread_active_p
   625: 80016cd0    32 FUNC    GLOBAL HIDDEN     2 __gthread_once
   495: 80016cf0    32 FUNC    GLOBAL HIDDEN     2 __gthread_key_create
   869: 80016d10    72 FUNC    GLOBAL HIDDEN     2 __gthread_key_delete
   975: 80016d58    72 FUNC    GLOBAL HIDDEN     2 __gthread_getspecific
   573: 80016da0    72 FUNC    GLOBAL HIDDEN     2 __gthread_setspecific
   867: 80016de8    24 FUNC    GLOBAL HIDDEN     2 __gthread_mutex_init_function
   793: 80016e00    32 FUNC    GLOBAL HIDDEN     2 __gthread_mutex_destroy
   566: 80016e20    32 FUNC    GLOBAL HIDDEN     2 __gthread_mutex_lock
   968: 80016e40    32 FUNC    GLOBAL HIDDEN     2 __gthread_mutex_unlock
   385: 80016e60   324 FUNC    LOCAL  DEFAULT    2 read_encoded_value_with_base
   386: 80016fa4   116 FUNC    LOCAL  DEFAULT    2 base_of_encoded_value
   387: 80017018  2400 FUNC    LOCAL  DEFAULT    2 execute_cfa_program
   388: 80017978  1188 FUNC    LOCAL  DEFAULT    2 uw_frame_state_for
   389: 80017e1c   468 FUNC    LOCAL  DEFAULT    2 init_dwarf_reg_size_table
   390: 80017ff0  2004 FUNC    LOCAL  DEFAULT    2 execute_stack_op
   391: 800187c4  1008 FUNC    LOCAL  DEFAULT    2 uw_update_context_1
   392: 80018bb4   728 FUNC    LOCAL  DEFAULT    2 uw_init_context_1
   393: 80018e8c   188 FUNC    LOCAL  DEFAULT    2 uw_update_context
   394: 80018f48   276 FUNC    LOCAL  DEFAULT    2 _Unwind_RaiseException_Phase2
   395: 8001905c   356 FUNC    LOCAL  DEFAULT    2 _Unwind_ForcedUnwind_Phase2
   396: 800191c0   492 FUNC    LOCAL  DEFAULT    2 uw_install_context_1
   946: 800193ac   100 FUNC    GLOBAL HIDDEN     2 _Unwind_SetGR
   476: 80019410    20 FUNC    GLOBAL HIDDEN     2 _Unwind_GetIPInfo
   801: 80019424     8 FUNC    GLOBAL HIDDEN     2 _Unwind_SetIP
   903: 8001942c     8 FUNC    GLOBAL HIDDEN     2 _Unwind_GetLanguageSpecificData
   519: 80019434     8 FUNC    GLOBAL HIDDEN     2 _Unwind_GetRegionStart
   999: 8001943c     8 FUNC    GLOBAL HIDDEN     2 _Unwind_GetDataRelBase
   878: 80019444     8 FUNC    GLOBAL HIDDEN     2 _Unwind_GetTextRelBase
   397: 8001944c     4 FUNC    LOCAL  DEFAULT    2 _Unwind_DebugHook
   779: 80019450   624 FUNC    GLOBAL HIDDEN     2 _Unwind_RaiseException
   700: 800196c0   476 FUNC    GLOBAL HIDDEN     2 _Unwind_Resume
   503: 8001989c   480 FUNC    GLOBAL HIDDEN     2 _Unwind_Resume_or_Rethrow
   701: 80019a7c    28 FUNC    GLOBAL HIDDEN     2 _Unwind_DeleteException
   401: 80019a98    32 FUNC    LOCAL  DEFAULT    2 fde_unencoded_compare
   402: 80019ab8   348 FUNC    LOCAL  DEFAULT    2 frame_downheap
   403: 80019c14   216 FUNC    LOCAL  DEFAULT    2 frame_heapsort
   404: 80019cec    12 FUNC    LOCAL  DEFAULT    2 init_object_mutex
   405: 80019cf8   100 FUNC    LOCAL  DEFAULT    2 size_of_encoded_value
   406: 80019d5c   324 FUNC    LOCAL  DEFAULT    2 read_encoded_value_with_base
   407: 80019ea0   352 FUNC    LOCAL  DEFAULT    2 get_cie_encoding
   408: 8001a000   108 FUNC    LOCAL  DEFAULT    2 base_from_object.isra.5
   409: 8001a06c   180 FUNC    LOCAL  DEFAULT    2 fde_single_encoding_compare
   410: 8001a120   432 FUNC    LOCAL  DEFAULT    2 classify_object_over_fdes
   411: 8001a2d0   420 FUNC    LOCAL  DEFAULT    2 add_fdes
   412: 8001a474   488 FUNC    LOCAL  DEFAULT    2 linear_search_fdes
   413: 8001a65c   228 FUNC    LOCAL  DEFAULT    2 fde_mixed_encoding_compare
   414: 8001a740  2028 FUNC    LOCAL  DEFAULT    2 search_object
   415: 8001af2c   132 FUNC    LOCAL  DEFAULT    2 __register_frame_info_bases.part.6
   416: 8001afb0   372 FUNC    LOCAL  DEFAULT    2 __deregister_frame_info_bases.part.8
  1016: 8001b124    32 FUNC    GLOBAL HIDDEN     2 __register_frame_info
   693: 8001b144    32 FUNC    GLOBAL HIDDEN     2 __deregister_frame_info
   472: 8001b164   560 FUNC    GLOBAL HIDDEN     2 _Unwind_Find_FDE
   633: 8001b394    40 FUNC    GLOBAL DEFAULT    2 abort
   424: 8001b3bc     8 FUNC    LOCAL  DEFAULT    2 null_write
   971: 8001b3c4    44 FUNC    GLOBAL DEFAULT    2 _exit
   864: 8001b3f0   164 FUNC    GLOBAL DEFAULT    2 build_argv
   548: 8001b494    32 FUNC    GLOBAL DEFAULT    2 __libc_lock_init
   795: 8001b4b4    32 FUNC    GLOBAL DEFAULT    2 __libc_lock_close
   510: 8001b4d4    32 FUNC    GLOBAL DEFAULT    2 __libc_lock_release
   939: 8001b4f4    32 FUNC    GLOBAL DEFAULT    2 __libc_lock_acquire
   792: 8001b514    24 FUNC    GLOBAL DEFAULT    2 __malloc_lock
   490: 8001b52c    24 FUNC    GLOBAL DEFAULT    2 __malloc_unlock
   669: 8001b544    20 FUNC    GLOBAL DEFAULT    2 calloc
   805: 8001b558   196 FUNC    GLOBAL DEFAULT    2 _calloc_r
   945: 8001b61c    64 FUNC    GLOBAL DEFAULT    2 exit
   723: 8001b65c    44 FUNC    GLOBAL DEFAULT    2 __locale_mb_cur_max
   986: 8001b688     8 FUNC    GLOBAL DEFAULT    2 __locale_ctype_ptr_l
   572: 8001b690    16 FUNC    GLOBAL DEFAULT    2 malloc
  1029: 8001b6a0    16 FUNC    GLOBAL DEFAULT    2 free
   824: 8001b6b0  2220 FUNC    GLOBAL DEFAULT    2 _malloc_r
   804: 8001bf5c  1500 FUNC    GLOBAL DEFAULT    2 __utf8_mbtowc
   545: 8001c538   256 FUNC    GLOBAL DEFAULT    2 memcpy
   500: 8001c638   312 FUNC    GLOBAL DEFAULT    2 memmove
   809: 8001c770   260 FUNC    GLOBAL DEFAULT    2 memset
   471: 8001c874   324 FUNC    GLOBAL DEFAULT    2 _puts_r
   562: 8001c9b8    16 FUNC    GLOBAL DEFAULT    2 puts
   763: 8001c9c8    20 FUNC    GLOBAL DEFAULT    2 realloc
   624: 8001c9dc  1560 FUNC    GLOBAL DEFAULT    2 _realloc_r
   469: 8001cff4    76 FUNC    GLOBAL DEFAULT    2 cleanup_glue
   660: 8001d040   312 FUNC    GLOBAL DEFAULT    2 _reclaim_reent
   549: 8001d178   760 FUNC    GLOBAL DEFAULT    2 setvbuf
   505: 8001d470   360 FUNC    GLOBAL DEFAULT    2 snprintf
   995: 8001d5d8   352 FUNC    GLOBAL DEFAULT    2 strchr
   854: 8001d738   168 FUNC    GLOBAL DEFAULT    2 strcmp
   983: 8001d7e0   140 FUNC    GLOBAL DEFAULT    2 strlen
   783: 8001d86c   136 FUNC    GLOBAL DEFAULT    2 strncat
   749: 8001d8f4   268 FUNC    GLOBAL DEFAULT    2 strncmp
   644: 8001da00    80 FUNC    GLOBAL DEFAULT    2 strnlen
   426: 8001da50   132 FUNC    LOCAL  DEFAULT    2 sulp
   654: 8001dad4  5052 FUNC    GLOBAL DEFAULT    2 _strtod_l
   868: 8001ee90   176 FUNC    GLOBAL DEFAULT    2 strtof
   431: 8001ef40   596 FUNC    LOCAL  DEFAULT    2 _strtol_l.isra.0
   641: 8001f194    64 FUNC    GLOBAL DEFAULT    2 strtol
   554: 8001f1d4  8936 FUNC    GLOBAL DEFAULT    2 _svfprintf_r
   678: 800214bc    24 FUNC    GLOBAL DEFAULT    2 write
   789: 800214d4   228 FUNC    GLOBAL DEFAULT    2 _vsnprintf_r
   579: 800215b8    28 FUNC    GLOBAL DEFAULT    2 vsnprintf
   481: 800215d4   228 FUNC    GLOBAL DEFAULT    2 _wcrtomb_r
   724: 800216b8    16 FUNC    GLOBAL DEFAULT    2 _wcsrtombs_r
   831: 800216c8   280 FUNC    GLOBAL DEFAULT    2 __utf8_wctomb
   777: 800217e0   440 FUNC    GLOBAL DEFAULT    2 __swsetup_r
   728: 80021998   508 FUNC    GLOBAL DEFAULT    2 __call_exitprocs
   436: 80021b94   576 FUNC    LOCAL  DEFAULT    2 quorem
   823: 80021dd4  4920 FUNC    GLOBAL DEFAULT    2 _dtoa_r
   887: 8002310c   836 FUNC    GLOBAL DEFAULT    2 __sflush_r
   800: 80023450   264 FUNC    GLOBAL DEFAULT    2 _fflush_r
   438: 80023558   156 FUNC    LOCAL  DEFAULT    2 std
   552: 800235f4    12 FUNC    GLOBAL DEFAULT    2 _cleanup_r
   714: 80023600    88 FUNC    GLOBAL DEFAULT    2 __sfp_lock_acquire
   960: 80023658    12 FUNC    GLOBAL DEFAULT    2 __sfp_lock_release
  1030: 80023664    88 FUNC    GLOBAL DEFAULT    2 __sinit_lock_acquire
   485: 800236bc   152 FUNC    GLOBAL DEFAULT    2 __sinit
   844: 80023754   312 FUNC    GLOBAL DEFAULT    2 _malloc_trim_r
   720: 8002388c   812 FUNC    GLOBAL DEFAULT    2 _free_r
   593: 80023bb8  1464 FUNC    GLOBAL DEFAULT    2 __sfvwrite_r
   948: 80024170   212 FUNC    GLOBAL DEFAULT    2 _fwalk_reent
   442: 80024244   320 FUNC    LOCAL  DEFAULT    2 rshift
   992: 80024384  2104 FUNC    GLOBAL DEFAULT    2 __gethex
   655: 80024bbc    80 FUNC    GLOBAL DEFAULT    2 __match
   546: 80024c0c   700 FUNC    GLOBAL DEFAULT    2 __hexnan
   517: 80024ec8     8 FUNC    GLOBAL DEFAULT    2 __localeconv_l
   589: 80024ed0    44 FUNC    GLOBAL DEFAULT    2 _localeconv_r
   914: 80024efc   220 FUNC    GLOBAL DEFAULT    2 __swhatbuf_r
   980: 80024fd8   336 FUNC    GLOBAL DEFAULT    2 __smakebuf_r
   716: 80025128   236 FUNC    GLOBAL DEFAULT    2 memchr
   506: 80025214   224 FUNC    GLOBAL DEFAULT    2 _Balloc
  1034: 800252f4    36 FUNC    GLOBAL DEFAULT    2 _Bfree
  1031: 80025318   312 FUNC    GLOBAL DEFAULT    2 __multadd
   632: 80025450   312 FUNC    GLOBAL DEFAULT    2 __s2b
   663: 80025588   108 FUNC    GLOBAL DEFAULT    2 __hi0bits
  1013: 800255f4   188 FUNC    GLOBAL DEFAULT    2 __lo0bits
   592: 800256b0    60 FUNC    GLOBAL DEFAULT    2 __i2b
   755: 800256ec   584 FUNC    GLOBAL DEFAULT    2 __multiply
   688: 80025934   364 FUNC    GLOBAL DEFAULT    2 __pow5mult
   740: 80025aa0   348 FUNC    GLOBAL DEFAULT    2 __lshift
   634: 80025bfc    88 FUNC    GLOBAL DEFAULT    2 __mcmp
   951: 80025c54   496 FUNC    GLOBAL DEFAULT    2 __mdiff
   897: 80025e44   156 FUNC    GLOBAL DEFAULT    2 __ulp
   616: 80025ee0   388 FUNC    GLOBAL DEFAULT    2 __b2d
   759: 80026064   396 FUNC    GLOBAL DEFAULT    2 __d2b
   569: 800261f0   208 FUNC    GLOBAL DEFAULT    2 __ratio
   784: 800262c0   144 FUNC    GLOBAL DEFAULT    2 __copybits
   465: 80026350   136 FUNC    GLOBAL DEFAULT    2 __any_on
   882: 800263d8    12 FUNC    GLOBAL DEFAULT    2 nanf
   790: 800263e4   116 FUNC    GLOBAL DEFAULT    2 __sread
   941: 80026458   184 FUNC    GLOBAL DEFAULT    2 __swrite
   484: 80026510   112 FUNC    GLOBAL DEFAULT    2 __sseek
   820: 80026580     8 FUNC    GLOBAL DEFAULT    2 __sclose
   745: 80026588   588 FUNC    GLOBAL DEFAULT    2 __ssprint_r
   846: 800267d4   484 FUNC    GLOBAL DEFAULT    2 _wcsnrtombs_l
   870: 800269b8    36 FUNC    GLOBAL DEFAULT    2 _wcsnrtombs_r
   605: 800269dc   508 FUNC    GLOBAL DEFAULT    2 _fclose_r
   769: 80026bd8   236 FUNC    GLOBAL DEFAULT    2 _close_r
   522: 80026cc4   176 FUNC    GLOBAL DEFAULT    2 _fstat_r
   466: 80026d74     8 FUNC    GLOBAL DEFAULT    2 _isatty_r
   473: 80026d7c   224 FUNC    GLOBAL DEFAULT    2 _lseek_r
   603: 80026e5c   196 FUNC    GLOBAL DEFAULT    2 _read_r
   595: 80026f20    44 FUNC    GLOBAL DEFAULT    2 _sbrk_r
   871: 80026f4c   196 FUNC    GLOBAL DEFAULT    2 _write_r
   833: 80027010    84 FUNC    GLOBAL DEFAULT    2 __flockfile
   970: 80027064     8 FUNC    GLOBAL DEFAULT    2 __funlockfile
   649: 8002706c   228 FUNC    GLOBAL DEFAULT    2 __release_handle
   818: 80027150    36 FUNC    GLOBAL DEFAULT    2 __get_handle
    57: 80027174     0 FUNC    LOCAL  DEFAULT    2 __do_global_ctors_aux
   874: 800271e0     0 FUNC    GLOBAL DEFAULT    3 __fini
