   667: 80003270     0 FUNC    GLOBAL DEFAULT    1 __init
   925: 800046e0    72 FUNC    GLOBAL HIDDEN     2 __eabi
    47: 80004728     0 FUNC    LOCAL  DEFAULT    2 deregister_tm_clones
    48: 80004758     0 FUNC    LOCAL  DEFAULT    2 register_tm_clones
    49: 80004794     0 FUNC    LOCAL  DEFAULT    2 __do_global_dtors_aux
    52: 80004864     0 FUNC    LOCAL  DEFAULT    2 frame_dummy
   876: 800048ac    64 FUNC    GLOBAL DEFAULT    2 __crtmain
   820: 800048ec   332 FUNC    GLOBAL DEFAULT    2 _ZN6Engine10readSFloatEv
   627: 80004a38   292 FUNC    GLOBAL DEFAULT    2 _ZN6Engine8readSIntEv
   538: 80004b5c   288 FUNC    GLOBAL DEFAULT    2 _ZN6Engine9readStackEv
  1021: 80004c7c   320 FUNC    GLOBAL DEFAULT    2 _ZN6Engine10readUFloatEv
   912: 80004dbc   316 FUNC    GLOBAL DEFAULT    2 _ZN6Engine8readUIntEv
   652: 80004ef8   348 FUNC    GLOBAL DEFAULT    2 _ZN6Engine15prepareStackArgEv
   646: 80005054   176 FUNC    GLOBAL DEFAULT    2 _ZN6Engine11syntaxErrorEPKcz
   618: 80005104   236 FUNC    GLOBAL DEFAULT    2 _ZN6Engine10runCommandEPKcS1_
   772: 800051f0   480 FUNC    GLOBAL DEFAULT    2 _ZN6Engine3runEPKc
   670: 800053d0   844 FUNC    GLOBAL DEFAULT    2 _ZN6Engine14prepareNextArgEv
   851: 8000571c    48 FUNC    GLOBAL DEFAULT    2 _ZN6Engine8getStackEv
   854: 8000574c    48 FUNC    GLOBAL DEFAULT    2 _ZN6Engine7getSIntEv
   580: 8000577c    48 FUNC    GLOBAL DEFAULT    2 _ZN6Engine7getUIntEv
  1033: 800057ac    48 FUNC    GLOBAL DEFAULT    2 _ZN6Engine9getSFloatEv
   697: 800057dc   176 FUNC    GLOBAL DEFAULT    2 _ZN6Engine12runtimeErrorEPKcz
  1009: 8000588c   104 FUNC    GLOBAL DEFAULT    2 _ZN6Engine8putStackE10StackValue
   828: 800058f4    48 FUNC    GLOBAL DEFAULT    2 _ZN6Engine6putIntEi
  1025: 80005924    56 FUNC    GLOBAL DEFAULT    2 _ZN6Engine8putFloatEf
   566: 8000595c   488 FUNC    GLOBAL DEFAULT    2 _ZN6Engine9dumpStackEPci
  1034: 80005b44   272 FUNC    GLOBAL DEFAULT    2 _Z14processRequestPKc
   583: 80005c54    52 FUNC    GLOBAL DEFAULT    2 _ZN6Engine7cmd_intEv
   797: 80005c88    72 FUNC    GLOBAL DEFAULT    2 _ZN6Engine8cmd_addiEv
   906: 80005cd0    72 FUNC    GLOBAL DEFAULT    2 _ZN6Engine8cmd_muliEv
   605: 80005d18    48 FUNC    GLOBAL DEFAULT    2 _ZN6Engine9cmd_floatEv
   460: 80005d48    72 FUNC    GLOBAL DEFAULT    2 _ZN6Engine8cmd_addfEv
   685: 80005d90    72 FUNC    GLOBAL DEFAULT    2 _ZN6Engine8cmd_mulfEv
   900: 80005dd8     4 FUNC    GLOBAL DEFAULT    2 _ZN6Engine7cmd_delEv
   725: 80005ddc   108 FUNC    GLOBAL DEFAULT    2 _ZN6Engine7cmd_dupEv
   696: 80005e48    64 FUNC    GLOBAL DEFAULT    2 _ZN6Engine9cmd_stackEv
   661: 80005e88   140 FUNC    GLOBAL DEFAULT    2 _ZN6Engine7cmd_rptEv
   781: 80005f14    92 FUNC    GLOBAL DEFAULT    2 _ZN6Engine8cmd_dropEv
   726: 80005f70   208 FUNC    GLOBAL DEFAULT    2 _ZN6Engine8cmd_polyEv
   985: 80006040   308 FUNC    GLOBAL DEFAULT    2 _ZN6Engine10cmd_weightEv
   999: 80006174   292 FUNC    GLOBAL DEFAULT    2 _ZN6Engine11cmd_inspectEv
   839: 80006298   184 FUNC    GLOBAL DEFAULT    2 _ZN6Engine9cmd_locknEv
   790: 80006350   200 FUNC    GLOBAL DEFAULT    2 _ZN6Engine8cmd_setnEv
   816: 80006418   536 FUNC    GLOBAL DEFAULT    2 _ZN6Engine8cmd_getnEv
   181: 80006630   428 FUNC    LOCAL  DEFAULT    2 _ZZN6Engine8cmd_userEvENKUliiiE_clEiii.isra.0
   899: 800067dc   500 FUNC    GLOBAL DEFAULT    2 _ZN6Engine12cmd_otp_syncEv
   527: 800069d0   580 FUNC    GLOBAL DEFAULT    2 _ZN6Engine12cmd_otp_initEv
   691: 80006c14   560 FUNC    GLOBAL DEFAULT    2 _ZN6Engine12cmd_otp_authEv
   683: 80006e44   484 FUNC    GLOBAL DEFAULT    2 _ZN6Engine8cmd_userEv
   183: 80007028    12 FUNC    LOCAL  DEFAULT    2 _ZL12oc_if_func11v
   184: 80007034    40 FUNC    LOCAL  DEFAULT    2 _GLOBAL__sub_I__Z7sleepNsy
   466: 8000705c   164 FUNC    GLOBAL DEFAULT    2 _ZN15CustomArgParser7setTextEPKcS1_
   787: 80007100   104 FUNC    GLOBAL DEFAULT    2 _ZN15CustomArgParser8getQuantEv
   608: 80007168   212 FUNC    GLOBAL DEFAULT    2 _ZN15CustomArgParser16decompressBase64Ev
   189: 8000723c   284 FUNC    LOCAL  DEFAULT    2 _ZL14ugTransferBulkiPvib
   190: 80007358   100 FUNC    LOCAL  DEFAULT    2 _ZL12oc_if_func98v
   503: 800073bc   224 FUNC    GLOBAL DEFAULT    2 _Z7ugFlushi
   860: 8000749c     8 FUNC    GLOBAL DEFAULT    2 _Z14ugSendBlockingiPKvi
   574: 800074a4     8 FUNC    GLOBAL DEFAULT    2 _Z14ugRecvBlockingiPvi
   191: 800074ac    40 FUNC    LOCAL  DEFAULT    2 _GLOBAL__sub_I__Z7ugProbei
   809: 800074d4   476 FUNC    GLOBAL DEFAULT    2 main
  1007: 800076b0   476 FUNC    GLOBAL DEFAULT    2 _Z12base64DecodePKcPPvPi
   197: 8000788c    88 FUNC    LOCAL  DEFAULT    2 __exi_irq_handler
   198: 800078e4   200 FUNC    LOCAL  DEFAULT    2 __ext_irq_handler
   199: 800079ac   320 FUNC    LOCAL  DEFAULT    2 __tc_irq_handler
   200: 80007aec   508 FUNC    LOCAL  DEFAULT    2 __exi_probe
   201: 80007ce8   248 FUNC    LOCAL  DEFAULT    2 __exi_attach
   745: 80007de0   536 FUNC    GLOBAL DEFAULT    2 EXI_Lock
   858: 80007ff8   552 FUNC    GLOBAL DEFAULT    2 EXI_Unlock
   496: 80008220   584 FUNC    GLOBAL DEFAULT    2 EXI_Select
   708: 80008468   372 FUNC    GLOBAL DEFAULT    2 EXI_Deselect
   801: 800085dc   216 FUNC    GLOBAL DEFAULT    2 EXI_Sync
   926: 800086b4   452 FUNC    GLOBAL DEFAULT    2 EXI_Imm
   508: 80008878   212 FUNC    GLOBAL DEFAULT    2 EXI_ImmEx
   976: 8000894c   364 FUNC    GLOBAL DEFAULT    2 EXI_Dma
   771: 80008ab8   216 FUNC    GLOBAL DEFAULT    2 EXI_Detach
   895: 80008b90   824 FUNC    GLOBAL DEFAULT    2 EXI_GetID
   202: 80008ec8    40 FUNC    LOCAL  DEFAULT    2 __unlocked_handler
   974: 80008ef0   112 FUNC    GLOBAL DEFAULT    2 EXI_ProbeReset
   597: 80008f60   396 FUNC    GLOBAL DEFAULT    2 __exi_init
   943: 800090ec    20 FUNC    GLOBAL DEFAULT    2 __reload
   209: 80009100   188 FUNC    LOCAL  DEFAULT    2 __call_resetfuncs
   210: 800091bc    20 FUNC    LOCAL  DEFAULT    2 __MEMInterruptHandler
   211: 800091d0     4 FUNC    LOCAL  DEFAULT    2 __RSWDefaultHandler
   212: 800091d4   244 FUNC    LOCAL  DEFAULT    2 __RSWHandler
   215: 800092c8   296 FUNC    LOCAL  DEFAULT    2 __sram_write
   217: 800093f0   380 FUNC    LOCAL  DEFAULT    2 __unlocksram
   216: 8000956c    84 FUNC    LOCAL  DEFAULT    2 __sram_writecallback
   218: 800095c0    72 FUNC    LOCAL  DEFAULT    2 __mem_onreset
   219: 80009608   240 FUNC    LOCAL  DEFAULT    2 __sys_alarmhandler
   220: 800096f8   320 FUNC    LOCAL  DEFAULT    2 __sram_read.constprop.11
   616: 80009838     4 FUNC    WEAK   DEFAULT    2 __SYS_PreInit
   849: 8000983c     4 FUNC    GLOBAL DEFAULT    2 SYS_PreMain
   837: 80009840    24 FUNC    GLOBAL DEFAULT    2 SYS_ResetButtonDown
   939: 80009858   772 FUNC    GLOBAL DEFAULT    2 SYS_ResetSystem
   539: 80009b5c    52 FUNC    GLOBAL DEFAULT    2 __libogc_exit
  1020: 80009b90   120 FUNC    GLOBAL DEFAULT    2 SYS_RegisterResetFunc
   811: 80009c08  1808 FUNC    GLOBAL DEFAULT    2 SYS_Init
   802: 8000a318    56 FUNC    GLOBAL DEFAULT    2 SYS_SetArena1Lo
   638: 8000a350    56 FUNC    GLOBAL DEFAULT    2 SYS_GetArena1Lo
   689: 8000a388    56 FUNC    GLOBAL DEFAULT    2 SYS_GetArena1Hi
   848: 8000a3c0   288 FUNC    GLOBAL DEFAULT    2 SYS_CreateAlarm
   735: 8000a4e0   496 FUNC    GLOBAL DEFAULT    2 SYS_SetAlarm
   880: 8000a6d0   208 FUNC    GLOBAL DEFAULT    2 SYS_CancelAlarm
   707: 8000a7a0   148 FUNC    GLOBAL DEFAULT    2 SYS_SetWirelessID
   537: 8000a834   160 FUNC    GLOBAL DEFAULT    2 SYS_GetWirelessID
   491: 8000a8d4    20 FUNC    GLOBAL DEFAULT    2 __lwp_cond_init
   585: 8000a8e8     4 FUNC    GLOBAL DEFAULT    2 __decrementer_init
   841: 8000a8ec    12 FUNC    GLOBAL DEFAULT    2 c_decrementer_handler
   589: 8000a8f8    20 FUNC    GLOBAL DEFAULT    2 __lwp_mqbox_init
   233: 8000a90c   352 FUNC    LOCAL  DEFAULT    2 __si_transfer
   234: 8000aa6c   224 FUNC    LOCAL  DEFAULT    2 __si_alarmhandler
   235: 8000ab4c   468 FUNC    LOCAL  DEFAULT    2 __si_completetransfer
   236: 8000ad20   232 FUNC    LOCAL  DEFAULT    2 __si_transfernext
   611: 8000ae08    24 FUNC    GLOBAL DEFAULT    2 SI_Busy
   934: 8000ae20    56 FUNC    GLOBAL DEFAULT    2 SI_IsChanBusy
   596: 8000ae58   100 FUNC    GLOBAL DEFAULT    2 SI_SetXY
   721: 8000aebc   132 FUNC    GLOBAL DEFAULT    2 SI_EnablePolling
   826: 8000af40    88 FUNC    GLOBAL DEFAULT    2 SI_DisablePolling
   894: 8000af98   228 FUNC    GLOBAL DEFAULT    2 SI_SetSamplingRate
   524: 8000b07c     8 FUNC    GLOBAL DEFAULT    2 SI_RefreshSamplingRate
   490: 8000b084   120 FUNC    GLOBAL DEFAULT    2 SI_GetStatus
   550: 8000b0fc   128 FUNC    GLOBAL DEFAULT    2 SI_GetResponseRaw
  1002: 8000b17c   184 FUNC    GLOBAL DEFAULT    2 SI_GetResponse
   644: 8000b234    16 FUNC    GLOBAL DEFAULT    2 SI_SetCommand
   806: 8000b244   664 FUNC    GLOBAL DEFAULT    2 SI_Transfer
   238: 8000b4dc   724 FUNC    LOCAL  DEFAULT    2 __si_gettypecallback
   239: 8000b7b0   624 FUNC    LOCAL  DEFAULT    2 __si_interrupthandler
   674: 8000ba20   472 FUNC    GLOBAL DEFAULT    2 SI_GetType
   579: 8000bbf8   312 FUNC    GLOBAL DEFAULT    2 SI_GetTypeAsync
   922: 8000bd30   172 FUNC    GLOBAL DEFAULT    2 SI_EnablePollingInterrupt
   669: 8000bddc   220 FUNC    GLOBAL DEFAULT    2 SI_UnregisterPollingHandler
   874: 8000beb8   248 FUNC    GLOBAL DEFAULT    2 __si_init
   988: 8000bfb0     8 FUNC    GLOBAL DEFAULT    2 gettick
   923: 8000bfb8    24 FUNC    GLOBAL DEFAULT    2 gettime
   983: 8000bfd0   136 FUNC    GLOBAL DEFAULT    2 diff_usec
   928: 8000c058    28 FUNC    GLOBAL DEFAULT    2 __timesystem_init
   756: 8000c074   172 FUNC    GLOBAL DEFAULT    2 udelay
   821: 8000c120   368 FUNC    GLOBAL DEFAULT    2 __libogc_nanosleep
   962: 8000c290   212 FUNC    GLOBAL DEFAULT    2 __libogc_gettod_r
   497: 8000c364   120 FUNC    GLOBAL DEFAULT    2 __libogc_lock_init
   532: 8000c3dc   100 FUNC    GLOBAL DEFAULT    2 __libogc_lock_close
   961: 8000c440    32 FUNC    GLOBAL DEFAULT    2 __libogc_lock_acquire
   567: 8000c460    32 FUNC    GLOBAL DEFAULT    2 __libogc_lock_release
   595: 8000c480    16 FUNC    GLOBAL DEFAULT    2 __libc_create_hook
   609: 8000c490   156 FUNC    GLOBAL DEFAULT    2 __libc_start_hook
   750: 8000c52c   252 FUNC    GLOBAL DEFAULT    2 __libc_delete_hook
   651: 8000c628   176 FUNC    GLOBAL DEFAULT    2 __libc_init
   506: 8000c6d8   224 FUNC    GLOBAL DEFAULT    2 __libogc_sbrk_r
   686: 8000c7b8   124 FUNC    GLOBAL DEFAULT    2 __memlock_init
   656: 8000c834   504 FUNC    GLOBAL DEFAULT    2 __libogc_malloc_lock
   626: 8000ca2c   100 FUNC    GLOBAL DEFAULT    2 __libogc_malloc_unlock
   891: 8000ca90   128 FUNC    GLOBAL DEFAULT    2 __CheckARGV
   893: 8000cb10    36 FUNC    GLOBAL DEFAULT    2 __lwp_priority_init
   479: 8000cb34    96 FUNC    GLOBAL DEFAULT    2 __lwp_queue_initialize
   921: 8000cb94   116 FUNC    GLOBAL DEFAULT    2 __lwp_queue_get
   949: 8000cc08    76 FUNC    GLOBAL DEFAULT    2 __lwp_queue_append
   957: 8000cc54   324 FUNC    GLOBAL DEFAULT    2 __lwp_threadqueue_enqueuefifo
   718: 8000cd98   332 FUNC    GLOBAL DEFAULT    2 __lwp_threadqueue_dequeuefifo
   557: 8000cee4   992 FUNC    GLOBAL DEFAULT    2 __lwp_threadqueue_enqueuepriority
   487: 8000d2c4   472 FUNC    GLOBAL DEFAULT    2 __lwp_threadqueue_dequeuepriority
   488: 8000d49c   100 FUNC    GLOBAL DEFAULT    2 __lwp_threadqueue_init
   688: 8000d500   312 FUNC    GLOBAL DEFAULT    2 __lwp_threadqueue_enqueue
   641: 8000d638    36 FUNC    GLOBAL DEFAULT    2 __lwp_threadqueue_dequeue
   842: 8000d65c    76 FUNC    GLOBAL DEFAULT    2 __lwp_threadqueue_flush
   614: 8000d6a8   232 FUNC    GLOBAL DEFAULT    2 __lwp_threadqueue_extractfifo
   647: 8000d790   320 FUNC    GLOBAL DEFAULT    2 __lwp_threadqueue_extractpriority
   658: 8000d8d0    28 FUNC    GLOBAL DEFAULT    2 __lwp_threadqueue_extract
   268: 8000d8ec   136 FUNC    LOCAL  DEFAULT    2 __lwp_threadqueue_timeout
   542: 8000d974    68 FUNC    GLOBAL DEFAULT    2 __lwp_threadqueue_extractproxy
   810: 8000d9b8     8 FUNC    GLOBAL DEFAULT    2 __lwp_isr_in_progress
   476: 8000d9c0   136 FUNC    GLOBAL DEFAULT    2 __thread_dispatch_fp
   610: 8000da48   272 FUNC    GLOBAL DEFAULT    2 __thread_dispatch
   555: 8000db58   236 FUNC    GLOBAL DEFAULT    2 __lwp_thread_resettimeslice
   982: 8000dc44   204 FUNC    GLOBAL DEFAULT    2 __lwp_thread_tickle_timeslice
   953: 8000dd10   376 FUNC    GLOBAL DEFAULT    2 __lwp_thread_setstate
   577: 8000de88   228 FUNC    GLOBAL DEFAULT    2 __lwp_thread_clearstate
   980: 8000df6c    72 FUNC    GLOBAL DEFAULT    2 __lwp_thread_delayended
   701: 8000dfb4   180 FUNC    GLOBAL DEFAULT    2 __lwp_thread_settransient
  1010: 8000e068   504 FUNC    GLOBAL DEFAULT    2 __lwp_thread_changepriority
   675: 8000e260   244 FUNC    GLOBAL DEFAULT    2 __lwp_thread_ready
  1017: 8000e354   384 FUNC    GLOBAL DEFAULT    2 __lwp_thread_init
   879: 8000e4d4   304 FUNC    GLOBAL DEFAULT    2 __lwp_thread_close
   573: 8000e604   184 FUNC    GLOBAL DEFAULT    2 __lwp_thread_closeall
   649: 8000e6bc    92 FUNC    GLOBAL DEFAULT    2 __lwp_thread_exit
   270: 8000e718   180 FUNC    LOCAL  DEFAULT    2 __lwp_thread_handler
   581: 8000e7cc   212 FUNC    GLOBAL DEFAULT    2 __lwp_thread_start
   907: 8000e8a0   176 FUNC    GLOBAL DEFAULT    2 __lwp_thread_startmultitasking
   956: 8000e950    88 FUNC    GLOBAL DEFAULT    2 __lwp_thread_stopmultitasking
   562: 8000e9a8   176 FUNC    GLOBAL DEFAULT    2 __lwp_thread_coreinit
   273: 8000ea58     4 FUNC    LOCAL  DEFAULT    2 idle_func
   865: 8000ea5c   280 FUNC    GLOBAL DEFAULT    2 __lwp_sysinit
  1031: 8000eb74   336 FUNC    GLOBAL DEFAULT    2 LWP_InitQueue
   904: 8000ecc4   272 FUNC    GLOBAL DEFAULT    2 LWP_ThreadSleep
   492: 8000edd4   136 FUNC    GLOBAL DEFAULT    2 LWP_ThreadBroadcast
   935: 8000ee5c    96 FUNC    GLOBAL DEFAULT    2 __lwp_stack_allocate
   728: 8000eebc    28 FUNC    GLOBAL DEFAULT    2 __lwp_stack_free
   766: 8000eed8   164 FUNC    GLOBAL DEFAULT    2 __lwp_mutex_initialize
   682: 8000ef7c   372 FUNC    GLOBAL DEFAULT    2 __lwp_mutex_surrender
   897: 8000f0f0   260 FUNC    GLOBAL DEFAULT    2 __lwp_mutex_seize_irq_blocking
   529: 8000f1f4     4 FUNC    GLOBAL DEFAULT    2 __lwp_mutex_flush
   277: 8000f1f8   216 FUNC    LOCAL  DEFAULT    2 __lwp_wd_settimer.isra.4
   774: 8000f2d0    44 FUNC    GLOBAL DEFAULT    2 __lwp_watchdog_init
   590: 8000f2fc   484 FUNC    GLOBAL DEFAULT    2 __lwp_wd_insert
   847: 8000f4e0   324 FUNC    GLOBAL DEFAULT    2 __lwp_wd_remove
   706: 8000f624   288 FUNC    GLOBAL DEFAULT    2 __lwp_wd_tickle
   702: 8000f744   196 FUNC    GLOBAL DEFAULT    2 __lwp_wkspace_init
   534: 8000f808   420 FUNC    GLOBAL DEFAULT    2 __lwp_objmgr_initinfo
   992: 8000f9ac    96 FUNC    GLOBAL DEFAULT    2 __lwp_objmgr_getisrdisable
   932: 8000fa0c    36 FUNC    GLOBAL DEFAULT    2 __lwp_objmgr_getnoprotection
   836: 8000fa30   112 FUNC    GLOBAL DEFAULT    2 __lwp_objmgr_get
   829: 8000faa0   136 FUNC    GLOBAL DEFAULT    2 __lwp_objmgr_allocate
   493: 8000fb28    96 FUNC    GLOBAL DEFAULT    2 __lwp_objmgr_free
   473: 8000fb88   164 FUNC    GLOBAL DEFAULT    2 __lwp_heap_init
   857: 8000fc2c   364 FUNC    GLOBAL DEFAULT    2 __lwp_heap_allocate
   753: 8000fd98   392 FUNC    GLOBAL DEFAULT    2 __lwp_heap_free
   513: 8000ff20   164 FUNC    GLOBAL DEFAULT    2 __exception_load
   955: 8000ffc4    32 FUNC    GLOBAL DEFAULT    2 __systemcall_init
   690: 8000ffe4   216 FUNC    GLOBAL DEFAULT    2 __exception_init
   559: 800100bc   172 FUNC    GLOBAL DEFAULT    2 __exception_close
   734: 80010168    84 FUNC    GLOBAL DEFAULT    2 __exception_closeall
  1023: 800101bc  1108 FUNC    GLOBAL DEFAULT    2 c_default_exceptionhandler
   289: 80010610   652 FUNC    LOCAL  DEFAULT    2 __SetInterrupts
   738: 8001089c   624 FUNC    GLOBAL DEFAULT    2 c_irqdispatcher
   740: 80010b0c   132 FUNC    GLOBAL DEFAULT    2 __UnmaskIrq
   724: 80010b90   132 FUNC    GLOBAL DEFAULT    2 __MaskIrq
  1008: 80010c14   156 FUNC    GLOBAL DEFAULT    2 __irq_init
   936: 80010cb0    80 FUNC    GLOBAL DEFAULT    2 IRQ_Request
   752: 80010d00    68 FUNC    GLOBAL DEFAULT    2 IRQ_GetHandler
   815: 80010d44    20 FUNC    GLOBAL DEFAULT    2 __lwp_sema_init
   850: 80010d58   572 FUNC    GLOBAL DEFAULT    2 VIDEO_SetFramebuffer
   642: 80010f94   120 FUNC    GLOBAL DEFAULT    2 VIDEO_GetCurrentTvMode
   709: 8001100c   156 FUNC    GLOBAL DEFAULT    2 VIDEO_GetCurrentLine
   304: 800110a8   260 FUNC    LOCAL  DEFAULT    2 SPEC0_MakeStatus
   305: 800111ac   260 FUNC    LOCAL  DEFAULT    2 SPEC1_MakeStatus
   306: 800112b0   596 FUNC    LOCAL  DEFAULT    2 SPEC2_MakeStatus
   307: 80011504     4 FUNC    LOCAL  DEFAULT    2 __pad_samplinghandler
   308: 80011508    80 FUNC    LOCAL  DEFAULT    2 __pad_doreset
   312: 80011558   160 FUNC    LOCAL  DEFAULT    2 __pad_updateorigin
   313: 800115f8   192 FUNC    LOCAL  DEFAULT    2 __pad_disable
   318: 800116b8    92 FUNC    LOCAL  DEFAULT    2 __pad_enable
   311: 80011714   356 FUNC    LOCAL  DEFAULT    2 __pad_typeandstatuscallback
   324: 80011878    72 FUNC    LOCAL  DEFAULT    2 __pad_probecallback
   321: 800118c0    56 FUNC    LOCAL  DEFAULT    2 __pad_origincallback
   325: 800118f8   120 FUNC    LOCAL  DEFAULT    2 __pad_originupdatecallback
   326: 80011970   136 FUNC    LOCAL  DEFAULT    2 __pad_receivecheckcallback
   327: 800119f8    84 FUNC    LOCAL  DEFAULT    2 PAD_SetSpec.part.3
   329: 80011a4c   264 FUNC    LOCAL  DEFAULT    2 __pad_onreset
   533: 80011b54    88 FUNC    GLOBAL DEFAULT    2 __PADDisableRecalibration
   720: 80011bac   240 FUNC    GLOBAL DEFAULT    2 PAD_Reset
   519: 80011c9c   764 FUNC    GLOBAL DEFAULT    2 PAD_Read
   911: 80011f98   208 FUNC    GLOBAL DEFAULT    2 PAD_Init
   741: 80012068   340 FUNC    GLOBAL DEFAULT    2 PAD_ScanPads
   712: 800121bc    56 FUNC    GLOBAL DEFAULT    2 PAD_ButtonsDown
   338: 800121f4   660 FUNC    LOCAL  DEFAULT    2 __lwp_mutex_locksupp.constprop.8
   729: 80012488    20 FUNC    GLOBAL DEFAULT    2 __lwp_mutex_init
   825: 8001249c   228 FUNC    GLOBAL DEFAULT    2 LWP_MutexInit
   530: 80012580   240 FUNC    GLOBAL DEFAULT    2 LWP_MutexDestroy
   967: 80012670     8 FUNC    GLOBAL DEFAULT    2 LWP_MutexLock
   773: 80012678   156 FUNC    GLOBAL DEFAULT    2 LWP_MutexUnlock
   343: 80012714   160 FUNC    LOCAL  DEFAULT    2 __GX_WaitAbort
   917: 800127b4   512 FUNC    GLOBAL DEFAULT    2 GX_AbortFrame
   347: 800129b4   828 FUNC    LOCAL  DEFAULT    2 number
   636: 80012cf0  1888 FUNC    GLOBAL DEFAULT    2 kvsprintf
   924: 80013450   172 FUNC    GLOBAL DEFAULT    2 kprintf
   349: 800134fc   132 FUNC    LOCAL  DEFAULT    2 __console_clear_line
   351: 80013580    84 FUNC    LOCAL  DEFAULT    2 __console_clear
   760: 800135d4  1800 FUNC    GLOBAL DEFAULT    2 __console_write
   546: 80013cdc   264 FUNC    GLOBAL DEFAULT    2 __console_init
   482: 80013de4   256 FUNC    GLOBAL DEFAULT    2 CON_EnableGecko
   358: 80013ee4    48 FUNC    LOCAL  DEFAULT    2 __usbgecko_exi_unlock
   360: 80013f14   200 FUNC    LOCAL  DEFAULT    2 __usb_sendbyte
   872: 80013fdc   192 FUNC    GLOBAL DEFAULT    2 __usb_checksend
   467: 8001409c   440 FUNC    GLOBAL DEFAULT    2 usb_isgeckoalive
  1026: 80014254   400 FUNC    GLOBAL DEFAULT    2 usb_sendbuffer_ex
   681: 800143e4     8 FUNC    GLOBAL DEFAULT    2 usb_sendbuffer
   639: 800143ec   416 FUNC    GLOBAL DEFAULT    2 usb_sendbuffer_safe_ex
   861: 8001458c     8 FUNC    GLOBAL DEFAULT    2 usb_sendbuffer_safe
   363: 80014594   152 FUNC    LOCAL  DEFAULT    2 _ZL16get_adjusted_ptrPKSt9type_infoS1_PPv
   364: 8001462c   324 FUNC    LOCAL  DEFAULT    2 _ZL28read_encoded_value_with_basehjPKhPj
   365: 80014770   260 FUNC    LOCAL  DEFAULT    2 _ZL15get_ttype_entryP16lsda_header_infom
   366: 80014874   184 FUNC    LOCAL  DEFAULT    2 _ZL20check_exception_specP16lsda_header_infoPKSt9type_infoPvl
   367: 8001492c   112 FUNC    LOCAL  DEFAULT    2 _ZL21base_of_encoded_valuehP15_Unwind_Context
   368: 8001499c   308 FUNC    LOCAL  DEFAULT    2 _ZL17parse_lsda_headerP15_Unwind_ContextPKhP16lsda_header_info
   665: 80014ad0  1720 FUNC    GLOBAL DEFAULT    2 __gxx_personality_v0
   531: 80015188   248 FUNC    GLOBAL DEFAULT    2 __cxa_call_unexpected
   501: 80015280     4 FUNC    GLOBAL DEFAULT    2 _ZNSt9exceptionD2Ev
   937: 80015280     4 FUNC    GLOBAL DEFAULT    2 _ZNSt9exceptionD1Ev
   637: 80015284     4 FUNC    GLOBAL DEFAULT    2 _ZNSt13bad_exceptionD2Ev
   840: 80015284     4 FUNC    GLOBAL DEFAULT    2 _ZNSt13bad_exceptionD1Ev
   747: 80015288    12 FUNC    GLOBAL DEFAULT    2 _ZGTtNKSt13bad_exception4whatEv
   827: 80015288    12 FUNC    GLOBAL DEFAULT    2 _ZNKSt13bad_exception4whatEv
   914: 80015294     8 FUNC    GLOBAL DEFAULT    2 _ZNSt13bad_exceptionD0Ev
   679: 8001529c     4 FUNC    GLOBAL DEFAULT    2 _ZdlPvj
   370: 800152a0   140 FUNC    LOCAL  DEFAULT    2 _ZL23__gxx_exception_cleanup19_Unwind_Reason_CodeP17_Unwind_Exception
   796: 8001532c   156 FUNC    GLOBAL DEFAULT    2 __cxa_throw
   478: 800153c8   140 FUNC    GLOBAL DEFAULT    2 __cxa_rethrow
   908: 80015454   196 FUNC    GLOBAL DEFAULT    2 __cxa_begin_catch
   635: 80015518   188 FUNC    GLOBAL DEFAULT    2 __cxa_end_catch
   887: 800155d4    12 FUNC    WEAK   DEFAULT    2 _ZNK9__gnu_cxx24__concurrence_lock_error4whatEv
   576: 800155e0    12 FUNC    WEAK   DEFAULT    2 _ZNK9__gnu_cxx26__concurrence_unlock_error4whatEv
   742: 800155ec    16 FUNC    WEAK   DEFAULT    2 _ZN9__gnu_cxx24__concurrence_lock_errorD2Ev
   972: 800155ec    16 FUNC    WEAK   DEFAULT    2 _ZN9__gnu_cxx24__concurrence_lock_errorD1Ev
   621: 800155fc    16 FUNC    WEAK   DEFAULT    2 _ZN9__gnu_cxx26__concurrence_unlock_errorD1Ev
   888: 800155fc    16 FUNC    WEAK   DEFAULT    2 _ZN9__gnu_cxx26__concurrence_unlock_errorD2Ev
   535: 8001560c    64 FUNC    WEAK   DEFAULT    2 _ZN9__gnu_cxx24__concurrence_lock_errorD0Ev
   598: 8001564c    64 FUNC    WEAK   DEFAULT    2 _ZN9__gnu_cxx26__concurrence_unlock_errorD0Ev
   514: 8001568c    52 FUNC    WEAK   DEFAULT    2 _ZN9__gnu_cxx30__throw_concurrence_lock_errorEv
   540: 800156c0    52 FUNC    WEAK   DEFAULT    2 _ZN9__gnu_cxx32__throw_concurrence_unlock_errorEv
   372: 800156f4   376 FUNC    LOCAL  DEFAULT    2 _ZN12_GLOBAL__N_14pool4freeEPv.constprop.3
   373: 8001586c   308 FUNC    LOCAL  DEFAULT    2 _ZN12_GLOBAL__N_14pool8allocateEj.constprop.4
   916: 800159a0   100 FUNC    GLOBAL DEFAULT    2 __cxa_allocate_exception
   461: 80015a04    48 FUNC    GLOBAL DEFAULT    2 __cxa_free_exception
   374: 80015a34   132 FUNC    LOCAL  DEFAULT    2 _GLOBAL__sub_I__ZN9__gnu_cxx9__freeresEv
   375: 80015ab8    64 FUNC    LOCAL  DEFAULT    2 _GLOBAL__sub_D__ZN9__gnu_cxx9__freeresEv
   620: 80015af8     4 FUNC    GLOBAL DEFAULT    2 _ZdlPv
   485: 80015afc    16 FUNC    GLOBAL DEFAULT    2 _ZN10__cxxabiv120__si_class_type_infoD2Ev
   775: 80015afc    16 FUNC    GLOBAL DEFAULT    2 _ZN10__cxxabiv120__si_class_type_infoD1Ev
   862: 80015b0c    64 FUNC    GLOBAL DEFAULT    2 _ZN10__cxxabiv120__si_class_type_infoD0Ev
   948: 80015b4c   164 FUNC    GLOBAL DEFAULT    2 _ZNK10__cxxabiv120__si_class_type_info20__do_find_public_srcEiPKvPKNS_17__class_type_infoES2_
   749: 80015bf0   400 FUNC    GLOBAL DEFAULT    2 _ZNK10__cxxabiv120__si_class_type_info12__do_dyncastEiNS_17__class_type_info10__sub_kindEPKS1_PKvS4_S6_RNS1_16__dyncast_resultE
   761: 80015d80   148 FUNC    GLOBAL DEFAULT    2 _ZNK10__cxxabiv120__si_class_type_info11__do_upcastEPKNS_17__class_type_infoEPKvRNS1_15__upcast_resultE
   878: 80015e14    88 FUNC    GLOBAL DEFAULT    2 __cxa_call_terminate
   378: 80015e6c   104 FUNC    LOCAL  DEFAULT    2 _ZL15eh_globals_dtorPv
   814: 80015ed4    76 FUNC    GLOBAL DEFAULT    2 __cxa_get_globals_fast
   977: 80015f20   188 FUNC    GLOBAL DEFAULT    2 __cxa_get_globals
   379: 80015fdc    96 FUNC    LOCAL  DEFAULT    2 _GLOBAL__sub_I___cxa_get_globals_fast
   380: 8001603c    64 FUNC    LOCAL  DEFAULT    2 _GLOBAL__sub_D___cxa_get_globals_fast
   951: 8001607c    68 FUNC    GLOBAL DEFAULT    2 _ZN10__cxxabiv111__terminateEPFvvE
   645: 800160c0    36 FUNC    GLOBAL DEFAULT    2 _ZSt9terminatev
   910: 800160e4    24 FUNC    GLOBAL DEFAULT    2 _ZN10__cxxabiv112__unexpectedEPFvvE
   463: 800160fc    36 FUNC    GLOBAL DEFAULT    2 _ZSt10unexpectedv
   693: 80016120    24 FUNC    GLOBAL DEFAULT    2 _ZSt13get_terminatev
   892: 80016138    24 FUNC    GLOBAL DEFAULT    2 _ZSt14get_unexpectedv
   673: 80016150     4 FUNC    GLOBAL DEFAULT    2 _ZNSt9type_infoD1Ev
   759: 80016150     4 FUNC    GLOBAL DEFAULT    2 _ZNSt9type_infoD2Ev
   462: 80016154     8 FUNC    GLOBAL DEFAULT    2 _ZNKSt9type_info15__is_function_pEv
   784: 80016154     8 FUNC    GLOBAL DEFAULT    2 _ZNKSt9type_info14__is_pointer_pEv
   710: 8001615c   120 FUNC    GLOBAL DEFAULT    2 _ZNK10__cxxabiv117__class_type_info11__do_upcastEPKS0_PPv
   552: 800161d4    20 FUNC    GLOBAL DEFAULT    2 _ZNK10__cxxabiv117__class_type_info20__do_find_public_srcEiPKvPKS0_S2_
   556: 800161e8    16 FUNC    GLOBAL DEFAULT    2 _ZN10__cxxabiv117__class_type_infoD1Ev
   909: 800161e8    16 FUNC    GLOBAL DEFAULT    2 _ZN10__cxxabiv117__class_type_infoD2Ev
  1030: 800161f8    64 FUNC    GLOBAL DEFAULT    2 _ZN10__cxxabiv117__class_type_infoD0Ev
   704: 80016238   280 FUNC    GLOBAL DEFAULT    2 _ZNK10__cxxabiv117__class_type_info12__do_dyncastEiNS0_10__sub_kindEPKS0_PKvS3_S5_RNS0_16__dyncast_resultE
   619: 80016350   124 FUNC    GLOBAL DEFAULT    2 _ZNK10__cxxabiv117__class_type_info11__do_upcastEPKS0_PKvRNS0_15__upcast_resultE
   593: 800163cc   228 FUNC    GLOBAL DEFAULT    2 _ZNK10__cxxabiv117__class_type_info10__do_catchEPKSt9type_infoPPvj
   629: 800164b0   956 FUNC    GLOBAL HIDDEN     2 __udivdi3
   617: 8001686c   880 FUNC    GLOBAL HIDDEN     2 __umoddi3
   570: 80016bdc    32 FUNC    GLOBAL HIDDEN     2 __gthread_active_p
   624: 80016bfc    32 FUNC    GLOBAL HIDDEN     2 __gthread_once
   494: 80016c1c    32 FUNC    GLOBAL HIDDEN     2 __gthread_key_create
   868: 80016c3c    72 FUNC    GLOBAL HIDDEN     2 __gthread_key_delete
   973: 80016c84    72 FUNC    GLOBAL HIDDEN     2 __gthread_getspecific
   572: 80016ccc    72 FUNC    GLOBAL HIDDEN     2 __gthread_setspecific
   866: 80016d14    24 FUNC    GLOBAL HIDDEN     2 __gthread_mutex_init_function
   792: 80016d2c    32 FUNC    GLOBAL HIDDEN     2 __gthread_mutex_destroy
   565: 80016d4c    32 FUNC    GLOBAL HIDDEN     2 __gthread_mutex_lock
   966: 80016d6c    32 FUNC    GLOBAL HIDDEN     2 __gthread_mutex_unlock
   384: 80016d8c   324 FUNC    LOCAL  DEFAULT    2 read_encoded_value_with_base
   385: 80016ed0   116 FUNC    LOCAL  DEFAULT    2 base_of_encoded_value
   386: 80016f44  2400 FUNC    LOCAL  DEFAULT    2 execute_cfa_program
   387: 800178a4  1188 FUNC    LOCAL  DEFAULT    2 uw_frame_state_for
   388: 80017d48   468 FUNC    LOCAL  DEFAULT    2 init_dwarf_reg_size_table
   389: 80017f1c  2004 FUNC    LOCAL  DEFAULT    2 execute_stack_op
   390: 800186f0  1008 FUNC    LOCAL  DEFAULT    2 uw_update_context_1
   391: 80018ae0   728 FUNC    LOCAL  DEFAULT    2 uw_init_context_1
   392: 80018db8   188 FUNC    LOCAL  DEFAULT    2 uw_update_context
   393: 80018e74   276 FUNC    LOCAL  DEFAULT    2 _Unwind_RaiseException_Phase2
   394: 80018f88   356 FUNC    LOCAL  DEFAULT    2 _Unwind_ForcedUnwind_Phase2
   395: 800190ec   492 FUNC    LOCAL  DEFAULT    2 uw_install_context_1
   945: 800192d8   100 FUNC    GLOBAL HIDDEN     2 _Unwind_SetGR
   475: 8001933c    20 FUNC    GLOBAL HIDDEN     2 _Unwind_GetIPInfo
   800: 80019350     8 FUNC    GLOBAL HIDDEN     2 _Unwind_SetIP
   902: 80019358     8 FUNC    GLOBAL HIDDEN     2 _Unwind_GetLanguageSpecificData
   518: 80019360     8 FUNC    GLOBAL HIDDEN     2 _Unwind_GetRegionStart
   997: 80019368     8 FUNC    GLOBAL HIDDEN     2 _Unwind_GetDataRelBase
   877: 80019370     8 FUNC    GLOBAL HIDDEN     2 _Unwind_GetTextRelBase
   396: 80019378     4 FUNC    LOCAL  DEFAULT    2 _Unwind_DebugHook
   778: 8001937c   624 FUNC    GLOBAL HIDDEN     2 _Unwind_RaiseException
   699: 800195ec   476 FUNC    GLOBAL HIDDEN     2 _Unwind_Resume
   502: 800197c8   480 FUNC    GLOBAL HIDDEN     2 _Unwind_Resume_or_Rethrow
   700: 800199a8    28 FUNC    GLOBAL HIDDEN     2 _Unwind_DeleteException
   400: 800199c4    32 FUNC    LOCAL  DEFAULT    2 fde_unencoded_compare
   401: 800199e4   348 FUNC    LOCAL  DEFAULT    2 frame_downheap
   402: 80019b40   216 FUNC    LOCAL  DEFAULT    2 frame_heapsort
   403: 80019c18    12 FUNC    LOCAL  DEFAULT    2 init_object_mutex
   404: 80019c24   100 FUNC    LOCAL  DEFAULT    2 size_of_encoded_value
   405: 80019c88   324 FUNC    LOCAL  DEFAULT    2 read_encoded_value_with_base
   406: 80019dcc   352 FUNC    LOCAL  DEFAULT    2 get_cie_encoding
   407: 80019f2c   108 FUNC    LOCAL  DEFAULT    2 base_from_object.isra.5
   408: 80019f98   180 FUNC    LOCAL  DEFAULT    2 fde_single_encoding_compare
   409: 8001a04c   432 FUNC    LOCAL  DEFAULT    2 classify_object_over_fdes
   410: 8001a1fc   420 FUNC    LOCAL  DEFAULT    2 add_fdes
   411: 8001a3a0   488 FUNC    LOCAL  DEFAULT    2 linear_search_fdes
   412: 8001a588   228 FUNC    LOCAL  DEFAULT    2 fde_mixed_encoding_compare
   413: 8001a66c  2028 FUNC    LOCAL  DEFAULT    2 search_object
   414: 8001ae58   132 FUNC    LOCAL  DEFAULT    2 __register_frame_info_bases.part.6
   415: 8001aedc   372 FUNC    LOCAL  DEFAULT    2 __deregister_frame_info_bases.part.8
  1014: 8001b050    32 FUNC    GLOBAL HIDDEN     2 __register_frame_info
   692: 8001b070    32 FUNC    GLOBAL HIDDEN     2 __deregister_frame_info
   471: 8001b090   560 FUNC    GLOBAL HIDDEN     2 _Unwind_Find_FDE
   632: 8001b2c0    40 FUNC    GLOBAL DEFAULT    2 abort
   423: 8001b2e8     8 FUNC    LOCAL  DEFAULT    2 null_write
   969: 8001b2f0    44 FUNC    GLOBAL DEFAULT    2 _exit
   863: 8001b31c   164 FUNC    GLOBAL DEFAULT    2 build_argv
   547: 8001b3c0    32 FUNC    GLOBAL DEFAULT    2 __libc_lock_init
   794: 8001b3e0    32 FUNC    GLOBAL DEFAULT    2 __libc_lock_close
   509: 8001b400    32 FUNC    GLOBAL DEFAULT    2 __libc_lock_release
   938: 8001b420    32 FUNC    GLOBAL DEFAULT    2 __libc_lock_acquire
   791: 8001b440    24 FUNC    GLOBAL DEFAULT    2 __malloc_lock
   489: 8001b458    24 FUNC    GLOBAL DEFAULT    2 __malloc_unlock
   668: 8001b470    20 FUNC    GLOBAL DEFAULT    2 calloc
   804: 8001b484   196 FUNC    GLOBAL DEFAULT    2 _calloc_r
   944: 8001b548    64 FUNC    GLOBAL DEFAULT    2 exit
   722: 8001b588    44 FUNC    GLOBAL DEFAULT    2 __locale_mb_cur_max
   984: 8001b5b4     8 FUNC    GLOBAL DEFAULT    2 __locale_ctype_ptr_l
   571: 8001b5bc    16 FUNC    GLOBAL DEFAULT    2 malloc
  1027: 8001b5cc    16 FUNC    GLOBAL DEFAULT    2 free
   823: 8001b5dc  2220 FUNC    GLOBAL DEFAULT    2 _malloc_r
   803: 8001be88  1500 FUNC    GLOBAL DEFAULT    2 __utf8_mbtowc
   544: 8001c464   256 FUNC    GLOBAL DEFAULT    2 memcpy
   499: 8001c564   312 FUNC    GLOBAL DEFAULT    2 memmove
   808: 8001c69c   260 FUNC    GLOBAL DEFAULT    2 memset
   470: 8001c7a0   324 FUNC    GLOBAL DEFAULT    2 _puts_r
   561: 8001c8e4    16 FUNC    GLOBAL DEFAULT    2 puts
   762: 8001c8f4    20 FUNC    GLOBAL DEFAULT    2 realloc
   623: 8001c908  1560 FUNC    GLOBAL DEFAULT    2 _realloc_r
   468: 8001cf20    76 FUNC    GLOBAL DEFAULT    2 cleanup_glue
   659: 8001cf6c   312 FUNC    GLOBAL DEFAULT    2 _reclaim_reent
   548: 8001d0a4   760 FUNC    GLOBAL DEFAULT    2 setvbuf
   504: 8001d39c   360 FUNC    GLOBAL DEFAULT    2 snprintf
   993: 8001d504   352 FUNC    GLOBAL DEFAULT    2 strchr
   853: 8001d664   168 FUNC    GLOBAL DEFAULT    2 strcmp
   981: 8001d70c   140 FUNC    GLOBAL DEFAULT    2 strlen
   782: 8001d798   136 FUNC    GLOBAL DEFAULT    2 strncat
   748: 8001d820   268 FUNC    GLOBAL DEFAULT    2 strncmp
   643: 8001d92c    80 FUNC    GLOBAL DEFAULT    2 strnlen
   425: 8001d97c   132 FUNC    LOCAL  DEFAULT    2 sulp
   653: 8001da00  5052 FUNC    GLOBAL DEFAULT    2 _strtod_l
   867: 8001edbc   176 FUNC    GLOBAL DEFAULT    2 strtof
   430: 8001ee6c   596 FUNC    LOCAL  DEFAULT    2 _strtol_l.isra.0
   640: 8001f0c0    64 FUNC    GLOBAL DEFAULT    2 strtol
   553: 8001f100  8936 FUNC    GLOBAL DEFAULT    2 _svfprintf_r
   677: 800213e8    24 FUNC    GLOBAL DEFAULT    2 write
   788: 80021400   228 FUNC    GLOBAL DEFAULT    2 _vsnprintf_r
   578: 800214e4    28 FUNC    GLOBAL DEFAULT    2 vsnprintf
   480: 80021500   228 FUNC    GLOBAL DEFAULT    2 _wcrtomb_r
   723: 800215e4    16 FUNC    GLOBAL DEFAULT    2 _wcsrtombs_r
   830: 800215f4   280 FUNC    GLOBAL DEFAULT    2 __utf8_wctomb
   776: 8002170c   440 FUNC    GLOBAL DEFAULT    2 __swsetup_r
   727: 800218c4   508 FUNC    GLOBAL DEFAULT    2 __call_exitprocs
   435: 80021ac0   576 FUNC    LOCAL  DEFAULT    2 quorem
   822: 80021d00  4920 FUNC    GLOBAL DEFAULT    2 _dtoa_r
   886: 80023038   836 FUNC    GLOBAL DEFAULT    2 __sflush_r
   799: 8002337c   264 FUNC    GLOBAL DEFAULT    2 _fflush_r
   437: 80023484   156 FUNC    LOCAL  DEFAULT    2 std
   551: 80023520    12 FUNC    GLOBAL DEFAULT    2 _cleanup_r
   713: 8002352c    88 FUNC    GLOBAL DEFAULT    2 __sfp_lock_acquire
   959: 80023584    12 FUNC    GLOBAL DEFAULT    2 __sfp_lock_release
  1028: 80023590    88 FUNC    GLOBAL DEFAULT    2 __sinit_lock_acquire
   484: 800235e8   152 FUNC    GLOBAL DEFAULT    2 __sinit
   843: 80023680   312 FUNC    GLOBAL DEFAULT    2 _malloc_trim_r
   719: 800237b8   812 FUNC    GLOBAL DEFAULT    2 _free_r
   592: 80023ae4  1464 FUNC    GLOBAL DEFAULT    2 __sfvwrite_r
   947: 8002409c   212 FUNC    GLOBAL DEFAULT    2 _fwalk_reent
   441: 80024170   320 FUNC    LOCAL  DEFAULT    2 rshift
   990: 800242b0  2104 FUNC    GLOBAL DEFAULT    2 __gethex
   654: 80024ae8    80 FUNC    GLOBAL DEFAULT    2 __match
   545: 80024b38   700 FUNC    GLOBAL DEFAULT    2 __hexnan
   516: 80024df4     8 FUNC    GLOBAL DEFAULT    2 __localeconv_l
   588: 80024dfc    44 FUNC    GLOBAL DEFAULT    2 _localeconv_r
   913: 80024e28   220 FUNC    GLOBAL DEFAULT    2 __swhatbuf_r
   978: 80024f04   336 FUNC    GLOBAL DEFAULT    2 __smakebuf_r
   715: 80025054   236 FUNC    GLOBAL DEFAULT    2 memchr
   505: 80025140   224 FUNC    GLOBAL DEFAULT    2 _Balloc
  1032: 80025220    36 FUNC    GLOBAL DEFAULT    2 _Bfree
  1029: 80025244   312 FUNC    GLOBAL DEFAULT    2 __multadd
   631: 8002537c   312 FUNC    GLOBAL DEFAULT    2 __s2b
   662: 800254b4   108 FUNC    GLOBAL DEFAULT    2 __hi0bits
  1011: 80025520   188 FUNC    GLOBAL DEFAULT    2 __lo0bits
   591: 800255dc    60 FUNC    GLOBAL DEFAULT    2 __i2b
   754: 80025618   584 FUNC    GLOBAL DEFAULT    2 __multiply
   687: 80025860   364 FUNC    GLOBAL DEFAULT    2 __pow5mult
   739: 800259cc   348 FUNC    GLOBAL DEFAULT    2 __lshift
   633: 80025b28    88 FUNC    GLOBAL DEFAULT    2 __mcmp
   950: 80025b80   496 FUNC    GLOBAL DEFAULT    2 __mdiff
   896: 80025d70   156 FUNC    GLOBAL DEFAULT    2 __ulp
   615: 80025e0c   388 FUNC    GLOBAL DEFAULT    2 __b2d
   758: 80025f90   396 FUNC    GLOBAL DEFAULT    2 __d2b
   568: 8002611c   208 FUNC    GLOBAL DEFAULT    2 __ratio
   783: 800261ec   144 FUNC    GLOBAL DEFAULT    2 __copybits
   464: 8002627c   136 FUNC    GLOBAL DEFAULT    2 __any_on
   881: 80026304    12 FUNC    GLOBAL DEFAULT    2 nanf
   789: 80026310   116 FUNC    GLOBAL DEFAULT    2 __sread
   940: 80026384   184 FUNC    GLOBAL DEFAULT    2 __swrite
   483: 8002643c   112 FUNC    GLOBAL DEFAULT    2 __sseek
   819: 800264ac     8 FUNC    GLOBAL DEFAULT    2 __sclose
   744: 800264b4   588 FUNC    GLOBAL DEFAULT    2 __ssprint_r
   845: 80026700   484 FUNC    GLOBAL DEFAULT    2 _wcsnrtombs_l
   869: 800268e4    36 FUNC    GLOBAL DEFAULT    2 _wcsnrtombs_r
   604: 80026908   508 FUNC    GLOBAL DEFAULT    2 _fclose_r
   768: 80026b04   236 FUNC    GLOBAL DEFAULT    2 _close_r
   521: 80026bf0   176 FUNC    GLOBAL DEFAULT    2 _fstat_r
   465: 80026ca0     8 FUNC    GLOBAL DEFAULT    2 _isatty_r
   472: 80026ca8   224 FUNC    GLOBAL DEFAULT    2 _lseek_r
   602: 80026d88   196 FUNC    GLOBAL DEFAULT    2 _read_r
   594: 80026e4c    44 FUNC    GLOBAL DEFAULT    2 _sbrk_r
   870: 80026e78   196 FUNC    GLOBAL DEFAULT    2 _write_r
   832: 80026f3c    84 FUNC    GLOBAL DEFAULT    2 __flockfile
   968: 80026f90     8 FUNC    GLOBAL DEFAULT    2 __funlockfile
   648: 80026f98   228 FUNC    GLOBAL DEFAULT    2 __release_handle
   817: 8002707c    36 FUNC    GLOBAL DEFAULT    2 __get_handle
    57: 800270a0     0 FUNC    LOCAL  DEFAULT    2 __do_global_ctors_aux
   873: 80027100     0 FUNC    GLOBAL DEFAULT    3 __fini
