   675: 80003270     0 FUNC    GLOBAL DEFAULT    1 __init
   936: 800046e0    72 FUNC    GLOBAL HIDDEN     2 __eabi
    49: 80004728     0 FUNC    LOCAL  DEFAULT    2 deregister_tm_clones
    50: 80004758     0 FUNC    LOCAL  DEFAULT    2 register_tm_clones
    51: 80004794     0 FUNC    LOCAL  DEFAULT    2 __do_global_dtors_aux
    54: 80004864     0 FUNC    LOCAL  DEFAULT    2 frame_dummy
   887: 800048ac    64 FUNC    GLOBAL DEFAULT    2 __crtmain
   831: 800048ec   344 FUNC    GLOBAL DEFAULT    2 _ZN6Engine10readSFloatEv
   632: 80004a44   304 FUNC    GLOBAL DEFAULT    2 _ZN6Engine8readSIntEv
   541: 80004b74   296 FUNC    GLOBAL DEFAULT    2 _ZN6Engine9readStackEv
  1036: 80004c9c   332 FUNC    GLOBAL DEFAULT    2 _ZN6Engine10readUFloatEv
   923: 80004de8   328 FUNC    GLOBAL DEFAULT    2 _ZN6Engine8readUIntEv
   659: 80004f30   356 FUNC    GLOBAL DEFAULT    2 _ZN6Engine15prepareStackArgEv
   653: 80005094   176 FUNC    GLOBAL DEFAULT    2 _ZN6Engine11syntaxErrorEPKcz
   623: 80005144   236 FUNC    GLOBAL DEFAULT    2 _ZN6Engine10runCommandEPKcS1_
   783: 80005230   488 FUNC    GLOBAL DEFAULT    2 _ZN6Engine3runEPKc
   678: 80005418   844 FUNC    GLOBAL DEFAULT    2 _ZN6Engine14prepareNextArgEv
   862: 80005764    48 FUNC    GLOBAL DEFAULT    2 _ZN6Engine8getStackEv
   865: 80005794    48 FUNC    GLOBAL DEFAULT    2 _ZN6Engine7getSIntEv
   584: 800057c4    48 FUNC    GLOBAL DEFAULT    2 _ZN6Engine7getUIntEv
  1048: 800057f4    48 FUNC    GLOBAL DEFAULT    2 _ZN6Engine9getSFloatEv
   706: 80005824   176 FUNC    GLOBAL DEFAULT    2 _ZN6Engine12runtimeErrorEPKcz
  1024: 800058d4   104 FUNC    GLOBAL DEFAULT    2 _ZN6Engine8putStackE10StackValue
   839: 8000593c    48 FUNC    GLOBAL DEFAULT    2 _ZN6Engine6putIntEi
  1040: 8000596c    56 FUNC    GLOBAL DEFAULT    2 _ZN6Engine8putFloatEf
   758: 800059a4   176 FUNC    GLOBAL DEFAULT    2 _ZN6Engine5printEPKc
   569: 80005a54   496 FUNC    GLOBAL DEFAULT    2 _ZN6Engine9dumpStackEPci
  1049: 80005c44   272 FUNC    GLOBAL DEFAULT    2 _Z14processRequestPKc
   979: 80005d54     8 FUNC    GLOBAL DEFAULT    2 _Z9makeIdentPKc
   587: 80005d5c    52 FUNC    GLOBAL DEFAULT    2 _ZN6Engine7cmd_intEv
   808: 80005d90    72 FUNC    GLOBAL DEFAULT    2 _ZN6Engine8cmd_addiEv
   917: 80005dd8    72 FUNC    GLOBAL DEFAULT    2 _ZN6Engine8cmd_muliEv
   610: 80005e20    48 FUNC    GLOBAL DEFAULT    2 _ZN6Engine9cmd_floatEv
   463: 80005e50    72 FUNC    GLOBAL DEFAULT    2 _ZN6Engine8cmd_addfEv
   694: 80005e98    72 FUNC    GLOBAL DEFAULT    2 _ZN6Engine8cmd_mulfEv
   911: 80005ee0     4 FUNC    GLOBAL DEFAULT    2 _ZN6Engine7cmd_delEv
   734: 80005ee4   108 FUNC    GLOBAL DEFAULT    2 _ZN6Engine7cmd_dupEv
   705: 80005f50    64 FUNC    GLOBAL DEFAULT    2 _ZN6Engine9cmd_stackEv
   669: 80005f90   140 FUNC    GLOBAL DEFAULT    2 _ZN6Engine7cmd_rptEv
   792: 8000601c    92 FUNC    GLOBAL DEFAULT    2 _ZN6Engine8cmd_dropEv
   735: 80006078   208 FUNC    GLOBAL DEFAULT    2 _ZN6Engine8cmd_polyEv
  1000: 80006148   212 FUNC    GLOBAL DEFAULT    2 _ZN6Engine10cmd_weightEv
  1014: 8000621c   296 FUNC    GLOBAL DEFAULT    2 _ZN6Engine11cmd_inspectEv
   570: 80006344   108 FUNC    GLOBAL DEFAULT    2 _ZN6Engine9cmd_printEv
   968: 800063b0   476 FUNC    GLOBAL DEFAULT    2 _ZN6Engine8cmd_helpEv
   850: 8000658c   188 FUNC    GLOBAL DEFAULT    2 _ZN6Engine9cmd_locknEv
   801: 80006648   204 FUNC    GLOBAL DEFAULT    2 _ZN6Engine8cmd_setnEv
   827: 80006714   496 FUNC    GLOBAL DEFAULT    2 _ZN6Engine8cmd_getnEv
   184: 80006904   456 FUNC    LOCAL  DEFAULT    2 _ZZN6Engine8cmd_userEvENKUliiiE_clEiii.isra.0
   910: 80006acc   532 FUNC    GLOBAL DEFAULT    2 _ZN6Engine12cmd_otp_syncEv
   530: 80006ce0   608 FUNC    GLOBAL DEFAULT    2 _ZN6Engine12cmd_otp_initEv
   700: 80006f40   592 FUNC    GLOBAL DEFAULT    2 _ZN6Engine12cmd_otp_authEv
   692: 80007190   492 FUNC    GLOBAL DEFAULT    2 _ZN6Engine8cmd_userEv
   186: 8000737c    12 FUNC    LOCAL  DEFAULT    2 _ZL12oc_if_func11v
   187: 80007388    40 FUNC    LOCAL  DEFAULT    2 _GLOBAL__sub_I__Z7sleepNsy
   634: 800073b0    24 FUNC    GLOBAL DEFAULT    2 _ZN15CustomArgParserC1EP6Engine
   983: 800073b0    24 FUNC    GLOBAL DEFAULT    2 _ZN15CustomArgParserC2EP6Engine
   636: 800073c8    24 FUNC    GLOBAL DEFAULT    2 _ZN15CustomArgParserD2Ev
   663: 800073c8    24 FUNC    GLOBAL DEFAULT    2 _ZN15CustomArgParserD1Ev
   736: 800073e0    16 FUNC    GLOBAL DEFAULT    2 _ZN15CustomArgParser12getRemainingEv
   591: 800073f0    68 FUNC    GLOBAL DEFAULT    2 _ZN15CustomArgParser13setQuantScaleEi
   481: 80007434   300 FUNC    GLOBAL DEFAULT    2 _ZN15CustomArgParser12setQuantTypeEi
   689: 80007560   188 FUNC    GLOBAL DEFAULT    2 _ZN15CustomArgParser12setArgStringEv
   798: 8000761c   104 FUNC    GLOBAL DEFAULT    2 _ZN15CustomArgParser8getQuantEv
   948: 80007684    16 FUNC    GLOBAL DEFAULT    2 _ZN15CustomArgParser7getTextEv
   613: 80007694   212 FUNC    GLOBAL DEFAULT    2 _ZN15CustomArgParser16decompressBase64Ev
   192: 80007768   284 FUNC    LOCAL  DEFAULT    2 _ZL14ugTransferBulkiPvib
   193: 80007884   100 FUNC    LOCAL  DEFAULT    2 _ZL12oc_if_func98v
   506: 800078e8   224 FUNC    GLOBAL DEFAULT    2 _Z7ugFlushi
   871: 800079c8     8 FUNC    GLOBAL DEFAULT    2 _Z14ugSendBlockingiPKvi
   578: 800079d0     8 FUNC    GLOBAL DEFAULT    2 _Z14ugRecvBlockingiPvi
   194: 800079d8    40 FUNC    LOCAL  DEFAULT    2 _GLOBAL__sub_I__Z7ugProbei
   820: 80007a00   500 FUNC    GLOBAL DEFAULT    2 main
  1022: 80007bf4   476 FUNC    GLOBAL DEFAULT    2 _Z12base64DecodePKcPPvPi
   200: 80007dd0    88 FUNC    LOCAL  DEFAULT    2 __exi_irq_handler
   201: 80007e28   200 FUNC    LOCAL  DEFAULT    2 __ext_irq_handler
   202: 80007ef0   320 FUNC    LOCAL  DEFAULT    2 __tc_irq_handler
   203: 80008030   508 FUNC    LOCAL  DEFAULT    2 __exi_probe
   204: 8000822c   248 FUNC    LOCAL  DEFAULT    2 __exi_attach
   755: 80008324   536 FUNC    GLOBAL DEFAULT    2 EXI_Lock
   869: 8000853c   552 FUNC    GLOBAL DEFAULT    2 EXI_Unlock
   499: 80008764   584 FUNC    GLOBAL DEFAULT    2 EXI_Select
   717: 800089ac   372 FUNC    GLOBAL DEFAULT    2 EXI_Deselect
   812: 80008b20   216 FUNC    GLOBAL DEFAULT    2 EXI_Sync
   937: 80008bf8   452 FUNC    GLOBAL DEFAULT    2 EXI_Imm
   511: 80008dbc   212 FUNC    GLOBAL DEFAULT    2 EXI_ImmEx
   991: 80008e90   364 FUNC    GLOBAL DEFAULT    2 EXI_Dma
   782: 80008ffc   216 FUNC    GLOBAL DEFAULT    2 EXI_Detach
   906: 800090d4   824 FUNC    GLOBAL DEFAULT    2 EXI_GetID
   205: 8000940c    40 FUNC    LOCAL  DEFAULT    2 __unlocked_handler
   989: 80009434   112 FUNC    GLOBAL DEFAULT    2 EXI_ProbeReset
   602: 800094a4   396 FUNC    GLOBAL DEFAULT    2 __exi_init
   955: 80009630    20 FUNC    GLOBAL DEFAULT    2 __reload
   212: 80009644   188 FUNC    LOCAL  DEFAULT    2 __call_resetfuncs
   213: 80009700    20 FUNC    LOCAL  DEFAULT    2 __MEMInterruptHandler
   214: 80009714     4 FUNC    LOCAL  DEFAULT    2 __RSWDefaultHandler
   215: 80009718   244 FUNC    LOCAL  DEFAULT    2 __RSWHandler
   218: 8000980c   296 FUNC    LOCAL  DEFAULT    2 __sram_write
   220: 80009934   380 FUNC    LOCAL  DEFAULT    2 __unlocksram
   219: 80009ab0    84 FUNC    LOCAL  DEFAULT    2 __sram_writecallback
   221: 80009b04    72 FUNC    LOCAL  DEFAULT    2 __mem_onreset
   222: 80009b4c   240 FUNC    LOCAL  DEFAULT    2 __sys_alarmhandler
   223: 80009c3c   320 FUNC    LOCAL  DEFAULT    2 __sram_read.constprop.11
   621: 80009d7c     4 FUNC    WEAK   DEFAULT    2 __SYS_PreInit
   860: 80009d80     4 FUNC    GLOBAL DEFAULT    2 SYS_PreMain
   848: 80009d84    24 FUNC    GLOBAL DEFAULT    2 SYS_ResetButtonDown
   951: 80009d9c   772 FUNC    GLOBAL DEFAULT    2 SYS_ResetSystem
   542: 8000a0a0    52 FUNC    GLOBAL DEFAULT    2 __libogc_exit
  1035: 8000a0d4   120 FUNC    GLOBAL DEFAULT    2 SYS_RegisterResetFunc
   822: 8000a14c  1808 FUNC    GLOBAL DEFAULT    2 SYS_Init
   813: 8000a85c    56 FUNC    GLOBAL DEFAULT    2 SYS_SetArena1Lo
   645: 8000a894    56 FUNC    GLOBAL DEFAULT    2 SYS_GetArena1Lo
   698: 8000a8cc    56 FUNC    GLOBAL DEFAULT    2 SYS_GetArena1Hi
   859: 8000a904   288 FUNC    GLOBAL DEFAULT    2 SYS_CreateAlarm
   745: 8000aa24   496 FUNC    GLOBAL DEFAULT    2 SYS_SetAlarm
   891: 8000ac14   208 FUNC    GLOBAL DEFAULT    2 SYS_CancelAlarm
   716: 8000ace4   148 FUNC    GLOBAL DEFAULT    2 SYS_SetWirelessID
   540: 8000ad78   160 FUNC    GLOBAL DEFAULT    2 SYS_GetWirelessID
   494: 8000ae18    20 FUNC    GLOBAL DEFAULT    2 __lwp_cond_init
   589: 8000ae2c     4 FUNC    GLOBAL DEFAULT    2 __decrementer_init
   852: 8000ae30    12 FUNC    GLOBAL DEFAULT    2 c_decrementer_handler
   594: 8000ae3c    20 FUNC    GLOBAL DEFAULT    2 __lwp_mqbox_init
   236: 8000ae50   352 FUNC    LOCAL  DEFAULT    2 __si_transfer
   237: 8000afb0   224 FUNC    LOCAL  DEFAULT    2 __si_alarmhandler
   238: 8000b090   468 FUNC    LOCAL  DEFAULT    2 __si_completetransfer
   239: 8000b264   232 FUNC    LOCAL  DEFAULT    2 __si_transfernext
   616: 8000b34c    24 FUNC    GLOBAL DEFAULT    2 SI_Busy
   945: 8000b364    56 FUNC    GLOBAL DEFAULT    2 SI_IsChanBusy
   601: 8000b39c   100 FUNC    GLOBAL DEFAULT    2 SI_SetXY
   730: 8000b400   132 FUNC    GLOBAL DEFAULT    2 SI_EnablePolling
   837: 8000b484    88 FUNC    GLOBAL DEFAULT    2 SI_DisablePolling
   905: 8000b4dc   228 FUNC    GLOBAL DEFAULT    2 SI_SetSamplingRate
   527: 8000b5c0     8 FUNC    GLOBAL DEFAULT    2 SI_RefreshSamplingRate
   493: 8000b5c8   120 FUNC    GLOBAL DEFAULT    2 SI_GetStatus
   553: 8000b640   128 FUNC    GLOBAL DEFAULT    2 SI_GetResponseRaw
  1017: 8000b6c0   184 FUNC    GLOBAL DEFAULT    2 SI_GetResponse
   651: 8000b778    16 FUNC    GLOBAL DEFAULT    2 SI_SetCommand
   817: 8000b788   664 FUNC    GLOBAL DEFAULT    2 SI_Transfer
   241: 8000ba20   724 FUNC    LOCAL  DEFAULT    2 __si_gettypecallback
   242: 8000bcf4   624 FUNC    LOCAL  DEFAULT    2 __si_interrupthandler
   682: 8000bf64   472 FUNC    GLOBAL DEFAULT    2 SI_GetType
   583: 8000c13c   312 FUNC    GLOBAL DEFAULT    2 SI_GetTypeAsync
   933: 8000c274   172 FUNC    GLOBAL DEFAULT    2 SI_EnablePollingInterrupt
   677: 8000c320   220 FUNC    GLOBAL DEFAULT    2 SI_UnregisterPollingHandler
   885: 8000c3fc   248 FUNC    GLOBAL DEFAULT    2 __si_init
  1003: 8000c4f4     8 FUNC    GLOBAL DEFAULT    2 gettick
   934: 8000c4fc    24 FUNC    GLOBAL DEFAULT    2 gettime
   998: 8000c514   136 FUNC    GLOBAL DEFAULT    2 diff_usec
   939: 8000c59c    28 FUNC    GLOBAL DEFAULT    2 __timesystem_init
   767: 8000c5b8   172 FUNC    GLOBAL DEFAULT    2 udelay
   832: 8000c664   368 FUNC    GLOBAL DEFAULT    2 __libogc_nanosleep
   975: 8000c7d4   212 FUNC    GLOBAL DEFAULT    2 __libogc_gettod_r
   500: 8000c8a8   120 FUNC    GLOBAL DEFAULT    2 __libogc_lock_init
   535: 8000c920   100 FUNC    GLOBAL DEFAULT    2 __libogc_lock_close
   974: 8000c984    32 FUNC    GLOBAL DEFAULT    2 __libogc_lock_acquire
   571: 8000c9a4    32 FUNC    GLOBAL DEFAULT    2 __libogc_lock_release
   600: 8000c9c4    16 FUNC    GLOBAL DEFAULT    2 __libc_create_hook
   614: 8000c9d4   156 FUNC    GLOBAL DEFAULT    2 __libc_start_hook
   761: 8000ca70   252 FUNC    GLOBAL DEFAULT    2 __libc_delete_hook
   658: 8000cb6c   176 FUNC    GLOBAL DEFAULT    2 __libc_init
   509: 8000cc1c   224 FUNC    GLOBAL DEFAULT    2 __libogc_sbrk_r
   695: 8000ccfc   124 FUNC    GLOBAL DEFAULT    2 __memlock_init
   664: 8000cd78   504 FUNC    GLOBAL DEFAULT    2 __libogc_malloc_lock
   631: 8000cf70   100 FUNC    GLOBAL DEFAULT    2 __libogc_malloc_unlock
   902: 8000cfd4   128 FUNC    GLOBAL DEFAULT    2 __CheckARGV
   904: 8000d054    36 FUNC    GLOBAL DEFAULT    2 __lwp_priority_init
   482: 8000d078    96 FUNC    GLOBAL DEFAULT    2 __lwp_queue_initialize
   932: 8000d0d8   116 FUNC    GLOBAL DEFAULT    2 __lwp_queue_get
   961: 8000d14c    76 FUNC    GLOBAL DEFAULT    2 __lwp_queue_append
   970: 8000d198   324 FUNC    GLOBAL DEFAULT    2 __lwp_threadqueue_enqueuefifo
   727: 8000d2dc   332 FUNC    GLOBAL DEFAULT    2 __lwp_threadqueue_dequeuefifo
   560: 8000d428   992 FUNC    GLOBAL DEFAULT    2 __lwp_threadqueue_enqueuepriority
   490: 8000d808   472 FUNC    GLOBAL DEFAULT    2 __lwp_threadqueue_dequeuepriority
   491: 8000d9e0   100 FUNC    GLOBAL DEFAULT    2 __lwp_threadqueue_init
   697: 8000da44   312 FUNC    GLOBAL DEFAULT    2 __lwp_threadqueue_enqueue
   648: 8000db7c    36 FUNC    GLOBAL DEFAULT    2 __lwp_threadqueue_dequeue
   853: 8000dba0    76 FUNC    GLOBAL DEFAULT    2 __lwp_threadqueue_flush
   619: 8000dbec   232 FUNC    GLOBAL DEFAULT    2 __lwp_threadqueue_extractfifo
   654: 8000dcd4   320 FUNC    GLOBAL DEFAULT    2 __lwp_threadqueue_extractpriority
   666: 8000de14    28 FUNC    GLOBAL DEFAULT    2 __lwp_threadqueue_extract
   271: 8000de30   136 FUNC    LOCAL  DEFAULT    2 __lwp_threadqueue_timeout
   545: 8000deb8    68 FUNC    GLOBAL DEFAULT    2 __lwp_threadqueue_extractproxy
   821: 8000defc     8 FUNC    GLOBAL DEFAULT    2 __lwp_isr_in_progress
   478: 8000df04   136 FUNC    GLOBAL DEFAULT    2 __thread_dispatch_fp
   615: 8000df8c   272 FUNC    GLOBAL DEFAULT    2 __thread_dispatch
   558: 8000e09c   236 FUNC    GLOBAL DEFAULT    2 __lwp_thread_resettimeslice
   997: 8000e188   204 FUNC    GLOBAL DEFAULT    2 __lwp_thread_tickle_timeslice
   965: 8000e254   376 FUNC    GLOBAL DEFAULT    2 __lwp_thread_setstate
   581: 8000e3cc   228 FUNC    GLOBAL DEFAULT    2 __lwp_thread_clearstate
   995: 8000e4b0    72 FUNC    GLOBAL DEFAULT    2 __lwp_thread_delayended
   710: 8000e4f8   180 FUNC    GLOBAL DEFAULT    2 __lwp_thread_settransient
  1025: 8000e5ac   504 FUNC    GLOBAL DEFAULT    2 __lwp_thread_changepriority
   683: 8000e7a4   244 FUNC    GLOBAL DEFAULT    2 __lwp_thread_ready
  1032: 8000e898   384 FUNC    GLOBAL DEFAULT    2 __lwp_thread_init
   890: 8000ea18   304 FUNC    GLOBAL DEFAULT    2 __lwp_thread_close
   577: 8000eb48   184 FUNC    GLOBAL DEFAULT    2 __lwp_thread_closeall
   656: 8000ec00    92 FUNC    GLOBAL DEFAULT    2 __lwp_thread_exit
   273: 8000ec5c   180 FUNC    LOCAL  DEFAULT    2 __lwp_thread_handler
   585: 8000ed10   212 FUNC    GLOBAL DEFAULT    2 __lwp_thread_start
   918: 8000ede4   176 FUNC    GLOBAL DEFAULT    2 __lwp_thread_startmultitasking
   969: 8000ee94    88 FUNC    GLOBAL DEFAULT    2 __lwp_thread_stopmultitasking
   565: 8000eeec   176 FUNC    GLOBAL DEFAULT    2 __lwp_thread_coreinit
   276: 8000ef9c     4 FUNC    LOCAL  DEFAULT    2 idle_func
   876: 8000efa0   280 FUNC    GLOBAL DEFAULT    2 __lwp_sysinit
  1046: 8000f0b8   336 FUNC    GLOBAL DEFAULT    2 LWP_InitQueue
   915: 8000f208   272 FUNC    GLOBAL DEFAULT    2 LWP_ThreadSleep
   495: 8000f318   136 FUNC    GLOBAL DEFAULT    2 LWP_ThreadBroadcast
   946: 8000f3a0    96 FUNC    GLOBAL DEFAULT    2 __lwp_stack_allocate
   738: 8000f400    28 FUNC    GLOBAL DEFAULT    2 __lwp_stack_free
   777: 8000f41c   164 FUNC    GLOBAL DEFAULT    2 __lwp_mutex_initialize
   691: 8000f4c0   372 FUNC    GLOBAL DEFAULT    2 __lwp_mutex_surrender
   908: 8000f634   260 FUNC    GLOBAL DEFAULT    2 __lwp_mutex_seize_irq_blocking
   532: 8000f738     4 FUNC    GLOBAL DEFAULT    2 __lwp_mutex_flush
   280: 8000f73c   216 FUNC    LOCAL  DEFAULT    2 __lwp_wd_settimer.isra.4
   785: 8000f814    44 FUNC    GLOBAL DEFAULT    2 __lwp_watchdog_init
   595: 8000f840   484 FUNC    GLOBAL DEFAULT    2 __lwp_wd_insert
   858: 8000fa24   324 FUNC    GLOBAL DEFAULT    2 __lwp_wd_remove
   715: 8000fb68   288 FUNC    GLOBAL DEFAULT    2 __lwp_wd_tickle
   711: 8000fc88   196 FUNC    GLOBAL DEFAULT    2 __lwp_wkspace_init
   537: 8000fd4c   420 FUNC    GLOBAL DEFAULT    2 __lwp_objmgr_initinfo
  1007: 8000fef0    96 FUNC    GLOBAL DEFAULT    2 __lwp_objmgr_getisrdisable
   943: 8000ff50    36 FUNC    GLOBAL DEFAULT    2 __lwp_objmgr_getnoprotection
   847: 8000ff74   112 FUNC    GLOBAL DEFAULT    2 __lwp_objmgr_get
   840: 8000ffe4   136 FUNC    GLOBAL DEFAULT    2 __lwp_objmgr_allocate
   496: 8001006c    96 FUNC    GLOBAL DEFAULT    2 __lwp_objmgr_free
   475: 800100cc   164 FUNC    GLOBAL DEFAULT    2 __lwp_heap_init
   868: 80010170   364 FUNC    GLOBAL DEFAULT    2 __lwp_heap_allocate
   764: 800102dc   392 FUNC    GLOBAL DEFAULT    2 __lwp_heap_free
   516: 80010464   164 FUNC    GLOBAL DEFAULT    2 __exception_load
   967: 80010508    32 FUNC    GLOBAL DEFAULT    2 __systemcall_init
   699: 80010528   216 FUNC    GLOBAL DEFAULT    2 __exception_init
   562: 80010600   172 FUNC    GLOBAL DEFAULT    2 __exception_close
   744: 800106ac    84 FUNC    GLOBAL DEFAULT    2 __exception_closeall
  1038: 80010700  1108 FUNC    GLOBAL DEFAULT    2 c_default_exceptionhandler
   292: 80010b54   652 FUNC    LOCAL  DEFAULT    2 __SetInterrupts
   748: 80010de0   624 FUNC    GLOBAL DEFAULT    2 c_irqdispatcher
   750: 80011050   132 FUNC    GLOBAL DEFAULT    2 __UnmaskIrq
   733: 800110d4   132 FUNC    GLOBAL DEFAULT    2 __MaskIrq
  1023: 80011158   156 FUNC    GLOBAL DEFAULT    2 __irq_init
   947: 800111f4    80 FUNC    GLOBAL DEFAULT    2 IRQ_Request
   763: 80011244    68 FUNC    GLOBAL DEFAULT    2 IRQ_GetHandler
   826: 80011288    20 FUNC    GLOBAL DEFAULT    2 __lwp_sema_init
   861: 8001129c   572 FUNC    GLOBAL DEFAULT    2 VIDEO_SetFramebuffer
   649: 800114d8   120 FUNC    GLOBAL DEFAULT    2 VIDEO_GetCurrentTvMode
   718: 80011550   156 FUNC    GLOBAL DEFAULT    2 VIDEO_GetCurrentLine
   307: 800115ec   260 FUNC    LOCAL  DEFAULT    2 SPEC0_MakeStatus
   308: 800116f0   260 FUNC    LOCAL  DEFAULT    2 SPEC1_MakeStatus
   309: 800117f4   596 FUNC    LOCAL  DEFAULT    2 SPEC2_MakeStatus
   310: 80011a48     4 FUNC    LOCAL  DEFAULT    2 __pad_samplinghandler
   311: 80011a4c    80 FUNC    LOCAL  DEFAULT    2 __pad_doreset
   315: 80011a9c   160 FUNC    LOCAL  DEFAULT    2 __pad_updateorigin
   316: 80011b3c   192 FUNC    LOCAL  DEFAULT    2 __pad_disable
   321: 80011bfc    92 FUNC    LOCAL  DEFAULT    2 __pad_enable
   314: 80011c58   356 FUNC    LOCAL  DEFAULT    2 __pad_typeandstatuscallback
   327: 80011dbc    72 FUNC    LOCAL  DEFAULT    2 __pad_probecallback
   324: 80011e04    56 FUNC    LOCAL  DEFAULT    2 __pad_origincallback
   328: 80011e3c   120 FUNC    LOCAL  DEFAULT    2 __pad_originupdatecallback
   329: 80011eb4   136 FUNC    LOCAL  DEFAULT    2 __pad_receivecheckcallback
   330: 80011f3c    84 FUNC    LOCAL  DEFAULT    2 PAD_SetSpec.part.3
   332: 80011f90   264 FUNC    LOCAL  DEFAULT    2 __pad_onreset
   536: 80012098    88 FUNC    GLOBAL DEFAULT    2 __PADDisableRecalibration
   729: 800120f0   240 FUNC    GLOBAL DEFAULT    2 PAD_Reset
   522: 800121e0   764 FUNC    GLOBAL DEFAULT    2 PAD_Read
   922: 800124dc   208 FUNC    GLOBAL DEFAULT    2 PAD_Init
   751: 800125ac   340 FUNC    GLOBAL DEFAULT    2 PAD_ScanPads
   721: 80012700    56 FUNC    GLOBAL DEFAULT    2 PAD_ButtonsDown
   341: 80012738   660 FUNC    LOCAL  DEFAULT    2 __lwp_mutex_locksupp.constprop.8
   739: 800129cc    20 FUNC    GLOBAL DEFAULT    2 __lwp_mutex_init
   836: 800129e0   228 FUNC    GLOBAL DEFAULT    2 LWP_MutexInit
   533: 80012ac4   240 FUNC    GLOBAL DEFAULT    2 LWP_MutexDestroy
   981: 80012bb4     8 FUNC    GLOBAL DEFAULT    2 LWP_MutexLock
   784: 80012bbc   156 FUNC    GLOBAL DEFAULT    2 LWP_MutexUnlock
   346: 80012c58   160 FUNC    LOCAL  DEFAULT    2 __GX_WaitAbort
   928: 80012cf8   512 FUNC    GLOBAL DEFAULT    2 GX_AbortFrame
   350: 80012ef8   828 FUNC    LOCAL  DEFAULT    2 number
   643: 80013234  1888 FUNC    GLOBAL DEFAULT    2 kvsprintf
   935: 80013994   172 FUNC    GLOBAL DEFAULT    2 kprintf
   352: 80013a40   132 FUNC    LOCAL  DEFAULT    2 __console_clear_line
   354: 80013ac4    84 FUNC    LOCAL  DEFAULT    2 __console_clear
   771: 80013b18  1800 FUNC    GLOBAL DEFAULT    2 __console_write
   549: 80014220   264 FUNC    GLOBAL DEFAULT    2 __console_init
   485: 80014328   256 FUNC    GLOBAL DEFAULT    2 CON_EnableGecko
   361: 80014428    48 FUNC    LOCAL  DEFAULT    2 __usbgecko_exi_unlock
   363: 80014458   200 FUNC    LOCAL  DEFAULT    2 __usb_sendbyte
   883: 80014520   192 FUNC    GLOBAL DEFAULT    2 __usb_checksend
   469: 800145e0   440 FUNC    GLOBAL DEFAULT    2 usb_isgeckoalive
  1041: 80014798   400 FUNC    GLOBAL DEFAULT    2 usb_sendbuffer_ex
   690: 80014928     8 FUNC    GLOBAL DEFAULT    2 usb_sendbuffer
   646: 80014930   416 FUNC    GLOBAL DEFAULT    2 usb_sendbuffer_safe_ex
   872: 80014ad0     8 FUNC    GLOBAL DEFAULT    2 usb_sendbuffer_safe
   366: 80014ad8   152 FUNC    LOCAL  DEFAULT    2 _ZL16get_adjusted_ptrPKSt9type_infoS1_PPv
   367: 80014b70   324 FUNC    LOCAL  DEFAULT    2 _ZL28read_encoded_value_with_basehjPKhPj
   368: 80014cb4   260 FUNC    LOCAL  DEFAULT    2 _ZL15get_ttype_entryP16lsda_header_infom
   369: 80014db8   184 FUNC    LOCAL  DEFAULT    2 _ZL20check_exception_specP16lsda_header_infoPKSt9type_infoPvl
   370: 80014e70   112 FUNC    LOCAL  DEFAULT    2 _ZL21base_of_encoded_valuehP15_Unwind_Context
   371: 80014ee0   308 FUNC    LOCAL  DEFAULT    2 _ZL17parse_lsda_headerP15_Unwind_ContextPKhP16lsda_header_info
   673: 80015014  1720 FUNC    GLOBAL DEFAULT    2 __gxx_personality_v0
   534: 800156cc   248 FUNC    GLOBAL DEFAULT    2 __cxa_call_unexpected
   504: 800157c4     4 FUNC    GLOBAL DEFAULT    2 _ZNSt9exceptionD2Ev
   949: 800157c4     4 FUNC    GLOBAL DEFAULT    2 _ZNSt9exceptionD1Ev
   644: 800157c8     4 FUNC    GLOBAL DEFAULT    2 _ZNSt13bad_exceptionD2Ev
   851: 800157c8     4 FUNC    GLOBAL DEFAULT    2 _ZNSt13bad_exceptionD1Ev
   757: 800157cc    12 FUNC    GLOBAL DEFAULT    2 _ZGTtNKSt13bad_exception4whatEv
   838: 800157cc    12 FUNC    GLOBAL DEFAULT    2 _ZNKSt13bad_exception4whatEv
   925: 800157d8     8 FUNC    GLOBAL DEFAULT    2 _ZNSt13bad_exceptionD0Ev
   687: 800157e0     4 FUNC    GLOBAL DEFAULT    2 _ZdlPvj
   373: 800157e4   140 FUNC    LOCAL  DEFAULT    2 _ZL23__gxx_exception_cleanup19_Unwind_Reason_CodeP17_Unwind_Exception
   807: 80015870   156 FUNC    GLOBAL DEFAULT    2 __cxa_throw
   480: 8001590c   140 FUNC    GLOBAL DEFAULT    2 __cxa_rethrow
   919: 80015998   196 FUNC    GLOBAL DEFAULT    2 __cxa_begin_catch
   642: 80015a5c   188 FUNC    GLOBAL DEFAULT    2 __cxa_end_catch
   898: 80015b18    12 FUNC    WEAK   DEFAULT    2 _ZNK9__gnu_cxx24__concurrence_lock_error4whatEv
   580: 80015b24    12 FUNC    WEAK   DEFAULT    2 _ZNK9__gnu_cxx26__concurrence_unlock_error4whatEv
   752: 80015b30    16 FUNC    WEAK   DEFAULT    2 _ZN9__gnu_cxx24__concurrence_lock_errorD2Ev
   987: 80015b30    16 FUNC    WEAK   DEFAULT    2 _ZN9__gnu_cxx24__concurrence_lock_errorD1Ev
   626: 80015b40    16 FUNC    WEAK   DEFAULT    2 _ZN9__gnu_cxx26__concurrence_unlock_errorD1Ev
   899: 80015b40    16 FUNC    WEAK   DEFAULT    2 _ZN9__gnu_cxx26__concurrence_unlock_errorD2Ev
   538: 80015b50    64 FUNC    WEAK   DEFAULT    2 _ZN9__gnu_cxx24__concurrence_lock_errorD0Ev
   603: 80015b90    64 FUNC    WEAK   DEFAULT    2 _ZN9__gnu_cxx26__concurrence_unlock_errorD0Ev
   517: 80015bd0    52 FUNC    WEAK   DEFAULT    2 _ZN9__gnu_cxx30__throw_concurrence_lock_errorEv
   543: 80015c04    52 FUNC    WEAK   DEFAULT    2 _ZN9__gnu_cxx32__throw_concurrence_unlock_errorEv
   375: 80015c38   376 FUNC    LOCAL  DEFAULT    2 _ZN12_GLOBAL__N_14pool4freeEPv.constprop.3
   376: 80015db0   308 FUNC    LOCAL  DEFAULT    2 _ZN12_GLOBAL__N_14pool8allocateEj.constprop.4
   927: 80015ee4   100 FUNC    GLOBAL DEFAULT    2 __cxa_allocate_exception
   464: 80015f48    48 FUNC    GLOBAL DEFAULT    2 __cxa_free_exception
   377: 80015f78   132 FUNC    LOCAL  DEFAULT    2 _GLOBAL__sub_I__ZN9__gnu_cxx9__freeresEv
   378: 80015ffc    64 FUNC    LOCAL  DEFAULT    2 _GLOBAL__sub_D__ZN9__gnu_cxx9__freeresEv
   625: 8001603c     4 FUNC    GLOBAL DEFAULT    2 _ZdlPv
   488: 80016040    16 FUNC    GLOBAL DEFAULT    2 _ZN10__cxxabiv120__si_class_type_infoD2Ev
   786: 80016040    16 FUNC    GLOBAL DEFAULT    2 _ZN10__cxxabiv120__si_class_type_infoD1Ev
   873: 80016050    64 FUNC    GLOBAL DEFAULT    2 _ZN10__cxxabiv120__si_class_type_infoD0Ev
   960: 80016090   164 FUNC    GLOBAL DEFAULT    2 _ZNK10__cxxabiv120__si_class_type_info20__do_find_public_srcEiPKvPKNS_17__class_type_infoES2_
   760: 80016134   400 FUNC    GLOBAL DEFAULT    2 _ZNK10__cxxabiv120__si_class_type_info12__do_dyncastEiNS_17__class_type_info10__sub_kindEPKS1_PKvS4_S6_RNS1_16__dyncast_resultE
   772: 800162c4   148 FUNC    GLOBAL DEFAULT    2 _ZNK10__cxxabiv120__si_class_type_info11__do_upcastEPKNS_17__class_type_infoEPKvRNS1_15__upcast_resultE
   889: 80016358    88 FUNC    GLOBAL DEFAULT    2 __cxa_call_terminate
   381: 800163b0   104 FUNC    LOCAL  DEFAULT    2 _ZL15eh_globals_dtorPv
   825: 80016418    76 FUNC    GLOBAL DEFAULT    2 __cxa_get_globals_fast
   992: 80016464   188 FUNC    GLOBAL DEFAULT    2 __cxa_get_globals
   382: 80016520    96 FUNC    LOCAL  DEFAULT    2 _GLOBAL__sub_I___cxa_get_globals_fast
   383: 80016580    64 FUNC    LOCAL  DEFAULT    2 _GLOBAL__sub_D___cxa_get_globals_fast
   963: 800165c0    68 FUNC    GLOBAL DEFAULT    2 _ZN10__cxxabiv111__terminateEPFvvE
   652: 80016604    36 FUNC    GLOBAL DEFAULT    2 _ZSt9terminatev
   921: 80016628    24 FUNC    GLOBAL DEFAULT    2 _ZN10__cxxabiv112__unexpectedEPFvvE
   466: 80016640    36 FUNC    GLOBAL DEFAULT    2 _ZSt10unexpectedv
   702: 80016664    24 FUNC    GLOBAL DEFAULT    2 _ZSt13get_terminatev
   903: 8001667c    24 FUNC    GLOBAL DEFAULT    2 _ZSt14get_unexpectedv
   681: 80016694     4 FUNC    GLOBAL DEFAULT    2 _ZNSt9type_infoD1Ev
   770: 80016694     4 FUNC    GLOBAL DEFAULT    2 _ZNSt9type_infoD2Ev
   465: 80016698     8 FUNC    GLOBAL DEFAULT    2 _ZNKSt9type_info15__is_function_pEv
   795: 80016698     8 FUNC    GLOBAL DEFAULT    2 _ZNKSt9type_info14__is_pointer_pEv
   719: 800166a0   120 FUNC    GLOBAL DEFAULT    2 _ZNK10__cxxabiv117__class_type_info11__do_upcastEPKS0_PPv
   555: 80016718    20 FUNC    GLOBAL DEFAULT    2 _ZNK10__cxxabiv117__class_type_info20__do_find_public_srcEiPKvPKS0_S2_
   559: 8001672c    16 FUNC    GLOBAL DEFAULT    2 _ZN10__cxxabiv117__class_type_infoD1Ev
   920: 8001672c    16 FUNC    GLOBAL DEFAULT    2 _ZN10__cxxabiv117__class_type_infoD2Ev
  1045: 8001673c    64 FUNC    GLOBAL DEFAULT    2 _ZN10__cxxabiv117__class_type_infoD0Ev
   713: 8001677c   280 FUNC    GLOBAL DEFAULT    2 _ZNK10__cxxabiv117__class_type_info12__do_dyncastEiNS0_10__sub_kindEPKS0_PKvS3_S5_RNS0_16__dyncast_resultE
   624: 80016894   124 FUNC    GLOBAL DEFAULT    2 _ZNK10__cxxabiv117__class_type_info11__do_upcastEPKS0_PKvRNS0_15__upcast_resultE
   598: 80016910   228 FUNC    GLOBAL DEFAULT    2 _ZNK10__cxxabiv117__class_type_info10__do_catchEPKSt9type_infoPPvj
   635: 800169f4   956 FUNC    GLOBAL HIDDEN     2 __udivdi3
   622: 80016db0   880 FUNC    GLOBAL HIDDEN     2 __umoddi3
   574: 80017120    32 FUNC    GLOBAL HIDDEN     2 __gthread_active_p
   629: 80017140    32 FUNC    GLOBAL HIDDEN     2 __gthread_once
   497: 80017160    32 FUNC    GLOBAL HIDDEN     2 __gthread_key_create
   879: 80017180    72 FUNC    GLOBAL HIDDEN     2 __gthread_key_delete
   988: 800171c8    72 FUNC    GLOBAL HIDDEN     2 __gthread_getspecific
   576: 80017210    72 FUNC    GLOBAL HIDDEN     2 __gthread_setspecific
   877: 80017258    24 FUNC    GLOBAL HIDDEN     2 __gthread_mutex_init_function
   803: 80017270    32 FUNC    GLOBAL HIDDEN     2 __gthread_mutex_destroy
   568: 80017290    32 FUNC    GLOBAL HIDDEN     2 __gthread_mutex_lock
   980: 800172b0    32 FUNC    GLOBAL HIDDEN     2 __gthread_mutex_unlock
   387: 800172d0   324 FUNC    LOCAL  DEFAULT    2 read_encoded_value_with_base
   388: 80017414   116 FUNC    LOCAL  DEFAULT    2 base_of_encoded_value
   389: 80017488  2400 FUNC    LOCAL  DEFAULT    2 execute_cfa_program
   390: 80017de8  1188 FUNC    LOCAL  DEFAULT    2 uw_frame_state_for
   391: 8001828c   468 FUNC    LOCAL  DEFAULT    2 init_dwarf_reg_size_table
   392: 80018460  2004 FUNC    LOCAL  DEFAULT    2 execute_stack_op
   393: 80018c34  1008 FUNC    LOCAL  DEFAULT    2 uw_update_context_1
   394: 80019024   728 FUNC    LOCAL  DEFAULT    2 uw_init_context_1
   395: 800192fc   188 FUNC    LOCAL  DEFAULT    2 uw_update_context
   396: 800193b8   276 FUNC    LOCAL  DEFAULT    2 _Unwind_RaiseException_Phase2
   397: 800194cc   356 FUNC    LOCAL  DEFAULT    2 _Unwind_ForcedUnwind_Phase2
   398: 80019630   492 FUNC    LOCAL  DEFAULT    2 uw_install_context_1
   957: 8001981c   100 FUNC    GLOBAL HIDDEN     2 _Unwind_SetGR
   477: 80019880    20 FUNC    GLOBAL HIDDEN     2 _Unwind_GetIPInfo
   811: 80019894     8 FUNC    GLOBAL HIDDEN     2 _Unwind_SetIP
   913: 8001989c     8 FUNC    GLOBAL HIDDEN     2 _Unwind_GetLanguageSpecificData
   521: 800198a4     8 FUNC    GLOBAL HIDDEN     2 _Unwind_GetRegionStart
  1012: 800198ac     8 FUNC    GLOBAL HIDDEN     2 _Unwind_GetDataRelBase
   888: 800198b4     8 FUNC    GLOBAL HIDDEN     2 _Unwind_GetTextRelBase
   399: 800198bc     4 FUNC    LOCAL  DEFAULT    2 _Unwind_DebugHook
   789: 800198c0   624 FUNC    GLOBAL HIDDEN     2 _Unwind_RaiseException
   708: 80019b30   476 FUNC    GLOBAL HIDDEN     2 _Unwind_Resume
   505: 80019d0c   480 FUNC    GLOBAL HIDDEN     2 _Unwind_Resume_or_Rethrow
   709: 80019eec    28 FUNC    GLOBAL HIDDEN     2 _Unwind_DeleteException
   403: 80019f08    32 FUNC    LOCAL  DEFAULT    2 fde_unencoded_compare
   404: 80019f28   348 FUNC    LOCAL  DEFAULT    2 frame_downheap
   405: 8001a084   216 FUNC    LOCAL  DEFAULT    2 frame_heapsort
   406: 8001a15c    12 FUNC    LOCAL  DEFAULT    2 init_object_mutex
   407: 8001a168   100 FUNC    LOCAL  DEFAULT    2 size_of_encoded_value
   408: 8001a1cc   324 FUNC    LOCAL  DEFAULT    2 read_encoded_value_with_base
   409: 8001a310   352 FUNC    LOCAL  DEFAULT    2 get_cie_encoding
   410: 8001a470   108 FUNC    LOCAL  DEFAULT    2 base_from_object.isra.5
   411: 8001a4dc   180 FUNC    LOCAL  DEFAULT    2 fde_single_encoding_compare
   412: 8001a590   432 FUNC    LOCAL  DEFAULT    2 classify_object_over_fdes
   413: 8001a740   420 FUNC    LOCAL  DEFAULT    2 add_fdes
   414: 8001a8e4   488 FUNC    LOCAL  DEFAULT    2 linear_search_fdes
   415: 8001aacc   228 FUNC    LOCAL  DEFAULT    2 fde_mixed_encoding_compare
   416: 8001abb0  2028 FUNC    LOCAL  DEFAULT    2 search_object
   417: 8001b39c   132 FUNC    LOCAL  DEFAULT    2 __register_frame_info_bases.part.6
   418: 8001b420   372 FUNC    LOCAL  DEFAULT    2 __deregister_frame_info_bases.part.8
  1029: 8001b594    32 FUNC    GLOBAL HIDDEN     2 __register_frame_info
   701: 8001b5b4    32 FUNC    GLOBAL HIDDEN     2 __deregister_frame_info
   473: 8001b5d4   560 FUNC    GLOBAL HIDDEN     2 _Unwind_Find_FDE
   639: 8001b804    40 FUNC    GLOBAL DEFAULT    2 abort
   426: 8001b82c     8 FUNC    LOCAL  DEFAULT    2 null_write
   984: 8001b834    44 FUNC    GLOBAL DEFAULT    2 _exit
   874: 8001b860   164 FUNC    GLOBAL DEFAULT    2 build_argv
   550: 8001b904    32 FUNC    GLOBAL DEFAULT    2 __libc_lock_init
   805: 8001b924    32 FUNC    GLOBAL DEFAULT    2 __libc_lock_close
   512: 8001b944    32 FUNC    GLOBAL DEFAULT    2 __libc_lock_release
   950: 8001b964    32 FUNC    GLOBAL DEFAULT    2 __libc_lock_acquire
   802: 8001b984    24 FUNC    GLOBAL DEFAULT    2 __malloc_lock
   492: 8001b99c    24 FUNC    GLOBAL DEFAULT    2 __malloc_unlock
   676: 8001b9b4    20 FUNC    GLOBAL DEFAULT    2 calloc
   815: 8001b9c8   196 FUNC    GLOBAL DEFAULT    2 _calloc_r
   956: 8001ba8c    64 FUNC    GLOBAL DEFAULT    2 exit
   731: 8001bacc    44 FUNC    GLOBAL DEFAULT    2 __locale_mb_cur_max
   999: 8001baf8     8 FUNC    GLOBAL DEFAULT    2 __locale_ctype_ptr_l
   575: 8001bb00    16 FUNC    GLOBAL DEFAULT    2 malloc
  1042: 8001bb10    16 FUNC    GLOBAL DEFAULT    2 free
   834: 8001bb20  2220 FUNC    GLOBAL DEFAULT    2 _malloc_r
   814: 8001c3cc  1500 FUNC    GLOBAL DEFAULT    2 __utf8_mbtowc
   547: 8001c9a8   256 FUNC    GLOBAL DEFAULT    2 memcpy
   502: 8001caa8   312 FUNC    GLOBAL DEFAULT    2 memmove
   819: 8001cbe0   260 FUNC    GLOBAL DEFAULT    2 memset
   472: 8001cce4   324 FUNC    GLOBAL DEFAULT    2 _puts_r
   564: 8001ce28    16 FUNC    GLOBAL DEFAULT    2 puts
   773: 8001ce38    20 FUNC    GLOBAL DEFAULT    2 realloc
   628: 8001ce4c  1560 FUNC    GLOBAL DEFAULT    2 _realloc_r
   470: 8001d464    76 FUNC    GLOBAL DEFAULT    2 cleanup_glue
   667: 8001d4b0   312 FUNC    GLOBAL DEFAULT    2 _reclaim_reent
   551: 8001d5e8   760 FUNC    GLOBAL DEFAULT    2 setvbuf
   507: 8001d8e0   360 FUNC    GLOBAL DEFAULT    2 snprintf
  1008: 8001da48   352 FUNC    GLOBAL DEFAULT    2 strchr
   864: 8001dba8   168 FUNC    GLOBAL DEFAULT    2 strcmp
   996: 8001dc50   140 FUNC    GLOBAL DEFAULT    2 strlen
   793: 8001dcdc   136 FUNC    GLOBAL DEFAULT    2 strncat
   759: 8001dd64   268 FUNC    GLOBAL DEFAULT    2 strncmp
   650: 8001de70    80 FUNC    GLOBAL DEFAULT    2 strnlen
   428: 8001dec0   132 FUNC    LOCAL  DEFAULT    2 sulp
   660: 8001df44  5052 FUNC    GLOBAL DEFAULT    2 _strtod_l
   878: 8001f300   176 FUNC    GLOBAL DEFAULT    2 strtof
   433: 8001f3b0   596 FUNC    LOCAL  DEFAULT    2 _strtol_l.isra.0
   647: 8001f604    64 FUNC    GLOBAL DEFAULT    2 strtol
   556: 8001f644  8936 FUNC    GLOBAL DEFAULT    2 _svfprintf_r
   685: 8002192c    24 FUNC    GLOBAL DEFAULT    2 write
   799: 80021944   228 FUNC    GLOBAL DEFAULT    2 _vsnprintf_r
   582: 80021a28    28 FUNC    GLOBAL DEFAULT    2 vsnprintf
   483: 80021a44   228 FUNC    GLOBAL DEFAULT    2 _wcrtomb_r
   732: 80021b28    16 FUNC    GLOBAL DEFAULT    2 _wcsrtombs_r
   841: 80021b38   280 FUNC    GLOBAL DEFAULT    2 __utf8_wctomb
   787: 80021c50   440 FUNC    GLOBAL DEFAULT    2 __swsetup_r
   737: 80021e08   508 FUNC    GLOBAL DEFAULT    2 __call_exitprocs
   438: 80022004   576 FUNC    LOCAL  DEFAULT    2 quorem
   833: 80022244  4920 FUNC    GLOBAL DEFAULT    2 _dtoa_r
   897: 8002357c   836 FUNC    GLOBAL DEFAULT    2 __sflush_r
   810: 800238c0   264 FUNC    GLOBAL DEFAULT    2 _fflush_r
   440: 800239c8   156 FUNC    LOCAL  DEFAULT    2 std
   554: 80023a64    12 FUNC    GLOBAL DEFAULT    2 _cleanup_r
   722: 80023a70    88 FUNC    GLOBAL DEFAULT    2 __sfp_lock_acquire
   972: 80023ac8    12 FUNC    GLOBAL DEFAULT    2 __sfp_lock_release
  1043: 80023ad4    88 FUNC    GLOBAL DEFAULT    2 __sinit_lock_acquire
   487: 80023b2c   152 FUNC    GLOBAL DEFAULT    2 __sinit
   854: 80023bc4   312 FUNC    GLOBAL DEFAULT    2 _malloc_trim_r
   728: 80023cfc   812 FUNC    GLOBAL DEFAULT    2 _free_r
   597: 80024028  1464 FUNC    GLOBAL DEFAULT    2 __sfvwrite_r
   959: 800245e0   212 FUNC    GLOBAL DEFAULT    2 _fwalk_reent
   444: 800246b4   320 FUNC    LOCAL  DEFAULT    2 rshift
  1005: 800247f4  2104 FUNC    GLOBAL DEFAULT    2 __gethex
   661: 8002502c    80 FUNC    GLOBAL DEFAULT    2 __match
   548: 8002507c   700 FUNC    GLOBAL DEFAULT    2 __hexnan
   519: 80025338     8 FUNC    GLOBAL DEFAULT    2 __localeconv_l
   593: 80025340    44 FUNC    GLOBAL DEFAULT    2 _localeconv_r
   924: 8002536c   220 FUNC    GLOBAL DEFAULT    2 __swhatbuf_r
   993: 80025448   336 FUNC    GLOBAL DEFAULT    2 __smakebuf_r
   724: 80025598   236 FUNC    GLOBAL DEFAULT    2 memchr
   508: 80025684   224 FUNC    GLOBAL DEFAULT    2 _Balloc
  1047: 80025764    36 FUNC    GLOBAL DEFAULT    2 _Bfree
  1044: 80025788   312 FUNC    GLOBAL DEFAULT    2 __multadd
   638: 800258c0   312 FUNC    GLOBAL DEFAULT    2 __s2b
   670: 800259f8   108 FUNC    GLOBAL DEFAULT    2 __hi0bits
  1026: 80025a64   188 FUNC    GLOBAL DEFAULT    2 __lo0bits
   596: 80025b20    60 FUNC    GLOBAL DEFAULT    2 __i2b
   765: 80025b5c   584 FUNC    GLOBAL DEFAULT    2 __multiply
   696: 80025da4   364 FUNC    GLOBAL DEFAULT    2 __pow5mult
   749: 80025f10   348 FUNC    GLOBAL DEFAULT    2 __lshift
   640: 8002606c    88 FUNC    GLOBAL DEFAULT    2 __mcmp
   962: 800260c4   496 FUNC    GLOBAL DEFAULT    2 __mdiff
   907: 800262b4   156 FUNC    GLOBAL DEFAULT    2 __ulp
   620: 80026350   388 FUNC    GLOBAL DEFAULT    2 __b2d
   769: 800264d4   396 FUNC    GLOBAL DEFAULT    2 __d2b
   572: 80026660   208 FUNC    GLOBAL DEFAULT    2 __ratio
   794: 80026730   144 FUNC    GLOBAL DEFAULT    2 __copybits
   467: 800267c0   136 FUNC    GLOBAL DEFAULT    2 __any_on
   892: 80026848    12 FUNC    GLOBAL DEFAULT    2 nanf
   800: 80026854   116 FUNC    GLOBAL DEFAULT    2 __sread
   952: 800268c8   184 FUNC    GLOBAL DEFAULT    2 __swrite
   486: 80026980   112 FUNC    GLOBAL DEFAULT    2 __sseek
   830: 800269f0     8 FUNC    GLOBAL DEFAULT    2 __sclose
   754: 800269f8   588 FUNC    GLOBAL DEFAULT    2 __ssprint_r
   856: 80026c44   484 FUNC    GLOBAL DEFAULT    2 _wcsnrtombs_l
   880: 80026e28    36 FUNC    GLOBAL DEFAULT    2 _wcsnrtombs_r
   609: 80026e4c   508 FUNC    GLOBAL DEFAULT    2 _fclose_r
   779: 80027048   236 FUNC    GLOBAL DEFAULT    2 _close_r
   524: 80027134   176 FUNC    GLOBAL DEFAULT    2 _fstat_r
   468: 800271e4     8 FUNC    GLOBAL DEFAULT    2 _isatty_r
   474: 800271ec   224 FUNC    GLOBAL DEFAULT    2 _lseek_r
   607: 800272cc   196 FUNC    GLOBAL DEFAULT    2 _read_r
   599: 80027390    44 FUNC    GLOBAL DEFAULT    2 _sbrk_r
   881: 800273bc   196 FUNC    GLOBAL DEFAULT    2 _write_r
   843: 80027480    84 FUNC    GLOBAL DEFAULT    2 __flockfile
   982: 800274d4     8 FUNC    GLOBAL DEFAULT    2 __funlockfile
   655: 800274dc   228 FUNC    GLOBAL DEFAULT    2 __release_handle
   828: 800275c0    36 FUNC    GLOBAL DEFAULT    2 __get_handle
    59: 800275e4     0 FUNC    LOCAL  DEFAULT    2 __do_global_ctors_aux
   884: 80027640     0 FUNC    GLOBAL DEFAULT    3 __fini
