   666: 80003270     0 FUNC    GLOBAL DEFAULT    1 __init
   920: 800046e0    72 FUNC    GLOBAL HIDDEN     2 __eabi
    47: 80004728     0 FUNC    LOCAL  DEFAULT    2 deregister_tm_clones
    48: 80004758     0 FUNC    LOCAL  DEFAULT    2 register_tm_clones
    49: 80004794     0 FUNC    LOCAL  DEFAULT    2 __do_global_dtors_aux
    52: 80004864     0 FUNC    LOCAL  DEFAULT    2 frame_dummy
   872: 800048ac    64 FUNC    GLOBAL DEFAULT    2 __crtmain
   617: 800048ec   248 FUNC    GLOBAL DEFAULT    2 _ZN6Engine10runCommandEPKcS1_
   769: 800049e4   384 FUNC    GLOBAL DEFAULT    2 _ZN6Engine3runEPKc
   824: 80004b64    72 FUNC    GLOBAL DEFAULT    2 _ZN6Engine6putIntEi
  1020: 80004bac    72 FUNC    GLOBAL DEFAULT    2 _ZN6Engine8putFloatEf
  1004: 80004bf4    76 FUNC    GLOBAL DEFAULT    2 _ZN6Engine8putStackE10StackValue
   816: 80004c40   332 FUNC    GLOBAL DEFAULT    2 _ZN6Engine10readSFloatEv
   626: 80004d8c   292 FUNC    GLOBAL DEFAULT    2 _ZN6Engine8readSIntEv
   538: 80004eb0   288 FUNC    GLOBAL DEFAULT    2 _ZN6Engine9readStackEv
  1016: 80004fd0   320 FUNC    GLOBAL DEFAULT    2 _ZN6Engine10readUFloatEv
   907: 80005110   316 FUNC    GLOBAL DEFAULT    2 _ZN6Engine8readUIntEv
   651: 8000524c   348 FUNC    GLOBAL DEFAULT    2 _ZN6Engine15prepareStackArgEv
   669: 800053a8   792 FUNC    GLOBAL DEFAULT    2 _ZN6Engine14prepareNextArgEv
   847: 800056c0    48 FUNC    GLOBAL DEFAULT    2 _ZN6Engine8getStackEv
   850: 800056f0    48 FUNC    GLOBAL DEFAULT    2 _ZN6Engine7getSIntEv
   579: 80005720    48 FUNC    GLOBAL DEFAULT    2 _ZN6Engine7getUIntEv
  1028: 80005750    48 FUNC    GLOBAL DEFAULT    2 _ZN6Engine9getSFloatEv
   632: 80005780    20 FUNC    GLOBAL DEFAULT    2 _ZN6Engine12runtimeErrorEPKc
   566: 80005794   488 FUNC    GLOBAL DEFAULT    2 _ZN6Engine9dumpStackEPci
  1029: 8000597c   244 FUNC    GLOBAL DEFAULT    2 _Z14processRequestPKc
   582: 80005a70    52 FUNC    GLOBAL DEFAULT    2 _ZN6Engine7cmd_intEv
   793: 80005aa4    72 FUNC    GLOBAL DEFAULT    2 _ZN6Engine8cmd_addiEv
   901: 80005aec    72 FUNC    GLOBAL DEFAULT    2 _ZN6Engine8cmd_muliEv
   604: 80005b34    48 FUNC    GLOBAL DEFAULT    2 _ZN6Engine9cmd_floatEv
   460: 80005b64    72 FUNC    GLOBAL DEFAULT    2 _ZN6Engine8cmd_addfEv
   684: 80005bac    72 FUNC    GLOBAL DEFAULT    2 _ZN6Engine8cmd_mulfEv
   895: 80005bf4     4 FUNC    GLOBAL DEFAULT    2 _ZN6Engine7cmd_delEv
   722: 80005bf8   108 FUNC    GLOBAL DEFAULT    2 _ZN6Engine7cmd_dupEv
   694: 80005c64    64 FUNC    GLOBAL DEFAULT    2 _ZN6Engine9cmd_stackEv
   660: 80005ca4   140 FUNC    GLOBAL DEFAULT    2 _ZN6Engine7cmd_rptEv
   778: 80005d30    92 FUNC    GLOBAL DEFAULT    2 _ZN6Engine8cmd_dropEv
   723: 80005d8c   208 FUNC    GLOBAL DEFAULT    2 _ZN6Engine8cmd_polyEv
   980: 80005e5c   308 FUNC    GLOBAL DEFAULT    2 _ZN6Engine10cmd_weightEv
   994: 80005f90   292 FUNC    GLOBAL DEFAULT    2 _ZN6Engine11cmd_inspectEv
   835: 800060b4   184 FUNC    GLOBAL DEFAULT    2 _ZN6Engine9cmd_locknEv
   786: 8000616c   200 FUNC    GLOBAL DEFAULT    2 _ZN6Engine8cmd_setnEv
   812: 80006234   528 FUNC    GLOBAL DEFAULT    2 _ZN6Engine8cmd_getnEv
   181: 80006444   428 FUNC    LOCAL  DEFAULT    2 _ZZN6Engine8cmd_userEvENKUliiiE_clEiii.isra.0
   682: 800065f0   484 FUNC    GLOBAL DEFAULT    2 _ZN6Engine8cmd_userEv
   183: 800067d4    12 FUNC    LOCAL  DEFAULT    2 _ZL12oc_if_func11v
   184: 800067e0    40 FUNC    LOCAL  DEFAULT    2 _GLOBAL__sub_I__Z7sleepNsy
   466: 80006808   164 FUNC    GLOBAL DEFAULT    2 _ZN15CustomArgParser7setTextEPKcS1_
   784: 800068ac   100 FUNC    GLOBAL DEFAULT    2 _ZN15CustomArgParser8getQuantEv
   607: 80006910   208 FUNC    GLOBAL DEFAULT    2 _ZN15CustomArgParser16decompressBase64Ev
   189: 800069e0   284 FUNC    LOCAL  DEFAULT    2 _ZL14ugTransferBulkiPvib
   190: 80006afc   100 FUNC    LOCAL  DEFAULT    2 _ZL12oc_if_func98v
   504: 80006b60   224 FUNC    GLOBAL DEFAULT    2 _Z7ugFlushi
   856: 80006c40     8 FUNC    GLOBAL DEFAULT    2 _Z14ugSendBlockingiPKvi
   574: 80006c48     8 FUNC    GLOBAL DEFAULT    2 _Z14ugRecvBlockingiPvi
   191: 80006c50    40 FUNC    LOCAL  DEFAULT    2 _GLOBAL__sub_I__Z7ugProbei
   805: 80006c78   476 FUNC    GLOBAL DEFAULT    2 main
  1002: 80006e54   476 FUNC    GLOBAL DEFAULT    2 _Z12base64DecodePKcPPvPi
   197: 80007030    88 FUNC    LOCAL  DEFAULT    2 __exi_irq_handler
   198: 80007088   200 FUNC    LOCAL  DEFAULT    2 __ext_irq_handler
   199: 80007150   320 FUNC    LOCAL  DEFAULT    2 __tc_irq_handler
   200: 80007290   508 FUNC    LOCAL  DEFAULT    2 __exi_probe
   201: 8000748c   248 FUNC    LOCAL  DEFAULT    2 __exi_attach
   742: 80007584   536 FUNC    GLOBAL DEFAULT    2 EXI_Lock
   854: 8000779c   552 FUNC    GLOBAL DEFAULT    2 EXI_Unlock
   497: 800079c4   584 FUNC    GLOBAL DEFAULT    2 EXI_Select
   705: 80007c0c   372 FUNC    GLOBAL DEFAULT    2 EXI_Deselect
   797: 80007d80   216 FUNC    GLOBAL DEFAULT    2 EXI_Sync
   921: 80007e58   452 FUNC    GLOBAL DEFAULT    2 EXI_Imm
   509: 8000801c   212 FUNC    GLOBAL DEFAULT    2 EXI_ImmEx
   971: 800080f0   364 FUNC    GLOBAL DEFAULT    2 EXI_Dma
   768: 8000825c   216 FUNC    GLOBAL DEFAULT    2 EXI_Detach
   891: 80008334   824 FUNC    GLOBAL DEFAULT    2 EXI_GetID
   202: 8000866c    40 FUNC    LOCAL  DEFAULT    2 __unlocked_handler
   969: 80008694   112 FUNC    GLOBAL DEFAULT    2 EXI_ProbeReset
   596: 80008704   396 FUNC    GLOBAL DEFAULT    2 __exi_init
   938: 80008890    20 FUNC    GLOBAL DEFAULT    2 __reload
   209: 800088a4   188 FUNC    LOCAL  DEFAULT    2 __call_resetfuncs
   210: 80008960    20 FUNC    LOCAL  DEFAULT    2 __MEMInterruptHandler
   211: 80008974     4 FUNC    LOCAL  DEFAULT    2 __RSWDefaultHandler
   212: 80008978   244 FUNC    LOCAL  DEFAULT    2 __RSWHandler
   215: 80008a6c   296 FUNC    LOCAL  DEFAULT    2 __sram_write
   217: 80008b94   380 FUNC    LOCAL  DEFAULT    2 __unlocksram
   216: 80008d10    84 FUNC    LOCAL  DEFAULT    2 __sram_writecallback
   218: 80008d64    72 FUNC    LOCAL  DEFAULT    2 __mem_onreset
   219: 80008dac   240 FUNC    LOCAL  DEFAULT    2 __sys_alarmhandler
   220: 80008e9c   320 FUNC    LOCAL  DEFAULT    2 __sram_read.constprop.11
   615: 80008fdc     4 FUNC    WEAK   DEFAULT    2 __SYS_PreInit
   845: 80008fe0     4 FUNC    GLOBAL DEFAULT    2 SYS_PreMain
   833: 80008fe4    24 FUNC    GLOBAL DEFAULT    2 SYS_ResetButtonDown
   934: 80008ffc   772 FUNC    GLOBAL DEFAULT    2 SYS_ResetSystem
   539: 80009300    52 FUNC    GLOBAL DEFAULT    2 __libogc_exit
  1015: 80009334   120 FUNC    GLOBAL DEFAULT    2 SYS_RegisterResetFunc
   807: 800093ac  1808 FUNC    GLOBAL DEFAULT    2 SYS_Init
   798: 80009abc    56 FUNC    GLOBAL DEFAULT    2 SYS_SetArena1Lo
   638: 80009af4    56 FUNC    GLOBAL DEFAULT    2 SYS_GetArena1Lo
   688: 80009b2c    56 FUNC    GLOBAL DEFAULT    2 SYS_GetArena1Hi
   844: 80009b64   288 FUNC    GLOBAL DEFAULT    2 SYS_CreateAlarm
   732: 80009c84   496 FUNC    GLOBAL DEFAULT    2 SYS_SetAlarm
   876: 80009e74   208 FUNC    GLOBAL DEFAULT    2 SYS_CancelAlarm
   704: 80009f44   148 FUNC    GLOBAL DEFAULT    2 SYS_SetWirelessID
   537: 80009fd8   160 FUNC    GLOBAL DEFAULT    2 SYS_GetWirelessID
   492: 8000a078    20 FUNC    GLOBAL DEFAULT    2 __lwp_cond_init
   584: 8000a08c     4 FUNC    GLOBAL DEFAULT    2 __decrementer_init
   837: 8000a090    12 FUNC    GLOBAL DEFAULT    2 c_decrementer_handler
   588: 8000a09c    20 FUNC    GLOBAL DEFAULT    2 __lwp_mqbox_init
   233: 8000a0b0   352 FUNC    LOCAL  DEFAULT    2 __si_transfer
   234: 8000a210   224 FUNC    LOCAL  DEFAULT    2 __si_alarmhandler
   235: 8000a2f0   468 FUNC    LOCAL  DEFAULT    2 __si_completetransfer
   236: 8000a4c4   232 FUNC    LOCAL  DEFAULT    2 __si_transfernext
   610: 8000a5ac    24 FUNC    GLOBAL DEFAULT    2 SI_Busy
   929: 8000a5c4    56 FUNC    GLOBAL DEFAULT    2 SI_IsChanBusy
   595: 8000a5fc   100 FUNC    GLOBAL DEFAULT    2 SI_SetXY
   718: 8000a660   132 FUNC    GLOBAL DEFAULT    2 SI_EnablePolling
   822: 8000a6e4    88 FUNC    GLOBAL DEFAULT    2 SI_DisablePolling
   890: 8000a73c   228 FUNC    GLOBAL DEFAULT    2 SI_SetSamplingRate
   525: 8000a820     8 FUNC    GLOBAL DEFAULT    2 SI_RefreshSamplingRate
   491: 8000a828   120 FUNC    GLOBAL DEFAULT    2 SI_GetStatus
   550: 8000a8a0   128 FUNC    GLOBAL DEFAULT    2 SI_GetResponseRaw
   997: 8000a920   184 FUNC    GLOBAL DEFAULT    2 SI_GetResponse
   644: 8000a9d8    16 FUNC    GLOBAL DEFAULT    2 SI_SetCommand
   802: 8000a9e8   664 FUNC    GLOBAL DEFAULT    2 SI_Transfer
   238: 8000ac80   724 FUNC    LOCAL  DEFAULT    2 __si_gettypecallback
   239: 8000af54   624 FUNC    LOCAL  DEFAULT    2 __si_interrupthandler
   673: 8000b1c4   472 FUNC    GLOBAL DEFAULT    2 SI_GetType
   578: 8000b39c   312 FUNC    GLOBAL DEFAULT    2 SI_GetTypeAsync
   917: 8000b4d4   172 FUNC    GLOBAL DEFAULT    2 SI_EnablePollingInterrupt
   668: 8000b580   220 FUNC    GLOBAL DEFAULT    2 SI_UnregisterPollingHandler
   870: 8000b65c   248 FUNC    GLOBAL DEFAULT    2 __si_init
   983: 8000b754     8 FUNC    GLOBAL DEFAULT    2 gettick
   918: 8000b75c    24 FUNC    GLOBAL DEFAULT    2 gettime
   978: 8000b774   136 FUNC    GLOBAL DEFAULT    2 diff_usec
   923: 8000b7fc    28 FUNC    GLOBAL DEFAULT    2 __timesystem_init
   753: 8000b818   172 FUNC    GLOBAL DEFAULT    2 udelay
   817: 8000b8c4   368 FUNC    GLOBAL DEFAULT    2 __libogc_nanosleep
   957: 8000ba34   212 FUNC    GLOBAL DEFAULT    2 __libogc_gettod_r
   498: 8000bb08   120 FUNC    GLOBAL DEFAULT    2 __libogc_lock_init
   532: 8000bb80   100 FUNC    GLOBAL DEFAULT    2 __libogc_lock_close
   956: 8000bbe4    32 FUNC    GLOBAL DEFAULT    2 __libogc_lock_acquire
   567: 8000bc04    32 FUNC    GLOBAL DEFAULT    2 __libogc_lock_release
   594: 8000bc24    16 FUNC    GLOBAL DEFAULT    2 __libc_create_hook
   608: 8000bc34   156 FUNC    GLOBAL DEFAULT    2 __libc_start_hook
   747: 8000bcd0   252 FUNC    GLOBAL DEFAULT    2 __libc_delete_hook
   650: 8000bdcc   176 FUNC    GLOBAL DEFAULT    2 __libc_init
   507: 8000be7c   224 FUNC    GLOBAL DEFAULT    2 __libogc_sbrk_r
   685: 8000bf5c   124 FUNC    GLOBAL DEFAULT    2 __memlock_init
   655: 8000bfd8   504 FUNC    GLOBAL DEFAULT    2 __libogc_malloc_lock
   625: 8000c1d0   100 FUNC    GLOBAL DEFAULT    2 __libogc_malloc_unlock
   887: 8000c234   128 FUNC    GLOBAL DEFAULT    2 __CheckARGV
   889: 8000c2b4    36 FUNC    GLOBAL DEFAULT    2 __lwp_priority_init
   480: 8000c2d8    96 FUNC    GLOBAL DEFAULT    2 __lwp_queue_initialize
   916: 8000c338   116 FUNC    GLOBAL DEFAULT    2 __lwp_queue_get
   944: 8000c3ac    76 FUNC    GLOBAL DEFAULT    2 __lwp_queue_append
   952: 8000c3f8   324 FUNC    GLOBAL DEFAULT    2 __lwp_threadqueue_enqueuefifo
   715: 8000c53c   332 FUNC    GLOBAL DEFAULT    2 __lwp_threadqueue_dequeuefifo
   557: 8000c688   992 FUNC    GLOBAL DEFAULT    2 __lwp_threadqueue_enqueuepriority
   488: 8000ca68   472 FUNC    GLOBAL DEFAULT    2 __lwp_threadqueue_dequeuepriority
   489: 8000cc40   100 FUNC    GLOBAL DEFAULT    2 __lwp_threadqueue_init
   687: 8000cca4   312 FUNC    GLOBAL DEFAULT    2 __lwp_threadqueue_enqueue
   641: 8000cddc    36 FUNC    GLOBAL DEFAULT    2 __lwp_threadqueue_dequeue
   838: 8000ce00    76 FUNC    GLOBAL DEFAULT    2 __lwp_threadqueue_flush
   613: 8000ce4c   232 FUNC    GLOBAL DEFAULT    2 __lwp_threadqueue_extractfifo
   646: 8000cf34   320 FUNC    GLOBAL DEFAULT    2 __lwp_threadqueue_extractpriority
   657: 8000d074    28 FUNC    GLOBAL DEFAULT    2 __lwp_threadqueue_extract
   268: 8000d090   136 FUNC    LOCAL  DEFAULT    2 __lwp_threadqueue_timeout
   542: 8000d118    68 FUNC    GLOBAL DEFAULT    2 __lwp_threadqueue_extractproxy
   806: 8000d15c     8 FUNC    GLOBAL DEFAULT    2 __lwp_isr_in_progress
   477: 8000d164   136 FUNC    GLOBAL DEFAULT    2 __thread_dispatch_fp
   609: 8000d1ec   272 FUNC    GLOBAL DEFAULT    2 __thread_dispatch
   555: 8000d2fc   236 FUNC    GLOBAL DEFAULT    2 __lwp_thread_resettimeslice
   977: 8000d3e8   204 FUNC    GLOBAL DEFAULT    2 __lwp_thread_tickle_timeslice
   948: 8000d4b4   376 FUNC    GLOBAL DEFAULT    2 __lwp_thread_setstate
   577: 8000d62c   228 FUNC    GLOBAL DEFAULT    2 __lwp_thread_clearstate
   975: 8000d710    72 FUNC    GLOBAL DEFAULT    2 __lwp_thread_delayended
   698: 8000d758   180 FUNC    GLOBAL DEFAULT    2 __lwp_thread_settransient
  1005: 8000d80c   504 FUNC    GLOBAL DEFAULT    2 __lwp_thread_changepriority
   674: 8000da04   244 FUNC    GLOBAL DEFAULT    2 __lwp_thread_ready
  1012: 8000daf8   384 FUNC    GLOBAL DEFAULT    2 __lwp_thread_init
   875: 8000dc78   304 FUNC    GLOBAL DEFAULT    2 __lwp_thread_close
   573: 8000dda8   184 FUNC    GLOBAL DEFAULT    2 __lwp_thread_closeall
   648: 8000de60    92 FUNC    GLOBAL DEFAULT    2 __lwp_thread_exit
   270: 8000debc   180 FUNC    LOCAL  DEFAULT    2 __lwp_thread_handler
   580: 8000df70   212 FUNC    GLOBAL DEFAULT    2 __lwp_thread_start
   902: 8000e044   176 FUNC    GLOBAL DEFAULT    2 __lwp_thread_startmultitasking
   951: 8000e0f4    88 FUNC    GLOBAL DEFAULT    2 __lwp_thread_stopmultitasking
   562: 8000e14c   176 FUNC    GLOBAL DEFAULT    2 __lwp_thread_coreinit
   273: 8000e1fc     4 FUNC    LOCAL  DEFAULT    2 idle_func
   861: 8000e200   280 FUNC    GLOBAL DEFAULT    2 __lwp_sysinit
  1026: 8000e318   336 FUNC    GLOBAL DEFAULT    2 LWP_InitQueue
   899: 8000e468   272 FUNC    GLOBAL DEFAULT    2 LWP_ThreadSleep
   493: 8000e578   136 FUNC    GLOBAL DEFAULT    2 LWP_ThreadBroadcast
   930: 8000e600    96 FUNC    GLOBAL DEFAULT    2 __lwp_stack_allocate
   725: 8000e660    28 FUNC    GLOBAL DEFAULT    2 __lwp_stack_free
   763: 8000e67c   164 FUNC    GLOBAL DEFAULT    2 __lwp_mutex_initialize
   681: 8000e720   372 FUNC    GLOBAL DEFAULT    2 __lwp_mutex_surrender
   893: 8000e894   260 FUNC    GLOBAL DEFAULT    2 __lwp_mutex_seize_irq_blocking
   529: 8000e998     4 FUNC    GLOBAL DEFAULT    2 __lwp_mutex_flush
   277: 8000e99c   216 FUNC    LOCAL  DEFAULT    2 __lwp_wd_settimer.isra.4
   771: 8000ea74    44 FUNC    GLOBAL DEFAULT    2 __lwp_watchdog_init
   589: 8000eaa0   484 FUNC    GLOBAL DEFAULT    2 __lwp_wd_insert
   843: 8000ec84   324 FUNC    GLOBAL DEFAULT    2 __lwp_wd_remove
   703: 8000edc8   288 FUNC    GLOBAL DEFAULT    2 __lwp_wd_tickle
   699: 8000eee8   196 FUNC    GLOBAL DEFAULT    2 __lwp_wkspace_init
   534: 8000efac   420 FUNC    GLOBAL DEFAULT    2 __lwp_objmgr_initinfo
   987: 8000f150    96 FUNC    GLOBAL DEFAULT    2 __lwp_objmgr_getisrdisable
   927: 8000f1b0    36 FUNC    GLOBAL DEFAULT    2 __lwp_objmgr_getnoprotection
   832: 8000f1d4   112 FUNC    GLOBAL DEFAULT    2 __lwp_objmgr_get
   825: 8000f244   136 FUNC    GLOBAL DEFAULT    2 __lwp_objmgr_allocate
   494: 8000f2cc    96 FUNC    GLOBAL DEFAULT    2 __lwp_objmgr_free
   474: 8000f32c   164 FUNC    GLOBAL DEFAULT    2 __lwp_heap_init
   853: 8000f3d0   364 FUNC    GLOBAL DEFAULT    2 __lwp_heap_allocate
   750: 8000f53c   392 FUNC    GLOBAL DEFAULT    2 __lwp_heap_free
   514: 8000f6c4   164 FUNC    GLOBAL DEFAULT    2 __exception_load
   950: 8000f768    32 FUNC    GLOBAL DEFAULT    2 __systemcall_init
   689: 8000f788   216 FUNC    GLOBAL DEFAULT    2 __exception_init
   559: 8000f860   172 FUNC    GLOBAL DEFAULT    2 __exception_close
   731: 8000f90c    84 FUNC    GLOBAL DEFAULT    2 __exception_closeall
  1018: 8000f960  1108 FUNC    GLOBAL DEFAULT    2 c_default_exceptionhandler
   289: 8000fdb4   652 FUNC    LOCAL  DEFAULT    2 __SetInterrupts
   735: 80010040   624 FUNC    GLOBAL DEFAULT    2 c_irqdispatcher
   737: 800102b0   132 FUNC    GLOBAL DEFAULT    2 __UnmaskIrq
   721: 80010334   132 FUNC    GLOBAL DEFAULT    2 __MaskIrq
  1003: 800103b8   156 FUNC    GLOBAL DEFAULT    2 __irq_init
   931: 80010454    80 FUNC    GLOBAL DEFAULT    2 IRQ_Request
   749: 800104a4    68 FUNC    GLOBAL DEFAULT    2 IRQ_GetHandler
   811: 800104e8    20 FUNC    GLOBAL DEFAULT    2 __lwp_sema_init
   846: 800104fc   572 FUNC    GLOBAL DEFAULT    2 VIDEO_SetFramebuffer
   642: 80010738   120 FUNC    GLOBAL DEFAULT    2 VIDEO_GetCurrentTvMode
   706: 800107b0   156 FUNC    GLOBAL DEFAULT    2 VIDEO_GetCurrentLine
   304: 8001084c   260 FUNC    LOCAL  DEFAULT    2 SPEC0_MakeStatus
   305: 80010950   260 FUNC    LOCAL  DEFAULT    2 SPEC1_MakeStatus
   306: 80010a54   596 FUNC    LOCAL  DEFAULT    2 SPEC2_MakeStatus
   307: 80010ca8     4 FUNC    LOCAL  DEFAULT    2 __pad_samplinghandler
   308: 80010cac    80 FUNC    LOCAL  DEFAULT    2 __pad_doreset
   312: 80010cfc   160 FUNC    LOCAL  DEFAULT    2 __pad_updateorigin
   313: 80010d9c   192 FUNC    LOCAL  DEFAULT    2 __pad_disable
   318: 80010e5c    92 FUNC    LOCAL  DEFAULT    2 __pad_enable
   311: 80010eb8   356 FUNC    LOCAL  DEFAULT    2 __pad_typeandstatuscallback
   324: 8001101c    72 FUNC    LOCAL  DEFAULT    2 __pad_probecallback
   321: 80011064    56 FUNC    LOCAL  DEFAULT    2 __pad_origincallback
   325: 8001109c   120 FUNC    LOCAL  DEFAULT    2 __pad_originupdatecallback
   326: 80011114   136 FUNC    LOCAL  DEFAULT    2 __pad_receivecheckcallback
   327: 8001119c    84 FUNC    LOCAL  DEFAULT    2 PAD_SetSpec.part.3
   329: 800111f0   264 FUNC    LOCAL  DEFAULT    2 __pad_onreset
   533: 800112f8    88 FUNC    GLOBAL DEFAULT    2 __PADDisableRecalibration
   717: 80011350   240 FUNC    GLOBAL DEFAULT    2 PAD_Reset
   520: 80011440   764 FUNC    GLOBAL DEFAULT    2 PAD_Read
   906: 8001173c   208 FUNC    GLOBAL DEFAULT    2 PAD_Init
   738: 8001180c   340 FUNC    GLOBAL DEFAULT    2 PAD_ScanPads
   709: 80011960    56 FUNC    GLOBAL DEFAULT    2 PAD_ButtonsDown
   338: 80011998   660 FUNC    LOCAL  DEFAULT    2 __lwp_mutex_locksupp.constprop.8
   726: 80011c2c    20 FUNC    GLOBAL DEFAULT    2 __lwp_mutex_init
   821: 80011c40   228 FUNC    GLOBAL DEFAULT    2 LWP_MutexInit
   530: 80011d24   240 FUNC    GLOBAL DEFAULT    2 LWP_MutexDestroy
   962: 80011e14     8 FUNC    GLOBAL DEFAULT    2 LWP_MutexLock
   770: 80011e1c   156 FUNC    GLOBAL DEFAULT    2 LWP_MutexUnlock
   343: 80011eb8   160 FUNC    LOCAL  DEFAULT    2 __GX_WaitAbort
   912: 80011f58   512 FUNC    GLOBAL DEFAULT    2 GX_AbortFrame
   347: 80012158   828 FUNC    LOCAL  DEFAULT    2 number
   636: 80012494  1888 FUNC    GLOBAL DEFAULT    2 kvsprintf
   919: 80012bf4   172 FUNC    GLOBAL DEFAULT    2 kprintf
   349: 80012ca0   132 FUNC    LOCAL  DEFAULT    2 __console_clear_line
   351: 80012d24    84 FUNC    LOCAL  DEFAULT    2 __console_clear
   757: 80012d78  1800 FUNC    GLOBAL DEFAULT    2 __console_write
   546: 80013480   264 FUNC    GLOBAL DEFAULT    2 __console_init
   483: 80013588   256 FUNC    GLOBAL DEFAULT    2 CON_EnableGecko
   358: 80013688    48 FUNC    LOCAL  DEFAULT    2 __usbgecko_exi_unlock
   360: 800136b8   200 FUNC    LOCAL  DEFAULT    2 __usb_sendbyte
   868: 80013780   192 FUNC    GLOBAL DEFAULT    2 __usb_checksend
   468: 80013840   440 FUNC    GLOBAL DEFAULT    2 usb_isgeckoalive
  1021: 800139f8   400 FUNC    GLOBAL DEFAULT    2 usb_sendbuffer_ex
   680: 80013b88     8 FUNC    GLOBAL DEFAULT    2 usb_sendbuffer
   639: 80013b90   416 FUNC    GLOBAL DEFAULT    2 usb_sendbuffer_safe_ex
   857: 80013d30     8 FUNC    GLOBAL DEFAULT    2 usb_sendbuffer_safe
   363: 80013d38   152 FUNC    LOCAL  DEFAULT    2 _ZL16get_adjusted_ptrPKSt9type_infoS1_PPv
   364: 80013dd0   324 FUNC    LOCAL  DEFAULT    2 _ZL28read_encoded_value_with_basehjPKhPj
   365: 80013f14   260 FUNC    LOCAL  DEFAULT    2 _ZL15get_ttype_entryP16lsda_header_infom
   366: 80014018   184 FUNC    LOCAL  DEFAULT    2 _ZL20check_exception_specP16lsda_header_infoPKSt9type_infoPvl
   367: 800140d0   112 FUNC    LOCAL  DEFAULT    2 _ZL21base_of_encoded_valuehP15_Unwind_Context
   368: 80014140   308 FUNC    LOCAL  DEFAULT    2 _ZL17parse_lsda_headerP15_Unwind_ContextPKhP16lsda_header_info
   664: 80014274  1720 FUNC    GLOBAL DEFAULT    2 __gxx_personality_v0
   531: 8001492c   248 FUNC    GLOBAL DEFAULT    2 __cxa_call_unexpected
   502: 80014a24     4 FUNC    GLOBAL DEFAULT    2 _ZNSt9exceptionD2Ev
   932: 80014a24     4 FUNC    GLOBAL DEFAULT    2 _ZNSt9exceptionD1Ev
   637: 80014a28     4 FUNC    GLOBAL DEFAULT    2 _ZNSt13bad_exceptionD2Ev
   836: 80014a28     4 FUNC    GLOBAL DEFAULT    2 _ZNSt13bad_exceptionD1Ev
   744: 80014a2c    12 FUNC    GLOBAL DEFAULT    2 _ZGTtNKSt13bad_exception4whatEv
   823: 80014a2c    12 FUNC    GLOBAL DEFAULT    2 _ZNKSt13bad_exception4whatEv
   909: 80014a38     8 FUNC    GLOBAL DEFAULT    2 _ZNSt13bad_exceptionD0Ev
   678: 80014a40     4 FUNC    GLOBAL DEFAULT    2 _ZdlPvj
   370: 80014a44   140 FUNC    LOCAL  DEFAULT    2 _ZL23__gxx_exception_cleanup19_Unwind_Reason_CodeP17_Unwind_Exception
   792: 80014ad0   156 FUNC    GLOBAL DEFAULT    2 __cxa_throw
   479: 80014b6c   140 FUNC    GLOBAL DEFAULT    2 __cxa_rethrow
   903: 80014bf8   196 FUNC    GLOBAL DEFAULT    2 __cxa_begin_catch
   635: 80014cbc   188 FUNC    GLOBAL DEFAULT    2 __cxa_end_catch
   883: 80014d78    12 FUNC    WEAK   DEFAULT    2 _ZNK9__gnu_cxx24__concurrence_lock_error4whatEv
   576: 80014d84    12 FUNC    WEAK   DEFAULT    2 _ZNK9__gnu_cxx26__concurrence_unlock_error4whatEv
   739: 80014d90    16 FUNC    WEAK   DEFAULT    2 _ZN9__gnu_cxx24__concurrence_lock_errorD2Ev
   967: 80014d90    16 FUNC    WEAK   DEFAULT    2 _ZN9__gnu_cxx24__concurrence_lock_errorD1Ev
   620: 80014da0    16 FUNC    WEAK   DEFAULT    2 _ZN9__gnu_cxx26__concurrence_unlock_errorD1Ev
   884: 80014da0    16 FUNC    WEAK   DEFAULT    2 _ZN9__gnu_cxx26__concurrence_unlock_errorD2Ev
   535: 80014db0    64 FUNC    WEAK   DEFAULT    2 _ZN9__gnu_cxx24__concurrence_lock_errorD0Ev
   597: 80014df0    64 FUNC    WEAK   DEFAULT    2 _ZN9__gnu_cxx26__concurrence_unlock_errorD0Ev
   515: 80014e30    52 FUNC    WEAK   DEFAULT    2 _ZN9__gnu_cxx30__throw_concurrence_lock_errorEv
   540: 80014e64    52 FUNC    WEAK   DEFAULT    2 _ZN9__gnu_cxx32__throw_concurrence_unlock_errorEv
   372: 80014e98   376 FUNC    LOCAL  DEFAULT    2 _ZN12_GLOBAL__N_14pool4freeEPv.constprop.3
   373: 80015010   308 FUNC    LOCAL  DEFAULT    2 _ZN12_GLOBAL__N_14pool8allocateEj.constprop.4
   911: 80015144   100 FUNC    GLOBAL DEFAULT    2 __cxa_allocate_exception
   461: 800151a8    48 FUNC    GLOBAL DEFAULT    2 __cxa_free_exception
   374: 800151d8   132 FUNC    LOCAL  DEFAULT    2 _GLOBAL__sub_I__ZN9__gnu_cxx9__freeresEv
   375: 8001525c    64 FUNC    LOCAL  DEFAULT    2 _GLOBAL__sub_D__ZN9__gnu_cxx9__freeresEv
   619: 8001529c     4 FUNC    GLOBAL DEFAULT    2 _ZdlPv
   486: 800152a0    16 FUNC    GLOBAL DEFAULT    2 _ZN10__cxxabiv120__si_class_type_infoD2Ev
   772: 800152a0    16 FUNC    GLOBAL DEFAULT    2 _ZN10__cxxabiv120__si_class_type_infoD1Ev
   858: 800152b0    64 FUNC    GLOBAL DEFAULT    2 _ZN10__cxxabiv120__si_class_type_infoD0Ev
   943: 800152f0   164 FUNC    GLOBAL DEFAULT    2 _ZNK10__cxxabiv120__si_class_type_info20__do_find_public_srcEiPKvPKNS_17__class_type_infoES2_
   746: 80015394   400 FUNC    GLOBAL DEFAULT    2 _ZNK10__cxxabiv120__si_class_type_info12__do_dyncastEiNS_17__class_type_info10__sub_kindEPKS1_PKvS4_S6_RNS1_16__dyncast_resultE
   758: 80015524   148 FUNC    GLOBAL DEFAULT    2 _ZNK10__cxxabiv120__si_class_type_info11__do_upcastEPKNS_17__class_type_infoEPKvRNS1_15__upcast_resultE
   874: 800155b8    88 FUNC    GLOBAL DEFAULT    2 __cxa_call_terminate
   378: 80015610   104 FUNC    LOCAL  DEFAULT    2 _ZL15eh_globals_dtorPv
   810: 80015678    76 FUNC    GLOBAL DEFAULT    2 __cxa_get_globals_fast
   972: 800156c4   188 FUNC    GLOBAL DEFAULT    2 __cxa_get_globals
   379: 80015780    96 FUNC    LOCAL  DEFAULT    2 _GLOBAL__sub_I___cxa_get_globals_fast
   380: 800157e0    64 FUNC    LOCAL  DEFAULT    2 _GLOBAL__sub_D___cxa_get_globals_fast
   946: 80015820    68 FUNC    GLOBAL DEFAULT    2 _ZN10__cxxabiv111__terminateEPFvvE
   645: 80015864    36 FUNC    GLOBAL DEFAULT    2 _ZSt9terminatev
   905: 80015888    24 FUNC    GLOBAL DEFAULT    2 _ZN10__cxxabiv112__unexpectedEPFvvE
   463: 800158a0    36 FUNC    GLOBAL DEFAULT    2 _ZSt10unexpectedv
   691: 800158c4    24 FUNC    GLOBAL DEFAULT    2 _ZSt13get_terminatev
   888: 800158dc    24 FUNC    GLOBAL DEFAULT    2 _ZSt14get_unexpectedv
   672: 800158f4     4 FUNC    GLOBAL DEFAULT    2 _ZNSt9type_infoD1Ev
   756: 800158f4     4 FUNC    GLOBAL DEFAULT    2 _ZNSt9type_infoD2Ev
   462: 800158f8     8 FUNC    GLOBAL DEFAULT    2 _ZNKSt9type_info15__is_function_pEv
   781: 800158f8     8 FUNC    GLOBAL DEFAULT    2 _ZNKSt9type_info14__is_pointer_pEv
   707: 80015900   120 FUNC    GLOBAL DEFAULT    2 _ZNK10__cxxabiv117__class_type_info11__do_upcastEPKS0_PPv
   552: 80015978    20 FUNC    GLOBAL DEFAULT    2 _ZNK10__cxxabiv117__class_type_info20__do_find_public_srcEiPKvPKS0_S2_
   556: 8001598c    16 FUNC    GLOBAL DEFAULT    2 _ZN10__cxxabiv117__class_type_infoD1Ev
   904: 8001598c    16 FUNC    GLOBAL DEFAULT    2 _ZN10__cxxabiv117__class_type_infoD2Ev
  1025: 8001599c    64 FUNC    GLOBAL DEFAULT    2 _ZN10__cxxabiv117__class_type_infoD0Ev
   701: 800159dc   280 FUNC    GLOBAL DEFAULT    2 _ZNK10__cxxabiv117__class_type_info12__do_dyncastEiNS0_10__sub_kindEPKS0_PKvS3_S5_RNS0_16__dyncast_resultE
   618: 80015af4   124 FUNC    GLOBAL DEFAULT    2 _ZNK10__cxxabiv117__class_type_info11__do_upcastEPKS0_PKvRNS0_15__upcast_resultE
   592: 80015b70   228 FUNC    GLOBAL DEFAULT    2 _ZNK10__cxxabiv117__class_type_info10__do_catchEPKSt9type_infoPPvj
   628: 80015c54   956 FUNC    GLOBAL HIDDEN     2 __udivdi3
   616: 80016010   880 FUNC    GLOBAL HIDDEN     2 __umoddi3
   570: 80016380    32 FUNC    GLOBAL HIDDEN     2 __gthread_active_p
   623: 800163a0    32 FUNC    GLOBAL HIDDEN     2 __gthread_once
   495: 800163c0    32 FUNC    GLOBAL HIDDEN     2 __gthread_key_create
   864: 800163e0    72 FUNC    GLOBAL HIDDEN     2 __gthread_key_delete
   968: 80016428    72 FUNC    GLOBAL HIDDEN     2 __gthread_getspecific
   572: 80016470    72 FUNC    GLOBAL HIDDEN     2 __gthread_setspecific
   862: 800164b8    24 FUNC    GLOBAL HIDDEN     2 __gthread_mutex_init_function
   788: 800164d0    32 FUNC    GLOBAL HIDDEN     2 __gthread_mutex_destroy
   565: 800164f0    32 FUNC    GLOBAL HIDDEN     2 __gthread_mutex_lock
   961: 80016510    32 FUNC    GLOBAL HIDDEN     2 __gthread_mutex_unlock
   384: 80016530   324 FUNC    LOCAL  DEFAULT    2 read_encoded_value_with_base
   385: 80016674   116 FUNC    LOCAL  DEFAULT    2 base_of_encoded_value
   386: 800166e8  2400 FUNC    LOCAL  DEFAULT    2 execute_cfa_program
   387: 80017048  1188 FUNC    LOCAL  DEFAULT    2 uw_frame_state_for
   388: 800174ec   468 FUNC    LOCAL  DEFAULT    2 init_dwarf_reg_size_table
   389: 800176c0  2004 FUNC    LOCAL  DEFAULT    2 execute_stack_op
   390: 80017e94  1008 FUNC    LOCAL  DEFAULT    2 uw_update_context_1
   391: 80018284   728 FUNC    LOCAL  DEFAULT    2 uw_init_context_1
   392: 8001855c   188 FUNC    LOCAL  DEFAULT    2 uw_update_context
   393: 80018618   276 FUNC    LOCAL  DEFAULT    2 _Unwind_RaiseException_Phase2
   394: 8001872c   356 FUNC    LOCAL  DEFAULT    2 _Unwind_ForcedUnwind_Phase2
   395: 80018890   492 FUNC    LOCAL  DEFAULT    2 uw_install_context_1
   940: 80018a7c   100 FUNC    GLOBAL HIDDEN     2 _Unwind_SetGR
   476: 80018ae0    20 FUNC    GLOBAL HIDDEN     2 _Unwind_GetIPInfo
   796: 80018af4     8 FUNC    GLOBAL HIDDEN     2 _Unwind_SetIP
   897: 80018afc     8 FUNC    GLOBAL HIDDEN     2 _Unwind_GetLanguageSpecificData
   519: 80018b04     8 FUNC    GLOBAL HIDDEN     2 _Unwind_GetRegionStart
   992: 80018b0c     8 FUNC    GLOBAL HIDDEN     2 _Unwind_GetDataRelBase
   873: 80018b14     8 FUNC    GLOBAL HIDDEN     2 _Unwind_GetTextRelBase
   396: 80018b1c     4 FUNC    LOCAL  DEFAULT    2 _Unwind_DebugHook
   775: 80018b20   624 FUNC    GLOBAL HIDDEN     2 _Unwind_RaiseException
   696: 80018d90   476 FUNC    GLOBAL HIDDEN     2 _Unwind_Resume
   503: 80018f6c   480 FUNC    GLOBAL HIDDEN     2 _Unwind_Resume_or_Rethrow
   697: 8001914c    28 FUNC    GLOBAL HIDDEN     2 _Unwind_DeleteException
   400: 80019168    32 FUNC    LOCAL  DEFAULT    2 fde_unencoded_compare
   401: 80019188   348 FUNC    LOCAL  DEFAULT    2 frame_downheap
   402: 800192e4   216 FUNC    LOCAL  DEFAULT    2 frame_heapsort
   403: 800193bc    12 FUNC    LOCAL  DEFAULT    2 init_object_mutex
   404: 800193c8   100 FUNC    LOCAL  DEFAULT    2 size_of_encoded_value
   405: 8001942c   324 FUNC    LOCAL  DEFAULT    2 read_encoded_value_with_base
   406: 80019570   352 FUNC    LOCAL  DEFAULT    2 get_cie_encoding
   407: 800196d0   108 FUNC    LOCAL  DEFAULT    2 base_from_object.isra.5
   408: 8001973c   180 FUNC    LOCAL  DEFAULT    2 fde_single_encoding_compare
   409: 800197f0   432 FUNC    LOCAL  DEFAULT    2 classify_object_over_fdes
   410: 800199a0   420 FUNC    LOCAL  DEFAULT    2 add_fdes
   411: 80019b44   488 FUNC    LOCAL  DEFAULT    2 linear_search_fdes
   412: 80019d2c   228 FUNC    LOCAL  DEFAULT    2 fde_mixed_encoding_compare
   413: 80019e10  2028 FUNC    LOCAL  DEFAULT    2 search_object
   414: 8001a5fc   132 FUNC    LOCAL  DEFAULT    2 __register_frame_info_bases.part.6
   415: 8001a680   372 FUNC    LOCAL  DEFAULT    2 __deregister_frame_info_bases.part.8
  1009: 8001a7f4    32 FUNC    GLOBAL HIDDEN     2 __register_frame_info
   690: 8001a814    32 FUNC    GLOBAL HIDDEN     2 __deregister_frame_info
   472: 8001a834   560 FUNC    GLOBAL HIDDEN     2 _Unwind_Find_FDE
   631: 8001aa64    40 FUNC    GLOBAL DEFAULT    2 abort
   423: 8001aa8c     8 FUNC    LOCAL  DEFAULT    2 null_write
   964: 8001aa94    44 FUNC    GLOBAL DEFAULT    2 _exit
   859: 8001aac0   164 FUNC    GLOBAL DEFAULT    2 build_argv
   547: 8001ab64    32 FUNC    GLOBAL DEFAULT    2 __libc_lock_init
   790: 8001ab84    32 FUNC    GLOBAL DEFAULT    2 __libc_lock_close
   510: 8001aba4    32 FUNC    GLOBAL DEFAULT    2 __libc_lock_release
   933: 8001abc4    32 FUNC    GLOBAL DEFAULT    2 __libc_lock_acquire
   787: 8001abe4    24 FUNC    GLOBAL DEFAULT    2 __malloc_lock
   490: 8001abfc    24 FUNC    GLOBAL DEFAULT    2 __malloc_unlock
   667: 8001ac14    20 FUNC    GLOBAL DEFAULT    2 calloc
   800: 8001ac28   196 FUNC    GLOBAL DEFAULT    2 _calloc_r
   939: 8001acec    64 FUNC    GLOBAL DEFAULT    2 exit
   719: 8001ad2c    44 FUNC    GLOBAL DEFAULT    2 __locale_mb_cur_max
   979: 8001ad58     8 FUNC    GLOBAL DEFAULT    2 __locale_ctype_ptr_l
   571: 8001ad60    16 FUNC    GLOBAL DEFAULT    2 malloc
  1022: 8001ad70    16 FUNC    GLOBAL DEFAULT    2 free
   819: 8001ad80  2220 FUNC    GLOBAL DEFAULT    2 _malloc_r
   799: 8001b62c  1500 FUNC    GLOBAL DEFAULT    2 __utf8_mbtowc
   544: 8001bc08   256 FUNC    GLOBAL DEFAULT    2 memcpy
   500: 8001bd08   312 FUNC    GLOBAL DEFAULT    2 memmove
   804: 8001be40   260 FUNC    GLOBAL DEFAULT    2 memset
   471: 8001bf44   324 FUNC    GLOBAL DEFAULT    2 _puts_r
   561: 8001c088    16 FUNC    GLOBAL DEFAULT    2 puts
   759: 8001c098    20 FUNC    GLOBAL DEFAULT    2 realloc
   622: 8001c0ac  1560 FUNC    GLOBAL DEFAULT    2 _realloc_r
   469: 8001c6c4    76 FUNC    GLOBAL DEFAULT    2 cleanup_glue
   658: 8001c710   312 FUNC    GLOBAL DEFAULT    2 _reclaim_reent
   548: 8001c848   760 FUNC    GLOBAL DEFAULT    2 setvbuf
   505: 8001cb40   360 FUNC    GLOBAL DEFAULT    2 snprintf
   988: 8001cca8   352 FUNC    GLOBAL DEFAULT    2 strchr
   849: 8001ce08   168 FUNC    GLOBAL DEFAULT    2 strcmp
   467: 8001ceb0   132 FUNC    GLOBAL DEFAULT    2 strcpy
   976: 8001cf34   140 FUNC    GLOBAL DEFAULT    2 strlen
   779: 8001cfc0   136 FUNC    GLOBAL DEFAULT    2 strncat
   745: 8001d048   268 FUNC    GLOBAL DEFAULT    2 strncmp
   643: 8001d154    80 FUNC    GLOBAL DEFAULT    2 strnlen
   425: 8001d1a4   132 FUNC    LOCAL  DEFAULT    2 sulp
   652: 8001d228  5052 FUNC    GLOBAL DEFAULT    2 _strtod_l
   863: 8001e5e4   176 FUNC    GLOBAL DEFAULT    2 strtof
   430: 8001e694   596 FUNC    LOCAL  DEFAULT    2 _strtol_l.isra.0
   640: 8001e8e8    64 FUNC    GLOBAL DEFAULT    2 strtol
   553: 8001e928  8936 FUNC    GLOBAL DEFAULT    2 _svfprintf_r
   676: 80020c10    24 FUNC    GLOBAL DEFAULT    2 write
   481: 80020c28   228 FUNC    GLOBAL DEFAULT    2 _wcrtomb_r
   720: 80020d0c    16 FUNC    GLOBAL DEFAULT    2 _wcsrtombs_r
   826: 80020d1c   280 FUNC    GLOBAL DEFAULT    2 __utf8_wctomb
   773: 80020e34   440 FUNC    GLOBAL DEFAULT    2 __swsetup_r
   724: 80020fec   508 FUNC    GLOBAL DEFAULT    2 __call_exitprocs
   435: 800211e8   576 FUNC    LOCAL  DEFAULT    2 quorem
   818: 80021428  4920 FUNC    GLOBAL DEFAULT    2 _dtoa_r
   882: 80022760   836 FUNC    GLOBAL DEFAULT    2 __sflush_r
   795: 80022aa4   264 FUNC    GLOBAL DEFAULT    2 _fflush_r
   437: 80022bac   156 FUNC    LOCAL  DEFAULT    2 std
   551: 80022c48    12 FUNC    GLOBAL DEFAULT    2 _cleanup_r
   710: 80022c54    88 FUNC    GLOBAL DEFAULT    2 __sfp_lock_acquire
   954: 80022cac    12 FUNC    GLOBAL DEFAULT    2 __sfp_lock_release
  1023: 80022cb8    88 FUNC    GLOBAL DEFAULT    2 __sinit_lock_acquire
   485: 80022d10   152 FUNC    GLOBAL DEFAULT    2 __sinit
   839: 80022da8   312 FUNC    GLOBAL DEFAULT    2 _malloc_trim_r
   716: 80022ee0   812 FUNC    GLOBAL DEFAULT    2 _free_r
   591: 8002320c  1464 FUNC    GLOBAL DEFAULT    2 __sfvwrite_r
   942: 800237c4   212 FUNC    GLOBAL DEFAULT    2 _fwalk_reent
   441: 80023898   320 FUNC    LOCAL  DEFAULT    2 rshift
   985: 800239d8  2104 FUNC    GLOBAL DEFAULT    2 __gethex
   653: 80024210    80 FUNC    GLOBAL DEFAULT    2 __match
   545: 80024260   700 FUNC    GLOBAL DEFAULT    2 __hexnan
   517: 8002451c     8 FUNC    GLOBAL DEFAULT    2 __localeconv_l
   587: 80024524    44 FUNC    GLOBAL DEFAULT    2 _localeconv_r
   908: 80024550   220 FUNC    GLOBAL DEFAULT    2 __swhatbuf_r
   973: 8002462c   336 FUNC    GLOBAL DEFAULT    2 __smakebuf_r
   712: 8002477c   236 FUNC    GLOBAL DEFAULT    2 memchr
   506: 80024868   224 FUNC    GLOBAL DEFAULT    2 _Balloc
  1027: 80024948    36 FUNC    GLOBAL DEFAULT    2 _Bfree
  1024: 8002496c   312 FUNC    GLOBAL DEFAULT    2 __multadd
   630: 80024aa4   312 FUNC    GLOBAL DEFAULT    2 __s2b
   661: 80024bdc   108 FUNC    GLOBAL DEFAULT    2 __hi0bits
  1006: 80024c48   188 FUNC    GLOBAL DEFAULT    2 __lo0bits
   590: 80024d04    60 FUNC    GLOBAL DEFAULT    2 __i2b
   751: 80024d40   584 FUNC    GLOBAL DEFAULT    2 __multiply
   686: 80024f88   364 FUNC    GLOBAL DEFAULT    2 __pow5mult
   736: 800250f4   348 FUNC    GLOBAL DEFAULT    2 __lshift
   633: 80025250    88 FUNC    GLOBAL DEFAULT    2 __mcmp
   945: 800252a8   496 FUNC    GLOBAL DEFAULT    2 __mdiff
   892: 80025498   156 FUNC    GLOBAL DEFAULT    2 __ulp
   614: 80025534   388 FUNC    GLOBAL DEFAULT    2 __b2d
   755: 800256b8   396 FUNC    GLOBAL DEFAULT    2 __d2b
   568: 80025844   208 FUNC    GLOBAL DEFAULT    2 __ratio
   780: 80025914   144 FUNC    GLOBAL DEFAULT    2 __copybits
   464: 800259a4   136 FUNC    GLOBAL DEFAULT    2 __any_on
   877: 80025a2c    12 FUNC    GLOBAL DEFAULT    2 nanf
   785: 80025a38   116 FUNC    GLOBAL DEFAULT    2 __sread
   935: 80025aac   184 FUNC    GLOBAL DEFAULT    2 __swrite
   484: 80025b64   112 FUNC    GLOBAL DEFAULT    2 __sseek
   815: 80025bd4     8 FUNC    GLOBAL DEFAULT    2 __sclose
   741: 80025bdc   588 FUNC    GLOBAL DEFAULT    2 __ssprint_r
   841: 80025e28   484 FUNC    GLOBAL DEFAULT    2 _wcsnrtombs_l
   865: 8002600c    36 FUNC    GLOBAL DEFAULT    2 _wcsnrtombs_r
   603: 80026030   508 FUNC    GLOBAL DEFAULT    2 _fclose_r
   765: 8002622c   236 FUNC    GLOBAL DEFAULT    2 _close_r
   522: 80026318   176 FUNC    GLOBAL DEFAULT    2 _fstat_r
   465: 800263c8     8 FUNC    GLOBAL DEFAULT    2 _isatty_r
   473: 800263d0   224 FUNC    GLOBAL DEFAULT    2 _lseek_r
   601: 800264b0   196 FUNC    GLOBAL DEFAULT    2 _read_r
   593: 80026574    44 FUNC    GLOBAL DEFAULT    2 _sbrk_r
   866: 800265a0   196 FUNC    GLOBAL DEFAULT    2 _write_r
   828: 80026664    84 FUNC    GLOBAL DEFAULT    2 __flockfile
   963: 800266b8     8 FUNC    GLOBAL DEFAULT    2 __funlockfile
   647: 800266c0   228 FUNC    GLOBAL DEFAULT    2 __release_handle
   813: 800267a4    36 FUNC    GLOBAL DEFAULT    2 __get_handle
    57: 800267c8     0 FUNC    LOCAL  DEFAULT    2 __do_global_ctors_aux
   869: 80026820     0 FUNC    GLOBAL DEFAULT    3 __fini
